Archive member included to satisfy reference by file (symbol)

/Users/kroko/Library/Application Support/Code/User/globalStorage/bmd.stm32-for-vscode/@xpack-dev-tools/arm-none-eabi-gcc/13.3.1-1.1.1/.content/bin/../lib/gcc/arm-none-eabi/13.3.1/../../../../arm-none-eabi/lib/thumb/v7e-m+fp/hard/libc_nano.a(libc_a-atexit.o)
                              /Users/kroko/Library/Application Support/Code/User/globalStorage/bmd.stm32-for-vscode/@xpack-dev-tools/arm-none-eabi-gcc/13.3.1-1.1.1/.content/bin/../lib/gcc/arm-none-eabi/13.3.1/../../../../arm-none-eabi/lib/thumb/v7e-m+fp/hard/crt0.o (atexit)
/Users/kroko/Library/Application Support/Code/User/globalStorage/bmd.stm32-for-vscode/@xpack-dev-tools/arm-none-eabi-gcc/13.3.1-1.1.1/.content/bin/../lib/gcc/arm-none-eabi/13.3.1/../../../../arm-none-eabi/lib/thumb/v7e-m+fp/hard/libc_nano.a(libc_a-exit.o)
                              /Users/kroko/Library/Application Support/Code/User/globalStorage/bmd.stm32-for-vscode/@xpack-dev-tools/arm-none-eabi-gcc/13.3.1-1.1.1/.content/bin/../lib/gcc/arm-none-eabi/13.3.1/../../../../arm-none-eabi/lib/thumb/v7e-m+fp/hard/crt0.o (exit)
/Users/kroko/Library/Application Support/Code/User/globalStorage/bmd.stm32-for-vscode/@xpack-dev-tools/arm-none-eabi-gcc/13.3.1-1.1.1/.content/bin/../lib/gcc/arm-none-eabi/13.3.1/../../../../arm-none-eabi/lib/thumb/v7e-m+fp/hard/libc_nano.a(libc_a-sprintf.o)
                              build/debug/main.o (sprintf)
/Users/kroko/Library/Application Support/Code/User/globalStorage/bmd.stm32-for-vscode/@xpack-dev-tools/arm-none-eabi-gcc/13.3.1-1.1.1/.content/bin/../lib/gcc/arm-none-eabi/13.3.1/../../../../arm-none-eabi/lib/thumb/v7e-m+fp/hard/libc_nano.a(libc_a-findfp.o)
                              /Users/kroko/Library/Application Support/Code/User/globalStorage/bmd.stm32-for-vscode/@xpack-dev-tools/arm-none-eabi-gcc/13.3.1-1.1.1/.content/bin/../lib/gcc/arm-none-eabi/13.3.1/../../../../arm-none-eabi/lib/thumb/v7e-m+fp/hard/libc_nano.a(libc_a-exit.o) (__stdio_exit_handler)
/Users/kroko/Library/Application Support/Code/User/globalStorage/bmd.stm32-for-vscode/@xpack-dev-tools/arm-none-eabi-gcc/13.3.1-1.1.1/.content/bin/../lib/gcc/arm-none-eabi/13.3.1/../../../../arm-none-eabi/lib/thumb/v7e-m+fp/hard/libc_nano.a(libc_a-fwalk.o)
                              /Users/kroko/Library/Application Support/Code/User/globalStorage/bmd.stm32-for-vscode/@xpack-dev-tools/arm-none-eabi-gcc/13.3.1-1.1.1/.content/bin/../lib/gcc/arm-none-eabi/13.3.1/../../../../arm-none-eabi/lib/thumb/v7e-m+fp/hard/libc_nano.a(libc_a-findfp.o) (_fwalk_sglue)
/Users/kroko/Library/Application Support/Code/User/globalStorage/bmd.stm32-for-vscode/@xpack-dev-tools/arm-none-eabi-gcc/13.3.1-1.1.1/.content/bin/../lib/gcc/arm-none-eabi/13.3.1/../../../../arm-none-eabi/lib/thumb/v7e-m+fp/hard/libc_nano.a(libc_a-memset.o)
                              /Users/kroko/Library/Application Support/Code/User/globalStorage/bmd.stm32-for-vscode/@xpack-dev-tools/arm-none-eabi-gcc/13.3.1-1.1.1/.content/bin/../lib/gcc/arm-none-eabi/13.3.1/../../../../arm-none-eabi/lib/thumb/v7e-m+fp/hard/crt0.o (memset)
/Users/kroko/Library/Application Support/Code/User/globalStorage/bmd.stm32-for-vscode/@xpack-dev-tools/arm-none-eabi-gcc/13.3.1-1.1.1/.content/bin/../lib/gcc/arm-none-eabi/13.3.1/../../../../arm-none-eabi/lib/thumb/v7e-m+fp/hard/libc_nano.a(libc_a-mktime.o)
                              build/debug/queue.o (mktime)
/Users/kroko/Library/Application Support/Code/User/globalStorage/bmd.stm32-for-vscode/@xpack-dev-tools/arm-none-eabi-gcc/13.3.1-1.1.1/.content/bin/../lib/gcc/arm-none-eabi/13.3.1/../../../../arm-none-eabi/lib/thumb/v7e-m+fp/hard/libc_nano.a(libc_a-errno.o)
                              build/debug/syscalls.o (__errno)
/Users/kroko/Library/Application Support/Code/User/globalStorage/bmd.stm32-for-vscode/@xpack-dev-tools/arm-none-eabi-gcc/13.3.1-1.1.1/.content/bin/../lib/gcc/arm-none-eabi/13.3.1/../../../../arm-none-eabi/lib/thumb/v7e-m+fp/hard/libc_nano.a(libc_a-init.o)
                              /Users/kroko/Library/Application Support/Code/User/globalStorage/bmd.stm32-for-vscode/@xpack-dev-tools/arm-none-eabi-gcc/13.3.1-1.1.1/.content/bin/../lib/gcc/arm-none-eabi/13.3.1/../../../../arm-none-eabi/lib/thumb/v7e-m+fp/hard/crt0.o (__libc_init_array)
/Users/kroko/Library/Application Support/Code/User/globalStorage/bmd.stm32-for-vscode/@xpack-dev-tools/arm-none-eabi-gcc/13.3.1-1.1.1/.content/bin/../lib/gcc/arm-none-eabi/13.3.1/../../../../arm-none-eabi/lib/thumb/v7e-m+fp/hard/libc_nano.a(libc_a-fini.o)
                              /Users/kroko/Library/Application Support/Code/User/globalStorage/bmd.stm32-for-vscode/@xpack-dev-tools/arm-none-eabi-gcc/13.3.1-1.1.1/.content/bin/../lib/gcc/arm-none-eabi/13.3.1/../../../../arm-none-eabi/lib/thumb/v7e-m+fp/hard/crt0.o (__libc_fini_array)
[...]
Memory Configuration

Name             Origin             Length             Attributes
RAM              0x20000000         0x00008000         xrw
RAM2             0x10000000         0x00002000         xrw
FLASH            0x08000000         0x00020000         xr
*default*        0x00000000         0xffffffff

Linker script and memory map

LOAD /Users/kroko/Library/Application Support/Code/User/globalStorage/bmd.stm32-for-vscode/@xpack-dev-tools/arm-none-eabi-gcc/13.3.1-1.1.1/.content/bin/../lib/gcc/arm-none-eabi/13.3.1/thumb/v7e-m+fp/hard/crti.o
LOAD /Users/kroko/Library/Application Support/Code/User/globalStorage/bmd.stm32-for-vscode/@xpack-dev-tools/arm-none-eabi-gcc/13.3.1-1.1.1/.content/bin/../lib/gcc/arm-none-eabi/13.3.1/thumb/v7e-m+fp/hard/crtbegin.o
LOAD /Users/kroko/Library/Application Support/Code/User/globalStorage/bmd.stm32-for-vscode/@xpack-dev-tools/arm-none-eabi-gcc/13.3.1-1.1.1/.content/bin/../lib/gcc/arm-none-eabi/13.3.1/../../../../arm-none-eabi/lib/thumb/v7e-m+fp/hard/crt0.o
LOAD build/debug/EPD.o
LOAD build/debug/EPD_Conf.o
LOAD build/debug/EPD_GUI.o
LOAD build/debug/buttons.o
LOAD build/debug/ds18b20.o
LOAD build/debug/font12.o
LOAD build/debug/font16.o
LOAD build/debug/font20.o
LOAD build/debug/font24.o
LOAD build/debug/font8.o
LOAD build/debug/main.o
LOAD build/debug/onewire.o
LOAD build/debug/queue.o
LOAD build/debug/stm32l4xx_hal.o
LOAD build/debug/stm32l4xx_hal_adc.o
LOAD build/debug/stm32l4xx_hal_adc_ex.o
LOAD build/debug/stm32l4xx_hal_cortex.o
LOAD build/debug/stm32l4xx_hal_dma.o
LOAD build/debug/stm32l4xx_hal_dma_ex.o
LOAD build/debug/stm32l4xx_hal_exti.o
LOAD build/debug/stm32l4xx_hal_flash.o
LOAD build/debug/stm32l4xx_hal_flash_ex.o
LOAD build/debug/stm32l4xx_hal_flash_ramfunc.o
LOAD build/debug/stm32l4xx_hal_gpio.o
LOAD build/debug/stm32l4xx_hal_i2c.o
LOAD build/debug/stm32l4xx_hal_i2c_ex.o
LOAD build/debug/stm32l4xx_hal_msp.o
LOAD build/debug/stm32l4xx_hal_pcd.o
LOAD build/debug/stm32l4xx_hal_pcd_ex.o
LOAD build/debug/stm32l4xx_hal_pwr.o
LOAD build/debug/stm32l4xx_hal_pwr_ex.o
LOAD build/debug/stm32l4xx_hal_rcc.o
LOAD build/debug/stm32l4xx_hal_rcc_ex.o
LOAD build/debug/stm32l4xx_hal_rtc.o
LOAD build/debug/stm32l4xx_hal_rtc_ex.o
LOAD build/debug/stm32l4xx_hal_spi.o
LOAD build/debug/stm32l4xx_hal_spi_ex.o
LOAD build/debug/stm32l4xx_hal_uart.o
LOAD build/debug/stm32l4xx_hal_uart_ex.o
LOAD build/debug/stm32l4xx_it.o
LOAD build/debug/stm32l4xx_ll_usb.o
LOAD build/debug/syscalls.o
LOAD build/debug/sysmem.o
LOAD build/debug/system_stm32l4xx.o
LOAD build/debug/usb_device.o
LOAD build/debug/usbd_cdc.o
LOAD build/debug/usbd_cdc_if.o
LOAD build/debug/usbd_conf.o
LOAD build/debug/usbd_core.o
LOAD build/debug/usbd_ctlreq.o
LOAD build/debug/usbd_desc.o
LOAD build/debug/usbd_ioreq.o
LOAD build/debug/startup_stm32l412xx.o
LOAD /Users/kroko/Library/Application Support/Code/User/globalStorage/bmd.stm32-for-vscode/@xpack-dev-tools/arm-none-eabi-gcc/13.3.1-1.1.1/.content/bin/../lib/gcc/arm-none-eabi/13.3.1/../../../../arm-none-eabi/lib/thumb/v7e-m+fp/hard/libc_nano.a
LOAD /Users/kroko/Library/Application Support/Code/User/globalStorage/bmd.stm32-for-vscode/@xpack-dev-tools/arm-none-eabi-gcc/13.3.1-1.1.1/.content/bin/../lib/gcc/arm-none-eabi/13.3.1/../../../../arm-none-eabi/lib/thumb/v7e-m+fp/hard/libm.a
LOAD /Users/kroko/Library/Application Support/Code/User/globalStorage/bmd.stm32-for-vscode/@xpack-dev-tools/arm-none-eabi-gcc/13.3.1-1.1.1/.content/bin/../lib/gcc/arm-none-eabi/13.3.1/../../../../arm-none-eabi/lib/thumb/v7e-m+fp/hard/libnosys.a
START GROUP
LOAD /Users/kroko/Library/Application Support/Code/User/globalStorage/bmd.stm32-for-vscode/@xpack-dev-tools/arm-none-eabi-gcc/13.3.1-1.1.1/.content/bin/../lib/gcc/arm-none-eabi/13.3.1/thumb/v7e-m+fp/hard/libgcc.a
LOAD /Users/kroko/Library/Application Support/Code/User/globalStorage/bmd.stm32-for-vscode/@xpack-dev-tools/arm-none-eabi-gcc/13.3.1-1.1.1/.content/bin/../lib/gcc/arm-none-eabi/13.3.1/../../../../arm-none-eabi/lib/thumb/v7e-m+fp/hard/libc_nano.a
END GROUP
START GROUP
LOAD /Users/kroko/Library/Application Support/Code/User/globalStorage/bmd.stm32-for-vscode/@xpack-dev-tools/arm-none-eabi-gcc/13.3.1-1.1.1/.content/bin/../lib/gcc/arm-none-eabi/13.3.1/thumb/v7e-m+fp/hard/libgcc.a
LOAD /Users/kroko/Library/Application Support/Code/User/globalStorage/bmd.stm32-for-vscode/@xpack-dev-tools/arm-none-eabi-gcc/13.3.1-1.1.1/.content/bin/../lib/gcc/arm-none-eabi/13.3.1/../../../../arm-none-eabi/lib/thumb/v7e-m+fp/hard/libc_nano.a
END GROUP
LOAD /Users/kroko/Library/Application Support/Code/User/globalStorage/bmd.stm32-for-vscode/@xpack-dev-tools/arm-none-eabi-gcc/13.3.1-1.1.1/.content/bin/../lib/gcc/arm-none-eabi/13.3.1/thumb/v7e-m+fp/hard/crtend.o
LOAD /Users/kroko/Library/Application Support/Code/User/globalStorage/bmd.stm32-for-vscode/@xpack-dev-tools/arm-none-eabi-gcc/13.3.1-1.1.1/.content/bin/../lib/gcc/arm-none-eabi/13.3.1/thumb/v7e-m+fp/hard/crtn.o
                0x20008000                        _estack = (ORIGIN (RAM) + LENGTH (RAM))
                0x00000400                        _Min_Heap_Size = 0x400
                0x00000600                        _Min_Stack_Size = 0x600

.ram2           0x10000000      0xfa0
                0x10000000                        _sram2 = .
 *(.ram2*)
 .ram2_bss      0x10000000      0xfa0 build/debug/main.o
                0x10000000                BlackImage
                0x10000fa0                        . = ALIGN (0x4)
                0x10000fa0                        _eram2 = .

.isr_vector     0x08000000      0x190
                0x08000000                        . = ALIGN (0x8)
 *(.isr_vector)
 .isr_vector    0x08000000      0x18c build/debug/startup_stm32l412xx.o
                0x08000000                g_pfnVectors
                0x08000190                        . = ALIGN (0x8)
 *fill*         0x0800018c        0x4 

.text           0x08000190     0xb708
                0x08000190                        . = ALIGN (0x8)
 *(.text)
 .text          0x08000190       0x14 /Users/kroko/Library/Application Support/Code/User/globalStorage/bmd.stm32-for-vscode/@xpack-dev-tools/arm-none-eabi-gcc/13.3.1-1.1.1/.content/bin/../lib/gcc/arm-none-eabi/13.3.1/../../../../arm-none-eabi/lib/thumb/v7e-m+fp/hard/libc_nano.a(libc_a-strcmp.o)
                0x08000190                strcmp
 .text          0x080001a4       0x10 /Users/kroko/Library/Application Support/Code/User/globalStorage/bmd.stm32-for-vscode/@xpack-dev-tools/arm-none-eabi-gcc/13.3.1-1.1.1/.content/bin/../lib/gcc/arm-none-eabi/13.3.1/../../../../arm-none-eabi/lib/thumb/v7e-m+fp/hard/libc_nano.a(libc_a-strlen.o)
                0x080001a4                strlen
 *fill*         0x080001b4        0xc 
 .text          0x080001c0       0xa0 /Users/kroko/Library/Application Support/Code/User/globalStorage/bmd.stm32-for-vscode/@xpack-dev-tools/arm-none-eabi-gcc/13.3.1-1.1.1/.content/bin/../lib/gcc/arm-none-eabi/13.3.1/../../../../arm-none-eabi/lib/thumb/v7e-m+fp/hard/libc_nano.a(libc_a-memchr.o)
                0x080001c0                memchr
 .text          0x08000260      0x378 /Users/kroko/Library/Application Support/Code/User/globalStorage/bmd.stm32-for-vscode/@xpack-dev-tools/arm-none-eabi-gcc/13.3.1-1.1.1/.content/bin/../lib/gcc/arm-none-eabi/13.3.1/thumb/v7e-m+fp/hard/libgcc.a(_arm_addsubdf3.o)
                0x08000260                __aeabi_drsub
                0x08000268                __subdf3
                0x08000268                __aeabi_dsub
                0x0800026c                __aeabi_dadd
                0x0800026c                __adddf3
                0x080004e4                __aeabi_ui2d
                0x080004e4                __floatunsidf
                0x08000504                __floatsidf
                0x08000504                __aeabi_i2d
                0x08000528                __extendsfdf2
                0x08000528                __aeabi_f2d
                0x0800056c                __aeabi_ul2d
                0x0800056c                __floatundidf
                0x0800057c                __aeabi_l2d
                0x0800057c                __floatdidf
 .text          0x080005d8      0x424 /Users/kroko/Library/Application Support/Code/User/globalStorage/bmd.stm32-for-vscode/@xpack-dev-tools/arm-none-eabi-gcc/13.3.1-1.1.1/.content/bin/../lib/gcc/arm-none-eabi/13.3.1/thumb/v7e-m+fp/hard/libgcc.a(_arm_muldivdf3.o)
                0x080005d8                __aeabi_dmul
                0x080005d8                __muldf3
                0x0800082c                __aeabi_ddiv
                0x0800082c                __divdf3
 .text          0x080009fc       0xa0 /Users/kroko/Library/Application Support/Code/User/globalStorage/bmd.stm32-for-vscode/@xpack-dev-tools/arm-none-eabi-gcc/13.3.1-1.1.1/.content/bin/../lib/gcc/arm-none-eabi/13.3.1/thumb/v7e-m+fp/hard/libgcc.a(_arm_truncdfsf2.o)
                0x080009fc                __aeabi_d2f
                0x080009fc                __truncdfsf2
 .text          0x08000a9c       0x30 /Users/kroko/Library/Application Support/Code/User/globalStorage/bmd.stm32-for-vscode/@xpack-dev-tools/arm-none-eabi-gcc/13.3.1-1.1.1/.content/bin/../lib/gcc/arm-none-eabi/13.3.1/thumb/v7e-m+fp/hard/libgcc.a(_aeabi_uldivmod.o)
                0x08000a9c                __aeabi_uldivmod
 .text          0x08000acc        0x4 /Users/kroko/Library/Application Support/Code/User/globalStorage/bmd.stm32-for-vscode/@xpack-dev-tools/arm-none-eabi-gcc/13.3.1-1.1.1/.content/bin/../lib/gcc/arm-none-eabi/13.3.1/thumb/v7e-m+fp/hard/libgcc.a(_dvmd_tls.o)
                0x08000acc                __aeabi_ldiv0
                0x08000acc                __aeabi_idiv0
 *(.text*)
 .text.__do_global_dtors_aux
                0x08000ad0       0x24 /Users/kroko/Library/Application Support/Code/User/globalStorage/bmd.stm32-for-vscode/@xpack-dev-tools/arm-none-eabi-gcc/13.3.1-1.1.1/.content/bin/../lib/gcc/arm-none-eabi/13.3.1/thumb/v7e-m+fp/hard/crtbegin.o
 .text.frame_dummy
                0x08000af4       0x1c /Users/kroko/Library/Application Support/Code/User/globalStorage/bmd.stm32-for-vscode/@xpack-dev-tools/arm-none-eabi-gcc/13.3.1-1.1.1/.content/bin/../lib/gcc/arm-none-eabi/13.3.1/thumb/v7e-m+fp/hard/crtbegin.o
 .text.EPD_Reset
                0x08000b10       0x3a build/debug/EPD.o
 .text.EPD_SendCommand
                0x08000b4a       0x30 build/debug/EPD.o
 .text.EPD_SendData
                0x08000b7a       0x30 build/debug/EPD.o
 .text.EPD_SetWindows
                0x08000baa       0x40 build/debug/EPD.o
 .text.EPD_SetCursor
                0x08000bea       0x26 build/debug/EPD.o
 .text.EPD_ReadBusy
                0x08000c10       0x20 build/debug/EPD.o
                0x08000c10                EPD_ReadBusy
 .text.EPD_LUT  0x08000c30       0x22 build/debug/EPD.o
 .text.EPD_2IN13_V2_LUT_by_host
                0x08000c52       0x52 build/debug/EPD.o
 .text.EPD_TurnOnDisplay
                0x08000ca4       0x1a build/debug/EPD.o
 *fill*         0x08000cbe        0x2 
 .text.EPD_Init
                0x08000cc0       0xa0 build/debug/EPD.o
                0x08000cc0                EPD_Init
 .text.EPD_Display_Base
                0x08000d60       0x5a build/debug/EPD.o
                0x08000d60                EPD_Display_Base
 .text.EPD_Sleep
                0x08000dba       0x16 build/debug/EPD.o
                0x08000dba                EPD_Sleep
 .text.EPD_Exit
                0x08000dd0       0x38 build/debug/EPD.o
                0x08000dd0                EPD_Exit
 .text.DEV_SPI_WriteByte
                0x08000e08       0x24 build/debug/EPD_Conf.o
                0x08000e08                DEV_SPI_WriteByte
 .text.EPD_NewImage
                0x08000e2c       0x50 build/debug/EPD_GUI.o
                0x08000e2c                EPD_NewImage
 .text.EPD_SelectImage
                0x08000e7c        0xc build/debug/EPD_GUI.o
                0x08000e7c                EPD_SelectImage
 .text.EPD_SetRotate
                0x08000e88       0x1c build/debug/EPD_GUI.o
                0x08000e88                EPD_SetRotate
 .text.EPD_SetPixel
                0x08000ea4      0x168 build/debug/EPD_GUI.o
                0x08000ea4                EPD_SetPixel
 .text.EPD_Clear
                0x0800100c       0xc4 build/debug/EPD_GUI.o
                0x0800100c                EPD_Clear
 .text.EPD_DrawPoint
                0x080010d0       0xc0 build/debug/EPD_GUI.o
                0x080010d0                EPD_DrawPoint
 .text.EPD_DrawLine
                0x08001190      0x104 build/debug/EPD_GUI.o
                0x08001190                EPD_DrawLine
 .text.EPD_DrawChar
                0x08001294       0xd4 build/debug/EPD_GUI.o
                0x08001294                EPD_DrawChar
 .text.EPD_DrawString_EN
                0x08001368       0x7c build/debug/EPD_GUI.o
                0x08001368                EPD_DrawString_EN
 .text.EPD_DrawDate
                0x080013e4      0x198 build/debug/EPD_GUI.o
                0x080013e4                EPD_DrawDate
 .text.EPD_DrawTime
                0x0800157c      0x110 build/debug/EPD_GUI.o
                0x0800157c                EPD_DrawTime
 .text.EPD_DrawBMP
                0x0800168c       0x46 build/debug/EPD_GUI.o
                0x0800168c                EPD_DrawBMP
 .text.tick     0x080016d2       0x98 build/debug/buttons.o
                0x080016d2                tick
 .text.isClicked
                0x0800176a        0xe build/debug/buttons.o
                0x0800176a                isClicked
 .text.CalculateChecksum
                0x08001778       0x3c build/debug/ds18b20.o
 .text.ExecuteCommand
                0x080017b4       0x72 build/debug/ds18b20.o
 .text.WaitForConversionFinished
                0x08001826       0x1c build/debug/ds18b20.o
 .text.DS18B20_ConvertT
                0x08001842       0x5e build/debug/ds18b20.o
                0x08001842                DS18B20_ConvertT
 .text.DS18B20_ReadScratchpad
                0x080018a0       0xb4 build/debug/ds18b20.o
                0x080018a0                DS18B20_ReadScratchpad
 .text.DS18B20_WriteScratchpad
                0x08001954       0x2a build/debug/ds18b20.o
                0x08001954                DS18B20_WriteScratchpad
 .text.DS18B20_InitializationCommand
                0x0800197e       0x22 build/debug/ds18b20.o
                0x0800197e                DS18B20_InitializationCommand
 .text.DS18B20_ReadRom
                0x080019a0       0x3a build/debug/ds18b20.o
                0x080019a0                DS18B20_ReadRom
 .text.DS18B20_SkipRom
                0x080019da       0x14 build/debug/ds18b20.o
                0x080019da                DS18B20_SkipRom
 .text.DS18B20_Init
                0x080019ee        0xc build/debug/ds18b20.o
                0x080019ee                DS18B20_Init
 *fill*         0x080019fa        0x2 
 .text.MX_GPIO_Init
                0x080019fc      0x134 build/debug/main.o
 .text.MX_DMA_Init
                0x08001b30       0x34 build/debug/main.o
 .text.map      0x08001b64       0x2c build/debug/main.o
                0x08001b64                map
 .text.plot     0x08001b90      0x58c build/debug/main.o
                0x08001b90                plot
 .text.shutdown
                0x0800211c       0x74 build/debug/main.o
                0x0800211c                shutdown
 .text.DS18_INIT
                0x08002190       0x54 build/debug/main.o
                0x08002190                DS18_INIT
 .text.DS18_GET
                0x080021e4       0x34 build/debug/main.o
                0x080021e4                DS18_GET
 .text.set_time
                0x08002218      0x29c build/debug/main.o
                0x08002218                set_time
 .text.Error_Handler
                0x080024b4        0x4 build/debug/main.o
                0x080024b4                Error_Handler
 .text.MX_SPI1_Init
                0x080024b8       0x50 build/debug/main.o
 .text.MX_RTC_Init
                0x08002508       0xac build/debug/main.o
 .text.MX_USART2_UART_Init
                0x080025b4       0x38 build/debug/main.o
 .text.MX_ADC1_Init
                0x080025ec       0x98 build/debug/main.o
 .text.SystemClock_Config
                0x08002684       0x84 build/debug/main.o
                0x08002684                SystemClock_Config
 .text.power_on
                0x08002708       0x24 build/debug/main.o
                0x08002708                power_on
 .text.main     0x0800272c      0x144 build/debug/main.o
                0x0800272c                main
 .text.SetBaudrate
                0x08002870       0xd4 build/debug/onewire.o
 .text.OneWire_ProcessBit
                0x08002944       0x3c build/debug/onewire.o
                0x08002944                OneWire_ProcessBit
 .text.OneWire_ProcessByte
                0x08002980       0x3e build/debug/onewire.o
                0x08002980                OneWire_ProcessByte
 .text.OneWire_Reset
                0x080029be       0x56 build/debug/onewire.o
                0x080029be                OneWire_Reset
 .text.q_init   0x08002a14       0x1c build/debug/queue.o
                0x08002a14                q_init
 .text.q_push   0x08002a30       0xe4 build/debug/queue.o
                0x08002a30                q_push
 .text.q_get    0x08002b14       0x20 build/debug/queue.o
                0x08002b14                q_get
 .text.q_save   0x08002b34       0x74 build/debug/queue.o
                0x08002b34                q_save
 .text.q_load   0x08002ba8       0x9c build/debug/queue.o
                0x08002ba8                q_load
 .text.q_len    0x08002c44        0xc build/debug/queue.o
                0x08002c44                q_len
 .text.HAL_InitTick
                0x08002c50       0x50 build/debug/stm32l4xx_hal.o
                0x08002c50                HAL_InitTick
 .text.HAL_Init
                0x08002ca0       0x2c build/debug/stm32l4xx_hal.o
                0x08002ca0                HAL_Init
 .text.HAL_IncTick
                0x08002ccc       0x18 build/debug/stm32l4xx_hal.o
                0x08002ccc                HAL_IncTick
 .text.HAL_GetTick
                0x08002ce4        0xc build/debug/stm32l4xx_hal.o
                0x08002ce4                HAL_GetTick
 .text.HAL_Delay
                0x08002cf0       0x28 build/debug/stm32l4xx_hal.o
                0x08002cf0                HAL_Delay
 .text.HAL_SuspendTick
                0x08002d18        0xe build/debug/stm32l4xx_hal.o
                0x08002d18                HAL_SuspendTick
 .text.HAL_ResumeTick
                0x08002d26        0xe build/debug/stm32l4xx_hal.o
                0x08002d26                HAL_ResumeTick
 .text.LL_ADC_REG_SetSequencerRanks
                0x08002d34       0x30 build/debug/stm32l4xx_hal_adc.o
 .text.LL_ADC_SetChannelSamplingTime
                0x08002d64       0x2c build/debug/stm32l4xx_hal_adc.o
 .text.HAL_ADC_Init
                0x08002d90      0x1e0 build/debug/stm32l4xx_hal_adc.o
                0x08002d90                HAL_ADC_Init
 .text.HAL_ADC_ConvCpltCallback
                0x08002f70        0x2 build/debug/stm32l4xx_hal_adc.o
                0x08002f70                HAL_ADC_ConvCpltCallback
 .text.HAL_ADC_ConvHalfCpltCallback
                0x08002f72        0x2 build/debug/stm32l4xx_hal_adc.o
                0x08002f72                HAL_ADC_ConvHalfCpltCallback
 .text.ADC_DMAHalfConvCplt
                0x08002f74        0xa build/debug/stm32l4xx_hal_adc.o
                0x08002f74                ADC_DMAHalfConvCplt
 .text.HAL_ADC_LevelOutOfWindowCallback
                0x08002f7e        0x2 build/debug/stm32l4xx_hal_adc.o
                0x08002f7e                HAL_ADC_LevelOutOfWindowCallback
 .text.HAL_ADC_ErrorCallback
                0x08002f80        0x2 build/debug/stm32l4xx_hal_adc.o
                0x08002f80                HAL_ADC_ErrorCallback
 *fill*         0x08002f82        0x2 
 .text.HAL_ADC_IRQHandler
                0x08002f84      0x29c build/debug/stm32l4xx_hal_adc.o
                0x08002f84                HAL_ADC_IRQHandler
 .text.ADC_DMAConvCplt
                0x08003220       0x88 build/debug/stm32l4xx_hal_adc.o
                0x08003220                ADC_DMAConvCplt
 .text.ADC_DMAError
                0x080032a8       0x1a build/debug/stm32l4xx_hal_adc.o
                0x080032a8                ADC_DMAError
 *fill*         0x080032c2        0x2 
 .text.HAL_ADC_ConfigChannel
                0x080032c4      0x440 build/debug/stm32l4xx_hal_adc.o
                0x080032c4                HAL_ADC_ConfigChannel
 .text.ADC_Enable
                0x08003704       0xdc build/debug/stm32l4xx_hal_adc.o
                0x08003704                ADC_Enable
 .text.HAL_ADC_Start_DMA
                0x080037e0      0x108 build/debug/stm32l4xx_hal_adc.o
                0x080037e0                HAL_ADC_Start_DMA
 .text.HAL_ADCEx_InjectedConvCpltCallback
                0x080038e8        0x2 build/debug/stm32l4xx_hal_adc_ex.o
                0x080038e8                HAL_ADCEx_InjectedConvCpltCallback
 .text.HAL_ADCEx_InjectedQueueOverflowCallback
                0x080038ea        0x2 build/debug/stm32l4xx_hal_adc_ex.o
                0x080038ea                HAL_ADCEx_InjectedQueueOverflowCallback
 .text.HAL_ADCEx_LevelOutOfWindow2Callback
                0x080038ec        0x2 build/debug/stm32l4xx_hal_adc_ex.o
                0x080038ec                HAL_ADCEx_LevelOutOfWindow2Callback
 .text.HAL_ADCEx_LevelOutOfWindow3Callback
                0x080038ee        0x2 build/debug/stm32l4xx_hal_adc_ex.o
                0x080038ee                HAL_ADCEx_LevelOutOfWindow3Callback
 .text.HAL_ADCEx_EndOfSamplingCallback
                0x080038f0        0x2 build/debug/stm32l4xx_hal_adc_ex.o
                0x080038f0                HAL_ADCEx_EndOfSamplingCallback
 *fill*         0x080038f2        0x2 
 .text.HAL_ADCEx_MultiModeConfigChannel
                0x080038f4      0x118 build/debug/stm32l4xx_hal_adc_ex.o
                0x080038f4                HAL_ADCEx_MultiModeConfigChannel
 .text.__NVIC_EnableIRQ
                0x08003a0c       0x1c build/debug/stm32l4xx_hal_cortex.o
 .text.__NVIC_DisableIRQ
                0x08003a28       0x24 build/debug/stm32l4xx_hal_cortex.o
 .text.__NVIC_SetPriority
                0x08003a4c       0x28 build/debug/stm32l4xx_hal_cortex.o
 .text.NVIC_EncodePriority
                0x08003a74       0x3e build/debug/stm32l4xx_hal_cortex.o
 *fill*         0x08003ab2        0x2 
 .text.HAL_NVIC_SetPriorityGrouping
                0x08003ab4       0x24 build/debug/stm32l4xx_hal_cortex.o
                0x08003ab4                HAL_NVIC_SetPriorityGrouping
 .text.HAL_NVIC_SetPriority
                0x08003ad8       0x20 build/debug/stm32l4xx_hal_cortex.o
                0x08003ad8                HAL_NVIC_SetPriority
 .text.HAL_NVIC_EnableIRQ
                0x08003af8        0x8 build/debug/stm32l4xx_hal_cortex.o
                0x08003af8                HAL_NVIC_EnableIRQ
 .text.HAL_NVIC_DisableIRQ
                0x08003b00        0x8 build/debug/stm32l4xx_hal_cortex.o
                0x08003b00                HAL_NVIC_DisableIRQ
 .text.HAL_SYSTICK_Config
                0x08003b08       0x28 build/debug/stm32l4xx_hal_cortex.o
                0x08003b08                HAL_SYSTICK_Config
 .text.DMA_SetConfig
                0x08003b30       0x32 build/debug/stm32l4xx_hal_dma.o
 *fill*         0x08003b62        0x2 
 .text.HAL_DMA_Init
                0x08003b64      0x104 build/debug/stm32l4xx_hal_dma.o
                0x08003b64                HAL_DMA_Init
 .text.HAL_DMA_Start_IT
                0x08003c68       0x76 build/debug/stm32l4xx_hal_dma.o
                0x08003c68                HAL_DMA_Start_IT
 .text.HAL_DMA_IRQHandler
                0x08003cde       0xc4 build/debug/stm32l4xx_hal_dma.o
                0x08003cde                HAL_DMA_IRQHandler
 *fill*         0x08003da2        0x2 
 .text.HAL_GPIO_Init
                0x08003da4      0x1bc build/debug/stm32l4xx_hal_gpio.o
                0x08003da4                HAL_GPIO_Init
 .text.HAL_GPIO_DeInit
                0x08003f60      0x100 build/debug/stm32l4xx_hal_gpio.o
                0x08003f60                HAL_GPIO_DeInit
 .text.HAL_GPIO_ReadPin
                0x08004060        0xe build/debug/stm32l4xx_hal_gpio.o
                0x08004060                HAL_GPIO_ReadPin
 .text.HAL_GPIO_WritePin
                0x0800406e        0xa build/debug/stm32l4xx_hal_gpio.o
                0x0800406e                HAL_GPIO_WritePin
 .text.HAL_GPIO_EXTI_Callback
                0x08004078        0x2 build/debug/stm32l4xx_hal_gpio.o
                0x08004078                HAL_GPIO_EXTI_Callback
 *fill*         0x0800407a        0x2 
 .text.HAL_GPIO_EXTI_IRQHandler
                0x0800407c       0x1c build/debug/stm32l4xx_hal_gpio.o
                0x0800407c                HAL_GPIO_EXTI_IRQHandler
 .text.HAL_MspInit
                0x08004098       0x30 build/debug/stm32l4xx_hal_msp.o
                0x08004098                HAL_MspInit
 .text.HAL_ADC_MspInit
                0x080040c8       0x80 build/debug/stm32l4xx_hal_msp.o
                0x080040c8                HAL_ADC_MspInit
 .text.HAL_RTC_MspInit
                0x08004148       0x60 build/debug/stm32l4xx_hal_msp.o
                0x08004148                HAL_RTC_MspInit
 .text.HAL_SPI_MspInit
                0x080041a8       0x64 build/debug/stm32l4xx_hal_msp.o
                0x080041a8                HAL_SPI_MspInit
 .text.HAL_SPI_MspDeInit
                0x0800420c       0x2c build/debug/stm32l4xx_hal_msp.o
                0x0800420c                HAL_SPI_MspDeInit
 .text.HAL_UART_MspInit
                0x08004238       0x88 build/debug/stm32l4xx_hal_msp.o
                0x08004238                HAL_UART_MspInit
 .text.HAL_PCD_EP_DB_Receive
                0x080042c0      0x118 build/debug/stm32l4xx_hal_pcd.o
 .text.HAL_PCD_Init
                0x080043d8       0xf6 build/debug/stm32l4xx_hal_pcd.o
                0x080043d8                HAL_PCD_Init
 .text.HAL_PCD_Start
                0x080044ce       0x2a build/debug/stm32l4xx_hal_pcd.o
                0x080044ce                HAL_PCD_Start
 .text.HAL_PCD_EP_DB_Transmit
                0x080044f8      0x472 build/debug/stm32l4xx_hal_pcd.o
 .text.PCD_EP_ISR_Handler
                0x0800496a      0x4c4 build/debug/stm32l4xx_hal_pcd.o
 .text.HAL_PCD_SetAddress
                0x08004e2e       0x26 build/debug/stm32l4xx_hal_pcd.o
                0x08004e2e                HAL_PCD_SetAddress
 .text.HAL_PCD_IRQHandler
                0x08004e54      0x1b2 build/debug/stm32l4xx_hal_pcd.o
                0x08004e54                HAL_PCD_IRQHandler
 .text.HAL_PCD_EP_Open
                0x08005006       0x86 build/debug/stm32l4xx_hal_pcd.o
                0x08005006                HAL_PCD_EP_Open
 .text.HAL_PCD_EP_Close
                0x0800508c       0x6c build/debug/stm32l4xx_hal_pcd.o
                0x0800508c                HAL_PCD_EP_Close
 .text.HAL_PCD_EP_Receive
                0x080050f8       0x3a build/debug/stm32l4xx_hal_pcd.o
                0x080050f8                HAL_PCD_EP_Receive
 .text.HAL_PCD_EP_GetRxCount
                0x08005132       0x12 build/debug/stm32l4xx_hal_pcd.o
                0x08005132                HAL_PCD_EP_GetRxCount
 .text.HAL_PCD_EP_Transmit
                0x08005144       0x4c build/debug/stm32l4xx_hal_pcd.o
                0x08005144                HAL_PCD_EP_Transmit
 .text.HAL_PCD_EP_SetStall
                0x08005190       0x80 build/debug/stm32l4xx_hal_pcd.o
                0x08005190                HAL_PCD_EP_SetStall
 .text.HAL_PCD_EP_ClrStall
                0x08005210       0x7e build/debug/stm32l4xx_hal_pcd.o
                0x08005210                HAL_PCD_EP_ClrStall
 .text.HAL_PCDEx_PMAConfig
                0x0800528e       0x38 build/debug/stm32l4xx_hal_pcd_ex.o
                0x0800528e                HAL_PCDEx_PMAConfig
 .text.HAL_PCDEx_ActivateLPM
                0x080052c6       0x2c build/debug/stm32l4xx_hal_pcd_ex.o
                0x080052c6                HAL_PCDEx_ActivateLPM
 *fill*         0x080052f2        0x2 
 .text.HAL_PWR_EnableBkUpAccess
                0x080052f4       0x10 build/debug/stm32l4xx_hal_pwr.o
                0x080052f4                HAL_PWR_EnableBkUpAccess
 .text.HAL_PWREx_GetVoltageRange
                0x08005304       0x10 build/debug/stm32l4xx_hal_pwr_ex.o
                0x08005304                HAL_PWREx_GetVoltageRange
 .text.HAL_PWREx_ControlVoltageScaling
                0x08005314       0x90 build/debug/stm32l4xx_hal_pwr_ex.o
                0x08005314                HAL_PWREx_ControlVoltageScaling
 .text.HAL_PWREx_EnableVddUSB
                0x080053a4       0x10 build/debug/stm32l4xx_hal_pwr_ex.o
                0x080053a4                HAL_PWREx_EnableVddUSB
 .text.HAL_PWREx_EnableLowPowerRunMode
                0x080053b4       0x10 build/debug/stm32l4xx_hal_pwr_ex.o
                0x080053b4                HAL_PWREx_EnableLowPowerRunMode
 .text.HAL_PWREx_EnterSTOP2Mode
                0x080053c4       0x3c build/debug/stm32l4xx_hal_pwr_ex.o
                0x080053c4                HAL_PWREx_EnterSTOP2Mode
 .text.RCC_SetFlashLatencyFromMSIRange
                0x08005400       0x90 build/debug/stm32l4xx_hal_rcc.o
 .text.HAL_RCC_GetSysClockFreq
                0x08005490       0xb4 build/debug/stm32l4xx_hal_rcc.o
                0x08005490                HAL_RCC_GetSysClockFreq
 .text.HAL_RCC_OscConfig
                0x08005544      0x6dc build/debug/stm32l4xx_hal_rcc.o
                0x08005544                HAL_RCC_OscConfig
 .text.HAL_RCC_ClockConfig
                0x08005c20      0x188 build/debug/stm32l4xx_hal_rcc.o
                0x08005c20                HAL_RCC_ClockConfig
 .text.HAL_RCC_GetHCLKFreq
                0x08005da8        0xc build/debug/stm32l4xx_hal_rcc.o
                0x08005da8                HAL_RCC_GetHCLKFreq
 .text.HAL_RCC_GetPCLK1Freq
                0x08005db4       0x24 build/debug/stm32l4xx_hal_rcc.o
                0x08005db4                HAL_RCC_GetPCLK1Freq
 .text.HAL_RCC_GetPCLK2Freq
                0x08005dd8       0x24 build/debug/stm32l4xx_hal_rcc.o
                0x08005dd8                HAL_RCC_GetPCLK2Freq
 .text.HAL_RCCEx_PeriphCLKConfig
                0x08005dfc      0x234 build/debug/stm32l4xx_hal_rcc_ex.o
                0x08005dfc                HAL_RCCEx_PeriphCLKConfig
 .text.HAL_RCCEx_EnableMSIPLLMode
                0x08006030       0x10 build/debug/stm32l4xx_hal_rcc_ex.o
                0x08006030                HAL_RCCEx_EnableMSIPLLMode
 .text.HAL_RTC_WaitForSynchro
                0x08006040       0x34 build/debug/stm32l4xx_hal_rtc.o
                0x08006040                HAL_RTC_WaitForSynchro
 .text.RTC_EnterInitMode
                0x08006074       0x46 build/debug/stm32l4xx_hal_rtc.o
                0x08006074                RTC_EnterInitMode
 *fill*         0x080060ba        0x2 
 .text.RTC_ExitInitMode
                0x080060bc       0x4c build/debug/stm32l4xx_hal_rtc.o
                0x080060bc                RTC_ExitInitMode
 .text.HAL_RTC_Init
                0x08006108       0xb8 build/debug/stm32l4xx_hal_rtc.o
                0x08006108                HAL_RTC_Init
 .text.RTC_ByteToBcd2
                0x080061c0       0x16 build/debug/stm32l4xx_hal_rtc.o
                0x080061c0                RTC_ByteToBcd2
 .text.HAL_RTC_SetTime
                0x080061d6       0xcc build/debug/stm32l4xx_hal_rtc.o
                0x080061d6                HAL_RTC_SetTime
 .text.HAL_RTC_SetDate
                0x080062a2       0xa4 build/debug/stm32l4xx_hal_rtc.o
                0x080062a2                HAL_RTC_SetDate
 .text.RTC_Bcd2ToByte
                0x08006346       0x12 build/debug/stm32l4xx_hal_rtc.o
                0x08006346                RTC_Bcd2ToByte
 .text.HAL_RTC_GetTime
                0x08006358       0x4c build/debug/stm32l4xx_hal_rtc.o
                0x08006358                HAL_RTC_GetTime
 .text.HAL_RTC_GetDate
                0x080063a4       0x3c build/debug/stm32l4xx_hal_rtc.o
                0x080063a4                HAL_RTC_GetDate
 .text.HAL_RTCEx_SetWakeUpTimer_IT
                0x080063e0       0xe4 build/debug/stm32l4xx_hal_rtc_ex.o
                0x080063e0                HAL_RTCEx_SetWakeUpTimer_IT
 .text.HAL_RTCEx_DeactivateWakeUpTimer
                0x080064c4       0x7e build/debug/stm32l4xx_hal_rtc_ex.o
                0x080064c4                HAL_RTCEx_DeactivateWakeUpTimer
 .text.HAL_RTCEx_WakeUpTimerEventCallback
                0x08006542        0x2 build/debug/stm32l4xx_hal_rtc_ex.o
                0x08006542                HAL_RTCEx_WakeUpTimerEventCallback
 .text.HAL_RTCEx_WakeUpTimerIRQHandler
                0x08006544       0x2c build/debug/stm32l4xx_hal_rtc_ex.o
                0x08006544                HAL_RTCEx_WakeUpTimerIRQHandler
 .text.HAL_RTCEx_BKUPWrite
                0x08006570       0x1e build/debug/stm32l4xx_hal_rtc_ex.o
                0x08006570                HAL_RTCEx_BKUPWrite
 .text.HAL_RTCEx_BKUPRead
                0x0800658e       0x10 build/debug/stm32l4xx_hal_rtc_ex.o
                0x0800658e                HAL_RTCEx_BKUPRead
 *fill*         0x0800659e        0x2 
 .text.SPI_WaitFlagStateUntilTimeout
                0x080065a0       0xc8 build/debug/stm32l4xx_hal_spi.o
 .text.SPI_WaitFifoStateUntilTimeout
                0x08006668       0xf0 build/debug/stm32l4xx_hal_spi.o
 .text.SPI_EndRxTxTransaction
                0x08006758       0x62 build/debug/stm32l4xx_hal_spi.o
 .text.HAL_SPI_Init
                0x080067ba       0xde build/debug/stm32l4xx_hal_spi.o
                0x080067ba                HAL_SPI_Init
 .text.HAL_SPI_DeInit
                0x08006898       0x2c build/debug/stm32l4xx_hal_spi.o
                0x08006898                HAL_SPI_DeInit
 .text.HAL_SPI_Transmit
                0x080068c4      0x20a build/debug/stm32l4xx_hal_spi.o
                0x080068c4                HAL_SPI_Transmit
 .text.UART_EndRxTransfer
                0x08006ace       0x52 build/debug/stm32l4xx_hal_uart.o
 .text.UART_SetConfig
                0x08006b20      0x2a0 build/debug/stm32l4xx_hal_uart.o
                0x08006b20                UART_SetConfig
 .text.UART_AdvFeatureConfig
                0x08006dc0       0xca build/debug/stm32l4xx_hal_uart.o
                0x08006dc0                UART_AdvFeatureConfig
 .text.UART_WaitOnFlagUntilTimeout
                0x08006e8a       0x9e build/debug/stm32l4xx_hal_uart.o
                0x08006e8a                UART_WaitOnFlagUntilTimeout
 .text.HAL_UART_Transmit
                0x08006f28       0xc8 build/debug/stm32l4xx_hal_uart.o
                0x08006f28                HAL_UART_Transmit
 .text.HAL_UART_Receive
                0x08006ff0      0x118 build/debug/stm32l4xx_hal_uart.o
                0x08006ff0                HAL_UART_Receive
 .text.UART_CheckIdleState
                0x08007108       0xc6 build/debug/stm32l4xx_hal_uart.o
                0x08007108                UART_CheckIdleState
 .text.HAL_HalfDuplex_Init
                0x080071ce       0x6e build/debug/stm32l4xx_hal_uart.o
                0x080071ce                HAL_HalfDuplex_Init
 .text.NMI_Handler
                0x0800723c        0x2 build/debug/stm32l4xx_it.o
                0x0800723c                NMI_Handler
 .text.HardFault_Handler
                0x0800723e        0x2 build/debug/stm32l4xx_it.o
                0x0800723e                HardFault_Handler
 .text.MemManage_Handler
                0x08007240        0x2 build/debug/stm32l4xx_it.o
                0x08007240                MemManage_Handler
 .text.BusFault_Handler
                0x08007242        0x2 build/debug/stm32l4xx_it.o
                0x08007242                BusFault_Handler
 .text.UsageFault_Handler
                0x08007244        0x2 build/debug/stm32l4xx_it.o
                0x08007244                UsageFault_Handler
 .text.SVC_Handler
                0x08007246        0x2 build/debug/stm32l4xx_it.o
                0x08007246                SVC_Handler
 .text.DebugMon_Handler
                0x08007248        0x2 build/debug/stm32l4xx_it.o
                0x08007248                DebugMon_Handler
 .text.PendSV_Handler
                0x0800724a        0x2 build/debug/stm32l4xx_it.o
                0x0800724a                PendSV_Handler
 .text.SysTick_Handler
                0x0800724c        0x8 build/debug/stm32l4xx_it.o
                0x0800724c                SysTick_Handler
 .text.RTC_WKUP_IRQHandler
                0x08007254       0x10 build/debug/stm32l4xx_it.o
                0x08007254                RTC_WKUP_IRQHandler
 .text.EXTI0_IRQHandler
                0x08007264        0xa build/debug/stm32l4xx_it.o
                0x08007264                EXTI0_IRQHandler
 *fill*         0x0800726e        0x2 
 .text.DMA1_Channel1_IRQHandler
                0x08007270       0x10 build/debug/stm32l4xx_it.o
                0x08007270                DMA1_Channel1_IRQHandler
 .text.ADC1_2_IRQHandler
                0x08007280       0x10 build/debug/stm32l4xx_it.o
                0x08007280                ADC1_2_IRQHandler
 .text.USB_IRQHandler
                0x08007290       0x10 build/debug/stm32l4xx_it.o
                0x08007290                USB_IRQHandler
 .text.USB_CoreInit
                0x080072a0        0xe build/debug/stm32l4xx_ll_usb.o
                0x080072a0                USB_CoreInit
 .text.USB_EnableGlobalInt
                0x080072ae       0x12 build/debug/stm32l4xx_ll_usb.o
                0x080072ae                USB_EnableGlobalInt
 .text.USB_DisableGlobalInt
                0x080072c0       0x14 build/debug/stm32l4xx_ll_usb.o
                0x080072c0                USB_DisableGlobalInt
 .text.USB_SetCurrentMode
                0x080072d4        0x4 build/debug/stm32l4xx_ll_usb.o
                0x080072d4                USB_SetCurrentMode
 .text.USB_DevInit
                0x080072d8       0x22 build/debug/stm32l4xx_ll_usb.o
                0x080072d8                USB_DevInit
 .text.USB_ActivateEndpoint
                0x080072fa      0x51a build/debug/stm32l4xx_ll_usb.o
                0x080072fa                USB_ActivateEndpoint
 .text.USB_DeactivateEndpoint
                0x08007814      0x1d6 build/debug/stm32l4xx_ll_usb.o
                0x08007814                USB_DeactivateEndpoint
 .text.USB_EPSetStall
                0x080079ea       0x4a build/debug/stm32l4xx_ll_usb.o
                0x080079ea                USB_EPSetStall
 .text.USB_EPClearStall
                0x08007a34       0x9c build/debug/stm32l4xx_ll_usb.o
                0x08007a34                USB_EPClearStall
 .text.USB_SetDevAddress
                0x08007ad0        0xc build/debug/stm32l4xx_ll_usb.o
                0x08007ad0                USB_SetDevAddress
 .text.USB_DevConnect
                0x08007adc       0x16 build/debug/stm32l4xx_ll_usb.o
                0x08007adc                USB_DevConnect
 .text.USB_DevDisconnect
                0x08007af2       0x10 build/debug/stm32l4xx_ll_usb.o
                0x08007af2                USB_DevDisconnect
 .text.USB_ReadInterrupts
                0x08007b02        0x8 build/debug/stm32l4xx_ll_usb.o
                0x08007b02                USB_ReadInterrupts
 .text.USB_EP0_OutStart
                0x08007b0a        0x4 build/debug/stm32l4xx_ll_usb.o
                0x08007b0a                USB_EP0_OutStart
 .text.USB_WritePMA
                0x08007b0e       0x24 build/debug/stm32l4xx_ll_usb.o
                0x08007b0e                USB_WritePMA
 .text.USB_EPStartXfer
                0x08007b32      0x584 build/debug/stm32l4xx_ll_usb.o
                0x08007b32                USB_EPStartXfer
 .text.USB_ReadPMA
                0x080080b6       0x30 build/debug/stm32l4xx_ll_usb.o
                0x080080b6                USB_ReadPMA
 *fill*         0x080080e6        0x2 
 .text._sbrk    0x080080e8       0x48 build/debug/sysmem.o
                0x080080e8                _sbrk
 .text.SystemInit
                0x08008130       0x14 build/debug/system_stm32l4xx.o
                0x08008130                SystemInit
 .text.MX_USB_DEVICE_IsConnected
                0x08008144       0x18 build/debug/usb_device.o
                0x08008144                MX_USB_DEVICE_IsConnected
 .text.MX_USB_DEVICE_Init
                0x0800815c       0x54 build/debug/usb_device.o
                0x0800815c                MX_USB_DEVICE_Init
 .text.USBD_CDC_EP0_RxReady
                0x080081b0       0x40 build/debug/usbd_cdc.o
 .text.USBD_CDC_GetDeviceQualifierDescriptor
                0x080081f0        0xc build/debug/usbd_cdc.o
                0x080081f0                USBD_CDC_GetDeviceQualifierDescriptor
 .text.USBD_CDC_GetOtherSpeedCfgDesc
                0x080081fc       0x48 build/debug/usbd_cdc.o
 .text.USBD_CDC_GetFSCfgDesc
                0x08008244       0x48 build/debug/usbd_cdc.o
 .text.USBD_CDC_GetHSCfgDesc
                0x0800828c       0x48 build/debug/usbd_cdc.o
 .text.USBD_CDC_DataOut
                0x080082d4       0x38 build/debug/usbd_cdc.o
 .text.USBD_CDC_DataIn
                0x0800830c       0x7c build/debug/usbd_cdc.o
 .text.USBD_CDC_Setup
                0x08008388      0x11a build/debug/usbd_cdc.o
 .text.USBD_CDC_DeInit
                0x080084a2       0x64 build/debug/usbd_cdc.o
 .text.USBD_CDC_Init
                0x08008506       0xee build/debug/usbd_cdc.o
 .text.USBD_CDC_RegisterInterface
                0x080085f4       0x16 build/debug/usbd_cdc.o
                0x080085f4                USBD_CDC_RegisterInterface
 .text.USBD_CDC_SetTxBuffer
                0x0800860a       0x1c build/debug/usbd_cdc.o
                0x0800860a                USBD_CDC_SetTxBuffer
 .text.USBD_CDC_SetRxBuffer
                0x08008626       0x18 build/debug/usbd_cdc.o
                0x08008626                USBD_CDC_SetRxBuffer
 .text.USBD_CDC_ReceivePacket
                0x0800863e       0x38 build/debug/usbd_cdc.o
                0x0800863e                USBD_CDC_ReceivePacket
 .text.CDC_DeInit_FS
                0x08008676        0x4 build/debug/usbd_cdc_if.o
 .text.CDC_Control_FS
                0x0800867a        0x4 build/debug/usbd_cdc_if.o
 .text.CDC_TransmitCplt_FS
                0x0800867e        0x4 build/debug/usbd_cdc_if.o
 *fill*         0x08008682        0x2 
 .text.CDC_Receive_FS
                0x08008684       0x1c build/debug/usbd_cdc_if.o
 .text.CDC_Init_FS
                0x080086a0       0x28 build/debug/usbd_cdc_if.o
 .text.SystemClockConfig_Resume
                0x080086c8        0x8 build/debug/usbd_conf.o
 .text.HAL_PCD_MspInit
                0x080086d0       0x9c build/debug/usbd_conf.o
                0x080086d0                HAL_PCD_MspInit
 .text.HAL_PCD_SetupStageCallback
                0x0800876c       0x10 build/debug/usbd_conf.o
                0x0800876c                HAL_PCD_SetupStageCallback
 .text.HAL_PCD_DataOutStageCallback
                0x0800877c       0x18 build/debug/usbd_conf.o
                0x0800877c                HAL_PCD_DataOutStageCallback
 .text.HAL_PCD_DataInStageCallback
                0x08008794       0x16 build/debug/usbd_conf.o
                0x08008794                HAL_PCD_DataInStageCallback
 .text.HAL_PCD_SOFCallback
                0x080087aa        0xc build/debug/usbd_conf.o
                0x080087aa                HAL_PCD_SOFCallback
 .text.HAL_PCD_ResetCallback
                0x080087b6       0x24 build/debug/usbd_conf.o
                0x080087b6                HAL_PCD_ResetCallback
 *fill*         0x080087da        0x2 
 .text.HAL_PCD_SuspendCallback
                0x080087dc       0x20 build/debug/usbd_conf.o
                0x080087dc                HAL_PCD_SuspendCallback
 .text.HAL_PCD_ResumeCallback
                0x080087fc       0x28 build/debug/usbd_conf.o
                0x080087fc                HAL_PCD_ResumeCallback
 .text.USBD_LL_Init
                0x08008824       0x8c build/debug/usbd_conf.o
                0x08008824                USBD_LL_Init
 .text.USBD_LL_Start
                0x080088b0       0x1e build/debug/usbd_conf.o
                0x080088b0                USBD_LL_Start
 .text.USBD_LL_OpenEP
                0x080088ce       0x24 build/debug/usbd_conf.o
                0x080088ce                USBD_LL_OpenEP
 .text.USBD_LL_CloseEP
                0x080088f2       0x1e build/debug/usbd_conf.o
                0x080088f2                USBD_LL_CloseEP
 .text.USBD_LL_StallEP
                0x08008910       0x1e build/debug/usbd_conf.o
                0x08008910                USBD_LL_StallEP
 .text.USBD_LL_ClearStallEP
                0x0800892e       0x1e build/debug/usbd_conf.o
                0x0800892e                USBD_LL_ClearStallEP
 .text.USBD_LL_IsStallEP
                0x0800894c       0x2c build/debug/usbd_conf.o
                0x0800894c                USBD_LL_IsStallEP
 .text.USBD_LL_SetUSBAddress
                0x08008978       0x1e build/debug/usbd_conf.o
                0x08008978                USBD_LL_SetUSBAddress
 .text.USBD_LL_Transmit
                0x08008996       0x1e build/debug/usbd_conf.o
                0x08008996                USBD_LL_Transmit
 .text.USBD_LL_PrepareReceive
                0x080089b4       0x1e build/debug/usbd_conf.o
                0x080089b4                USBD_LL_PrepareReceive
 .text.USBD_LL_GetRxDataSize
                0x080089d2        0xc build/debug/usbd_conf.o
                0x080089d2                USBD_LL_GetRxDataSize
 *fill*         0x080089de        0x2 
 .text.HAL_PCDEx_LPM_Callback
                0x080089e0       0x44 build/debug/usbd_conf.o
                0x080089e0                HAL_PCDEx_LPM_Callback
 .text.USBD_static_malloc
                0x08008a24        0x8 build/debug/usbd_conf.o
                0x08008a24                USBD_static_malloc
 .text.USBD_static_free
                0x08008a2c        0x2 build/debug/usbd_conf.o
                0x08008a2c                USBD_static_free
 .text.USBD_Init
                0x08008a2e       0x2e build/debug/usbd_core.o
                0x08008a2e                USBD_Init
 .text.USBD_RegisterClass
                0x08008a5c       0x40 build/debug/usbd_core.o
                0x08008a5c                USBD_RegisterClass
 .text.USBD_Start
                0x08008a9c        0x8 build/debug/usbd_core.o
                0x08008a9c                USBD_Start
 .text.USBD_SetClassConfig
                0x08008aa4       0x12 build/debug/usbd_core.o
                0x08008aa4                USBD_SetClassConfig
 .text.USBD_ClrClassConfig
                0x08008ab6       0x12 build/debug/usbd_core.o
                0x08008ab6                USBD_ClrClassConfig
 .text.USBD_LL_SetupStage
                0x08008ac8       0x58 build/debug/usbd_core.o
                0x08008ac8                USBD_LL_SetupStage
 .text.USBD_LL_Reset
                0x08008b20       0x64 build/debug/usbd_core.o
                0x08008b20                USBD_LL_Reset
 .text.USBD_LL_SetSpeed
                0x08008b84        0x6 build/debug/usbd_core.o
                0x08008b84                USBD_LL_SetSpeed
 .text.USBD_LL_Suspend
                0x08008b8a       0x1e build/debug/usbd_core.o
                0x08008b8a                USBD_LL_Suspend
 .text.USBD_LL_Resume
                0x08008ba8       0x1a build/debug/usbd_core.o
                0x08008ba8                USBD_LL_Resume
 .text.USBD_LL_SOF
                0x08008bc2       0x22 build/debug/usbd_core.o
                0x08008bc2                USBD_LL_SOF
 .text.USBD_CoreFindIF
                0x08008be4        0x4 build/debug/usbd_core.o
                0x08008be4                USBD_CoreFindIF
 .text.USBD_CoreFindEP
                0x08008be8        0x4 build/debug/usbd_core.o
                0x08008be8                USBD_CoreFindEP
 .text.USBD_LL_DataOutStage
                0x08008bec       0xc4 build/debug/usbd_core.o
                0x08008bec                USBD_LL_DataOutStage
 .text.USBD_LL_DataInStage
                0x08008cb0       0xd6 build/debug/usbd_core.o
                0x08008cb0                USBD_LL_DataInStage
 .text.USBD_GetNextDesc
                0x08008d86        0xe build/debug/usbd_core.o
                0x08008d86                USBD_GetNextDesc
 .text.USBD_GetEpDesc
                0x08008d94       0x3e build/debug/usbd_core.o
                0x08008d94                USBD_GetEpDesc
 .text.USBD_GetLen
                0x08008dd2       0x14 build/debug/usbd_ctlreq.o
 .text.USBD_ParseSetupRequest
                0x08008de6       0x28 build/debug/usbd_ctlreq.o
                0x08008de6                USBD_ParseSetupRequest
 .text.USBD_CtlError
                0x08008e0e       0x14 build/debug/usbd_ctlreq.o
                0x08008e0e                USBD_CtlError
 .text.USBD_GetDescriptor
                0x08008e22      0x1ac build/debug/usbd_ctlreq.o
 .text.USBD_SetAddress
                0x08008fce       0x50 build/debug/usbd_ctlreq.o
 *fill*         0x0800901e        0x2 
 .text.USBD_SetConfig
                0x08009020       0xcc build/debug/usbd_ctlreq.o
 .text.USBD_GetConfig
                0x080090ec       0x40 build/debug/usbd_ctlreq.o
 .text.USBD_GetStatus
                0x0800912c       0x38 build/debug/usbd_ctlreq.o
 .text.USBD_SetFeature
                0x08009164       0x2a build/debug/usbd_ctlreq.o
 .text.USBD_ClrFeature
                0x0800918e       0x26 build/debug/usbd_ctlreq.o
 .text.USBD_StdDevReq
                0x080091b4       0x76 build/debug/usbd_ctlreq.o
                0x080091b4                USBD_StdDevReq
 .text.USBD_StdItfReq
                0x0800922a       0x84 build/debug/usbd_ctlreq.o
                0x0800922a                USBD_StdItfReq
 .text.USBD_StdEPReq
                0x080092ae      0x230 build/debug/usbd_ctlreq.o
                0x080092ae                USBD_StdEPReq
 .text.USBD_GetString
                0x080094de       0x46 build/debug/usbd_ctlreq.o
                0x080094de                USBD_GetString
 .text.USBD_FS_DeviceDescriptor
                0x08009524        0xc build/debug/usbd_desc.o
                0x08009524                USBD_FS_DeviceDescriptor
 .text.USBD_FS_LangIDStrDescriptor
                0x08009530        0xc build/debug/usbd_desc.o
                0x08009530                USBD_FS_LangIDStrDescriptor
 .text.USBD_FS_USR_BOSDescriptor
                0x0800953c        0xc build/debug/usbd_desc.o
                0x0800953c                USBD_FS_USR_BOSDescriptor
 .text.IntToUnicode
                0x08009548       0x46 build/debug/usbd_desc.o
 *fill*         0x0800958e        0x2 
 .text.Get_SerialNum
                0x08009590       0x38 build/debug/usbd_desc.o
 .text.USBD_FS_SerialStrDescriptor
                0x080095c8       0x14 build/debug/usbd_desc.o
                0x080095c8                USBD_FS_SerialStrDescriptor
 .text.USBD_FS_ProductStrDescriptor
                0x080095dc       0x24 build/debug/usbd_desc.o
                0x080095dc                USBD_FS_ProductStrDescriptor
 .text.USBD_FS_ManufacturerStrDescriptor
                0x08009600       0x1c build/debug/usbd_desc.o
                0x08009600                USBD_FS_ManufacturerStrDescriptor
 .text.USBD_FS_ConfigStrDescriptor
                0x0800961c       0x24 build/debug/usbd_desc.o
                0x0800961c                USBD_FS_ConfigStrDescriptor
 .text.USBD_FS_InterfaceStrDescriptor
                0x08009640       0x24 build/debug/usbd_desc.o
                0x08009640                USBD_FS_InterfaceStrDescriptor
 .text.USBD_CtlSendData
                0x08009664       0x1a build/debug/usbd_ioreq.o
                0x08009664                USBD_CtlSendData
 .text.USBD_CtlContinueSendData
                0x0800967e       0x10 build/debug/usbd_ioreq.o
                0x0800967e                USBD_CtlContinueSendData
 .text.USBD_CtlPrepareRx
                0x0800968e       0x1e build/debug/usbd_ioreq.o
                0x0800968e                USBD_CtlPrepareRx
 .text.USBD_CtlContinueRx
                0x080096ac       0x10 build/debug/usbd_ioreq.o
                0x080096ac                USBD_CtlContinueRx
 .text.USBD_CtlSendStatus
                0x080096bc       0x16 build/debug/usbd_ioreq.o
                0x080096bc                USBD_CtlSendStatus
 .text.USBD_CtlReceiveStatus
                0x080096d2       0x16 build/debug/usbd_ioreq.o
                0x080096d2                USBD_CtlReceiveStatus
 .text.Reset_Handler
                0x080096e8       0x50 build/debug/startup_stm32l412xx.o
                0x080096e8                Reset_Handler
 .text.Default_Handler
                0x08009738        0x2 build/debug/startup_stm32l412xx.o
                0x08009738                TIM1_BRK_TIM15_IRQHandler
                0x08009738                EXTI2_IRQHandler
                0x08009738                TIM1_CC_IRQHandler
                0x08009738                TSC_IRQHandler
                0x08009738                TIM6_IRQHandler
                0x08009738                TAMP_STAMP_IRQHandler
                0x08009738                EXTI3_IRQHandler
                0x08009738                LPTIM2_IRQHandler
                0x08009738                I2C3_ER_IRQHandler
                0x08009738                I2C2_EV_IRQHandler
                0x08009738                FPU_IRQHandler
                0x08009738                TIM1_UP_TIM16_IRQHandler
                0x08009738                SPI1_IRQHandler
                0x08009738                DMA2_Channel2_IRQHandler
                0x08009738                DMA1_Channel4_IRQHandler
                0x08009738                USART3_IRQHandler
                0x08009738                DMA1_Channel7_IRQHandler
                0x08009738                DMA2_Channel1_IRQHandler
                0x08009738                QUADSPI_IRQHandler
                0x08009738                I2C1_EV_IRQHandler
                0x08009738                DMA1_Channel6_IRQHandler
                0x08009738                DMA2_Channel4_IRQHandler
                0x08009738                RCC_IRQHandler
                0x08009738                TIM1_TRG_COM_IRQHandler
                0x08009738                Default_Handler
                0x08009738                DMA2_Channel7_IRQHandler
                0x08009738                EXTI15_10_IRQHandler
                0x08009738                I2C3_EV_IRQHandler
                0x08009738                EXTI9_5_IRQHandler
                0x08009738                PVD_PVM_IRQHandler
                0x08009738                SPI2_IRQHandler
                0x08009738                DMA2_Channel5_IRQHandler
                0x08009738                CRS_IRQHandler
                0x08009738                DMA1_Channel5_IRQHandler
                0x08009738                EXTI4_IRQHandler
                0x08009738                RNG_IRQHandler
                0x08009738                DMA1_Channel3_IRQHandler
                0x08009738                COMP_IRQHandler
                0x08009738                WWDG_IRQHandler
                0x08009738                LPUART1_IRQHandler
                0x08009738                DMA2_Channel6_IRQHandler
                0x08009738                TIM2_IRQHandler
                0x08009738                EXTI1_IRQHandler
                0x08009738                USART2_IRQHandler
                0x08009738                I2C2_ER_IRQHandler
                0x08009738                DMA1_Channel2_IRQHandler
                0x08009738                FLASH_IRQHandler
                0x08009738                USART1_IRQHandler
                0x08009738                I2C1_ER_IRQHandler
                0x08009738                LPTIM1_IRQHandler
                0x08009738                DMA2_Channel3_IRQHandler
                0x08009738                RTC_Alarm_IRQHandler
 *fill*         0x0800973a        0x2 
 .text.sprintf  0x0800973c       0x44 /Users/kroko/Library/Application Support/Code/User/globalStorage/bmd.stm32-for-vscode/@xpack-dev-tools/arm-none-eabi-gcc/13.3.1-1.1.1/.content/bin/../lib/gcc/arm-none-eabi/13.3.1/../../../../arm-none-eabi/lib/thumb/v7e-m+fp/hard/libc_nano.a(libc_a-sprintf.o)
                0x0800973c                sprintf
                0x0800973c                siprintf
 .text.memset   0x08009780       0x10 /Users/kroko/Library/Application Support/Code/User/globalStorage/bmd.stm32-for-vscode/@xpack-dev-tools/arm-none-eabi-gcc/13.3.1-1.1.1/.content/bin/../lib/gcc/arm-none-eabi/13.3.1/../../../../arm-none-eabi/lib/thumb/v7e-m+fp/hard/libc_nano.a(libc_a-memset.o)
                0x08009780                memset
 .text.validate_structure
                0x08009790      0x1a8 /Users/kroko/Library/Application Support/Code/User/globalStorage/bmd.stm32-for-vscode/@xpack-dev-tools/arm-none-eabi-gcc/13.3.1-1.1.1/.content/bin/../lib/gcc/arm-none-eabi/13.3.1/../../../../arm-none-eabi/lib/thumb/v7e-m+fp/hard/libc_nano.a(libc_a-mktime.o)
 .text.mktime   0x08009938      0x364 /Users/kroko/Library/Application Support/Code/User/globalStorage/bmd.stm32-for-vscode/@xpack-dev-tools/arm-none-eabi-gcc/13.3.1-1.1.1/.content/bin/../lib/gcc/arm-none-eabi/13.3.1/../../../../arm-none-eabi/lib/thumb/v7e-m+fp/hard/libc_nano.a(libc_a-mktime.o)
                0x08009938                mktime
 .text.__errno  0x08009c9c        0xc /Users/kroko/Library/Application Support/Code/User/globalStorage/bmd.stm32-for-vscode/@xpack-dev-tools/arm-none-eabi-gcc/13.3.1-1.1.1/.content/bin/../lib/gcc/arm-none-eabi/13.3.1/../../../../arm-none-eabi/lib/thumb/v7e-m+fp/hard/libc_nano.a(libc_a-errno.o)
                0x08009c9c                __errno
 .text.__libc_init_array
                0x08009ca8       0x48 /Users/kroko/Library/Application Support/Code/User/globalStorage/bmd.stm32-for-vscode/@xpack-dev-tools/arm-none-eabi-gcc/13.3.1-1.1.1/.content/bin/../lib/gcc/arm-none-eabi/13.3.1/../../../../arm-none-eabi/lib/thumb/v7e-m+fp/hard/libc_nano.a(libc_a-init.o)
                0x08009ca8                __libc_init_array
 .text.__tzcalc_limits
                0x08009cf0      0x168 /Users/kroko/Library/Application Support/Code/User/globalStorage/bmd.stm32-for-vscode/@xpack-dev-tools/arm-none-eabi-gcc/13.3.1-1.1.1/.content/bin/../lib/gcc/arm-none-eabi/13.3.1/../../../../arm-none-eabi/lib/thumb/v7e-m+fp/hard/libc_nano.a(libc_a-tzcalc_limits.o)
                0x08009cf0                __tzcalc_limits
 .text.__tz_lock
                0x08009e58        0xc /Users/kroko/Library/Application Support/Code/User/globalStorage/bmd.stm32-for-vscode/@xpack-dev-tools/arm-none-eabi-gcc/13.3.1-1.1.1/.content/bin/../lib/gcc/arm-none-eabi/13.3.1/../../../../arm-none-eabi/lib/thumb/v7e-m+fp/hard/libc_nano.a(libc_a-tzlock.o)
                0x08009e58                __tz_lock
 .text.__tz_unlock
                0x08009e64        0xc /Users/kroko/Library/Application Support/Code/User/globalStorage/bmd.stm32-for-vscode/@xpack-dev-tools/arm-none-eabi-gcc/13.3.1-1.1.1/.content/bin/../lib/gcc/arm-none-eabi/13.3.1/../../../../arm-none-eabi/lib/thumb/v7e-m+fp/hard/libc_nano.a(libc_a-tzlock.o)
                0x08009e64                __tz_unlock
 .text._tzset_unlocked
                0x08009e70        0xc /Users/kroko/Library/Application Support/Code/User/globalStorage/bmd.stm32-for-vscode/@xpack-dev-tools/arm-none-eabi-gcc/13.3.1-1.1.1/.content/bin/../lib/gcc/arm-none-eabi/13.3.1/../../../../arm-none-eabi/lib/thumb/v7e-m+fp/hard/libc_nano.a(libc_a-tzset.o)
                0x08009e70                _tzset_unlocked
 .text.__retarget_lock_acquire
                0x08009e7c        0x2 /Users/kroko/Library/Application Support/Code/User/globalStorage/bmd.stm32-for-vscode/@xpack-dev-tools/arm-none-eabi-gcc/13.3.1-1.1.1/.content/bin/../lib/gcc/arm-none-eabi/13.3.1/../../../../arm-none-eabi/lib/thumb/v7e-m+fp/hard/libc_nano.a(libc_a-lock.o)
                0x08009e7c                __retarget_lock_acquire
 .text.__retarget_lock_acquire_recursive
                0x08009e7e        0x2 /Users/kroko/Library/Application Support/Code/User/globalStorage/bmd.stm32-for-vscode/@xpack-dev-tools/arm-none-eabi-gcc/13.3.1-1.1.1/.content/bin/../lib/gcc/arm-none-eabi/13.3.1/../../../../arm-none-eabi/lib/thumb/v7e-m+fp/hard/libc_nano.a(libc_a-lock.o)
                0x08009e7e                __retarget_lock_acquire_recursive
 .text.__retarget_lock_release
                0x08009e80        0x2 /Users/kroko/Library/Application Support/Code/User/globalStorage/bmd.stm32-for-vscode/@xpack-dev-tools/arm-none-eabi-gcc/13.3.1-1.1.1/.content/bin/../lib/gcc/arm-none-eabi/13.3.1/../../../../arm-none-eabi/lib/thumb/v7e-m+fp/hard/libc_nano.a(libc_a-lock.o)
                0x08009e80                __retarget_lock_release
 .text.__retarget_lock_release_recursive
                0x08009e82        0x2 /Users/kroko/Library/Application Support/Code/User/globalStorage/bmd.stm32-for-vscode/@xpack-dev-tools/arm-none-eabi-gcc/13.3.1-1.1.1/.content/bin/../lib/gcc/arm-none-eabi/13.3.1/../../../../arm-none-eabi/lib/thumb/v7e-m+fp/hard/libc_nano.a(libc_a-lock.o)
                0x08009e82                __retarget_lock_release_recursive
 .text._tzset_unlocked_r
                0x08009e84      0x444 /Users/kroko/Library/Application Support/Code/User/globalStorage/bmd.stm32-for-vscode/@xpack-dev-tools/arm-none-eabi-gcc/13.3.1-1.1.1/.content/bin/../lib/gcc/arm-none-eabi/13.3.1/../../../../arm-none-eabi/lib/thumb/v7e-m+fp/hard/libc_nano.a(libc_a-tzset_r.o)
                0x08009e84                _tzset_unlocked_r
 .text.strcpy   0x0800a2c8       0x10 /Users/kroko/Library/Application Support/Code/User/globalStorage/bmd.stm32-for-vscode/@xpack-dev-tools/arm-none-eabi-gcc/13.3.1-1.1.1/.content/bin/../lib/gcc/arm-none-eabi/13.3.1/../../../../arm-none-eabi/lib/thumb/v7e-m+fp/hard/libc_nano.a(libc_a-strcpy.o)
                0x0800a2c8                strcpy
 .text.div      0x0800a2d8       0x10 /Users/kroko/Library/Application Support/Code/User/globalStorage/bmd.stm32-for-vscode/@xpack-dev-tools/arm-none-eabi-gcc/13.3.1-1.1.1/.content/bin/../lib/gcc/arm-none-eabi/13.3.1/../../../../arm-none-eabi/lib/thumb/v7e-m+fp/hard/libc_nano.a(libc_a-div.o)
                0x0800a2d8                div
 .text._findenv_r
                0x0800a2e8       0x78 /Users/kroko/Library/Application Support/Code/User/globalStorage/bmd.stm32-for-vscode/@xpack-dev-tools/arm-none-eabi-gcc/13.3.1-1.1.1/.content/bin/../lib/gcc/arm-none-eabi/13.3.1/../../../../arm-none-eabi/lib/thumb/v7e-m+fp/hard/libc_nano.a(libc_a-getenv_r.o)
                0x0800a2e8                _findenv_r
 .text._getenv_r
                0x0800a360        0xe /Users/kroko/Library/Application Support/Code/User/globalStorage/bmd.stm32-for-vscode/@xpack-dev-tools/arm-none-eabi-gcc/13.3.1-1.1.1/.content/bin/../lib/gcc/arm-none-eabi/13.3.1/../../../../arm-none-eabi/lib/thumb/v7e-m+fp/hard/libc_nano.a(libc_a-getenv_r.o)
                0x0800a360                _getenv_r
 .text.__ssputs_r
                0x0800a36e       0xb6 /Users/kroko/Library/Application Support/Code/User/globalStorage/bmd.stm32-for-vscode/@xpack-dev-tools/arm-none-eabi-gcc/13.3.1-1.1.1/.content/bin/../lib/gcc/arm-none-eabi/13.3.1/../../../../arm-none-eabi/lib/thumb/v7e-m+fp/hard/libc_nano.a(libc_a-nano-svfprintf.o)
                0x0800a36e                __ssputs_r
 .text._svfprintf_r
                0x0800a424      0x1f8 /Users/kroko/Library/Application Support/Code/User/globalStorage/bmd.stm32-for-vscode/@xpack-dev-tools/arm-none-eabi-gcc/13.3.1-1.1.1/.content/bin/../lib/gcc/arm-none-eabi/13.3.1/../../../../arm-none-eabi/lib/thumb/v7e-m+fp/hard/libc_nano.a(libc_a-nano-svfprintf.o)
                0x0800a424                _svfprintf_r
                0x0800a424                _svfiprintf_r
 .text.free     0x0800a61c       0x10 /Users/kroko/Library/Application Support/Code/User/globalStorage/bmd.stm32-for-vscode/@xpack-dev-tools/arm-none-eabi-gcc/13.3.1-1.1.1/.content/bin/../lib/gcc/arm-none-eabi/13.3.1/../../../../arm-none-eabi/lib/thumb/v7e-m+fp/hard/libc_nano.a(libc_a-malloc.o)
                0x0800a61c                free
 .text.sbrk_aligned
                0x0800a62c       0x44 /Users/kroko/Library/Application Support/Code/User/globalStorage/bmd.stm32-for-vscode/@xpack-dev-tools/arm-none-eabi-gcc/13.3.1-1.1.1/.content/bin/../lib/gcc/arm-none-eabi/13.3.1/../../../../arm-none-eabi/lib/thumb/v7e-m+fp/hard/libc_nano.a(libc_a-mallocr.o)
 .text._malloc_r
                0x0800a670      0x100 /Users/kroko/Library/Application Support/Code/User/globalStorage/bmd.stm32-for-vscode/@xpack-dev-tools/arm-none-eabi-gcc/13.3.1-1.1.1/.content/bin/../lib/gcc/arm-none-eabi/13.3.1/../../../../arm-none-eabi/lib/thumb/v7e-m+fp/hard/libc_nano.a(libc_a-mallocr.o)
                0x0800a670                _malloc_r
 .text._printf_common
                0x0800a770       0xda /Users/kroko/Library/Application Support/Code/User/globalStorage/bmd.stm32-for-vscode/@xpack-dev-tools/arm-none-eabi-gcc/13.3.1-1.1.1/.content/bin/../lib/gcc/arm-none-eabi/13.3.1/../../../../arm-none-eabi/lib/thumb/v7e-m+fp/hard/libc_nano.a(libc_a-nano-vfprintf_i.o)
                0x0800a770                _printf_common
 *fill*         0x0800a84a        0x2 
 .text._printf_i
                0x0800a84c      0x23c /Users/kroko/Library/Application Support/Code/User/globalStorage/bmd.stm32-for-vscode/@xpack-dev-tools/arm-none-eabi-gcc/13.3.1-1.1.1/.content/bin/../lib/gcc/arm-none-eabi/13.3.1/../../../../arm-none-eabi/lib/thumb/v7e-m+fp/hard/libc_nano.a(libc_a-nano-vfprintf_i.o)
                0x0800a84c                _printf_i
 .text.__malloc_lock
                0x0800aa88        0xc /Users/kroko/Library/Application Support/Code/User/globalStorage/bmd.stm32-for-vscode/@xpack-dev-tools/arm-none-eabi-gcc/13.3.1-1.1.1/.content/bin/../lib/gcc/arm-none-eabi/13.3.1/../../../../arm-none-eabi/lib/thumb/v7e-m+fp/hard/libc_nano.a(libc_a-mlock.o)
                0x0800aa88                __malloc_lock
 .text.__malloc_unlock
                0x0800aa94        0xc /Users/kroko/Library/Application Support/Code/User/globalStorage/bmd.stm32-for-vscode/@xpack-dev-tools/arm-none-eabi-gcc/13.3.1-1.1.1/.content/bin/../lib/gcc/arm-none-eabi/13.3.1/../../../../arm-none-eabi/lib/thumb/v7e-m+fp/hard/libc_nano.a(libc_a-mlock.o)
                0x0800aa94                __malloc_unlock
 .text.sscanf   0x0800aaa0       0x58 /Users/kroko/Library/Application Support/Code/User/globalStorage/bmd.stm32-for-vscode/@xpack-dev-tools/arm-none-eabi-gcc/13.3.1-1.1.1/.content/bin/../lib/gcc/arm-none-eabi/13.3.1/../../../../arm-none-eabi/lib/thumb/v7e-m+fp/hard/libc_nano.a(libc_a-sscanf.o)
                0x0800aaa0                sscanf
                0x0800aaa0                siscanf
 .text.__seofread
                0x0800aaf8        0x4 /Users/kroko/Library/Application Support/Code/User/globalStorage/bmd.stm32-for-vscode/@xpack-dev-tools/arm-none-eabi-gcc/13.3.1-1.1.1/.content/bin/../lib/gcc/arm-none-eabi/13.3.1/../../../../arm-none-eabi/lib/thumb/v7e-m+fp/hard/libc_nano.a(libc_a-stdio.o)
                0x0800aaf8                __seofread
 .text._realloc_r
                0x0800aafc       0x5c /Users/kroko/Library/Application Support/Code/User/globalStorage/bmd.stm32-for-vscode/@xpack-dev-tools/arm-none-eabi-gcc/13.3.1-1.1.1/.content/bin/../lib/gcc/arm-none-eabi/13.3.1/../../../../arm-none-eabi/lib/thumb/v7e-m+fp/hard/libc_nano.a(libc_a-reallocr.o)
                0x0800aafc                _realloc_r
 .text._strtoul_l.isra.0
                0x0800ab58       0xdc /Users/kroko/Library/Application Support/Code/User/globalStorage/bmd.stm32-for-vscode/@xpack-dev-tools/arm-none-eabi-gcc/13.3.1-1.1.1/.content/bin/../lib/gcc/arm-none-eabi/13.3.1/../../../../arm-none-eabi/lib/thumb/v7e-m+fp/hard/libc_nano.a(libc_a-strtoul.o)
 .text._strtoul_r
                0x0800ac34        0x4 /Users/kroko/Library/Application Support/Code/User/globalStorage/bmd.stm32-for-vscode/@xpack-dev-tools/arm-none-eabi-gcc/13.3.1-1.1.1/.content/bin/../lib/gcc/arm-none-eabi/13.3.1/../../../../arm-none-eabi/lib/thumb/v7e-m+fp/hard/libc_nano.a(libc_a-strtoul.o)
                0x0800ac34                _strtoul_r
 .text.strtoul  0x0800ac38       0x14 /Users/kroko/Library/Application Support/Code/User/globalStorage/bmd.stm32-for-vscode/@xpack-dev-tools/arm-none-eabi-gcc/13.3.1-1.1.1/.content/bin/../lib/gcc/arm-none-eabi/13.3.1/../../../../arm-none-eabi/lib/thumb/v7e-m+fp/hard/libc_nano.a(libc_a-strtoul.o)
                0x0800ac38                strtoul
 .text.memmove  0x0800ac4c       0x34 /Users/kroko/Library/Application Support/Code/User/globalStorage/bmd.stm32-for-vscode/@xpack-dev-tools/arm-none-eabi-gcc/13.3.1-1.1.1/.content/bin/../lib/gcc/arm-none-eabi/13.3.1/../../../../arm-none-eabi/lib/thumb/v7e-m+fp/hard/libc_nano.a(libc_a-memmove.o)
                0x0800ac4c                memmove
 .text.strncmp  0x0800ac80       0x24 /Users/kroko/Library/Application Support/Code/User/globalStorage/bmd.stm32-for-vscode/@xpack-dev-tools/arm-none-eabi-gcc/13.3.1-1.1.1/.content/bin/../lib/gcc/arm-none-eabi/13.3.1/../../../../arm-none-eabi/lib/thumb/v7e-m+fp/hard/libc_nano.a(libc_a-strncmp.o)
                0x0800ac80                strncmp
 .text._sbrk_r  0x0800aca4       0x20 /Users/kroko/Library/Application Support/Code/User/globalStorage/bmd.stm32-for-vscode/@xpack-dev-tools/arm-none-eabi-gcc/13.3.1-1.1.1/.content/bin/../lib/gcc/arm-none-eabi/13.3.1/../../../../arm-none-eabi/lib/thumb/v7e-m+fp/hard/libc_nano.a(libc_a-sbrkr.o)
                0x0800aca4                _sbrk_r
 .text.__gettzinfo
                0x0800acc4        0x8 /Users/kroko/Library/Application Support/Code/User/globalStorage/bmd.stm32-for-vscode/@xpack-dev-tools/arm-none-eabi-gcc/13.3.1-1.1.1/.content/bin/../lib/gcc/arm-none-eabi/13.3.1/../../../../arm-none-eabi/lib/thumb/v7e-m+fp/hard/libc_nano.a(libc_a-gettzinfo.o)
                0x0800acc4                __gettzinfo
 .text.memcpy   0x0800accc       0x1c /Users/kroko/Library/Application Support/Code/User/globalStorage/bmd.stm32-for-vscode/@xpack-dev-tools/arm-none-eabi-gcc/13.3.1-1.1.1/.content/bin/../lib/gcc/arm-none-eabi/13.3.1/../../../../arm-none-eabi/lib/thumb/v7e-m+fp/hard/libc_nano.a(libc_a-memcpy-stub.o)
                0x0800accc                memcpy
 .text.__env_lock
                0x0800ace8        0xc /Users/kroko/Library/Application Support/Code/User/globalStorage/bmd.stm32-for-vscode/@xpack-dev-tools/arm-none-eabi-gcc/13.3.1-1.1.1/.content/bin/../lib/gcc/arm-none-eabi/13.3.1/../../../../arm-none-eabi/lib/thumb/v7e-m+fp/hard/libc_nano.a(libc_a-envlock.o)
                0x0800ace8                __env_lock
 .text.__env_unlock
                0x0800acf4        0xc /Users/kroko/Library/Application Support/Code/User/globalStorage/bmd.stm32-for-vscode/@xpack-dev-tools/arm-none-eabi-gcc/13.3.1-1.1.1/.content/bin/../lib/gcc/arm-none-eabi/13.3.1/../../../../arm-none-eabi/lib/thumb/v7e-m+fp/hard/libc_nano.a(libc_a-envlock.o)
                0x0800acf4                __env_unlock
 .text._free_r  0x0800ad00       0x94 /Users/kroko/Library/Application Support/Code/User/globalStorage/bmd.stm32-for-vscode/@xpack-dev-tools/arm-none-eabi-gcc/13.3.1-1.1.1/.content/bin/../lib/gcc/arm-none-eabi/13.3.1/../../../../arm-none-eabi/lib/thumb/v7e-m+fp/hard/libc_nano.a(libc_a-freer.o)
                0x0800ad00                _free_r
 .text._sungetc_r
                0x0800ad94       0x7a /Users/kroko/Library/Application Support/Code/User/globalStorage/bmd.stm32-for-vscode/@xpack-dev-tools/arm-none-eabi-gcc/13.3.1-1.1.1/.content/bin/../lib/gcc/arm-none-eabi/13.3.1/../../../../arm-none-eabi/lib/thumb/v7e-m+fp/hard/libc_nano.a(libc_a-nano-svfscanf.o)
                0x0800ad94                _sungetc_r
 .text.__ssrefill_r
                0x0800ae0e       0x3a /Users/kroko/Library/Application Support/Code/User/globalStorage/bmd.stm32-for-vscode/@xpack-dev-tools/arm-none-eabi-gcc/13.3.1-1.1.1/.content/bin/../lib/gcc/arm-none-eabi/13.3.1/../../../../arm-none-eabi/lib/thumb/v7e-m+fp/hard/libc_nano.a(libc_a-nano-svfscanf.o)
                0x0800ae0e                __ssrefill_r
 .text.__ssvfscanf_r
                0x0800ae48      0x2ec /Users/kroko/Library/Application Support/Code/User/globalStorage/bmd.stm32-for-vscode/@xpack-dev-tools/arm-none-eabi-gcc/13.3.1-1.1.1/.content/bin/../lib/gcc/arm-none-eabi/13.3.1/../../../../arm-none-eabi/lib/thumb/v7e-m+fp/hard/libc_nano.a(libc_a-nano-svfscanf.o)
                0x0800ae48                __ssvfscanf_r
                0x0800ae48                __ssvfiscanf_r
 .text._scanf_chars
                0x0800b134       0xb4 /Users/kroko/Library/Application Support/Code/User/globalStorage/bmd.stm32-for-vscode/@xpack-dev-tools/arm-none-eabi-gcc/13.3.1-1.1.1/.content/bin/../lib/gcc/arm-none-eabi/13.3.1/../../../../arm-none-eabi/lib/thumb/v7e-m+fp/hard/libc_nano.a(libc_a-nano-vfscanf_i.o)
                0x0800b134                _scanf_chars
 .text._scanf_i
                0x0800b1e8      0x1e8 /Users/kroko/Library/Application Support/Code/User/globalStorage/bmd.stm32-for-vscode/@xpack-dev-tools/arm-none-eabi-gcc/13.3.1-1.1.1/.content/bin/../lib/gcc/arm-none-eabi/13.3.1/../../../../arm-none-eabi/lib/thumb/v7e-m+fp/hard/libc_nano.a(libc_a-nano-vfscanf_i.o)
                0x0800b1e8                _scanf_i
 .text.__sccl   0x0800b3d0       0x72 /Users/kroko/Library/Application Support/Code/User/globalStorage/bmd.stm32-for-vscode/@xpack-dev-tools/arm-none-eabi-gcc/13.3.1-1.1.1/.content/bin/../lib/gcc/arm-none-eabi/13.3.1/../../../../arm-none-eabi/lib/thumb/v7e-m+fp/hard/libc_nano.a(libc_a-sccl.o)
                0x0800b3d0                __sccl
 .text._malloc_usable_size_r
                0x0800b442       0x10 /Users/kroko/Library/Application Support/Code/User/globalStorage/bmd.stm32-for-vscode/@xpack-dev-tools/arm-none-eabi-gcc/13.3.1-1.1.1/.content/bin/../lib/gcc/arm-none-eabi/13.3.1/../../../../arm-none-eabi/lib/thumb/v7e-m+fp/hard/libc_nano.a(libc_a-msizer.o)
                0x0800b442                _malloc_usable_size_r
 .text.__submore
                0x0800b452       0x74 /Users/kroko/Library/Application Support/Code/User/globalStorage/bmd.stm32-for-vscode/@xpack-dev-tools/arm-none-eabi-gcc/13.3.1-1.1.1/.content/bin/../lib/gcc/arm-none-eabi/13.3.1/../../../../arm-none-eabi/lib/thumb/v7e-m+fp/hard/libc_nano.a(libc_a-ungetc.o)
                0x0800b452                __submore
 *fill*         0x0800b4c6        0x2 
 .text._strtol_l.isra.0
                0x0800b4c8       0xf4 /Users/kroko/Library/Application Support/Code/User/globalStorage/bmd.stm32-for-vscode/@xpack-dev-tools/arm-none-eabi-gcc/13.3.1-1.1.1/.content/bin/../lib/gcc/arm-none-eabi/13.3.1/../../../../arm-none-eabi/lib/thumb/v7e-m+fp/hard/libc_nano.a(libc_a-strtol.o)
 .text._strtol_r
                0x0800b5bc        0x4 /Users/kroko/Library/Application Support/Code/User/globalStorage/bmd.stm32-for-vscode/@xpack-dev-tools/arm-none-eabi-gcc/13.3.1-1.1.1/.content/bin/../lib/gcc/arm-none-eabi/13.3.1/../../../../arm-none-eabi/lib/thumb/v7e-m+fp/hard/libc_nano.a(libc_a-strtol.o)
                0x0800b5bc                _strtol_r
 .text.__udivmoddi4
                0x0800b5c0      0x2bc /Users/kroko/Library/Application Support/Code/User/globalStorage/bmd.stm32-for-vscode/@xpack-dev-tools/arm-none-eabi-gcc/13.3.1-1.1.1/.content/bin/../lib/gcc/arm-none-eabi/13.3.1/thumb/v7e-m+fp/hard/libgcc.a(_udivmoddi4.o)
                0x0800b5c0                __udivmoddi4
 *(.glue_7)
 .glue_7        0x0800b87c        0x0 linker stubs
 *(.glue_7t)
 .glue_7t       0x0800b87c        0x0 linker stubs
 *(.eh_frame)
 .eh_frame      0x0800b87c        0x0 /Users/kroko/Library/Application Support/Code/User/globalStorage/bmd.stm32-for-vscode/@xpack-dev-tools/arm-none-eabi-gcc/13.3.1-1.1.1/.content/bin/../lib/gcc/arm-none-eabi/13.3.1/thumb/v7e-m+fp/hard/crtbegin.o
 *(.init)
 .init          0x0800b87c        0x4 /Users/kroko/Library/Application Support/Code/User/globalStorage/bmd.stm32-for-vscode/@xpack-dev-tools/arm-none-eabi-gcc/13.3.1-1.1.1/.content/bin/../lib/gcc/arm-none-eabi/13.3.1/thumb/v7e-m+fp/hard/crti.o
                0x0800b87c                _init
 .init          0x0800b880        0x8 /Users/kroko/Library/Application Support/Code/User/globalStorage/bmd.stm32-for-vscode/@xpack-dev-tools/arm-none-eabi-gcc/13.3.1-1.1.1/.content/bin/../lib/gcc/arm-none-eabi/13.3.1/thumb/v7e-m+fp/hard/crtn.o
 *(.fini)
 .fini          0x0800b888        0x4 /Users/kroko/Library/Application Support/Code/User/globalStorage/bmd.stm32-for-vscode/@xpack-dev-tools/arm-none-eabi-gcc/13.3.1-1.1.1/.content/bin/../lib/gcc/arm-none-eabi/13.3.1/thumb/v7e-m+fp/hard/crti.o
                0x0800b888                _fini
 .fini          0x0800b88c        0x8 /Users/kroko/Library/Application Support/Code/User/globalStorage/bmd.stm32-for-vscode/@xpack-dev-tools/arm-none-eabi-gcc/13.3.1-1.1.1/.content/bin/../lib/gcc/arm-none-eabi/13.3.1/thumb/v7e-m+fp/hard/crtn.o
                0x0800b898                        . = ALIGN (0x8)
 *fill*         0x0800b894        0x4 
                0x0800b898                        _etext = .

.vfp11_veneer   0x0800b898        0x0
 .vfp11_veneer  0x0800b898        0x0 linker stubs

.v4_bx          0x0800b898        0x0
 .v4_bx         0x0800b898        0x0 linker stubs

.iplt           0x0800b898        0x0
 .iplt          0x0800b898        0x0 /Users/kroko/Library/Application Support/Code/User/globalStorage/bmd.stm32-for-vscode/@xpack-dev-tools/arm-none-eabi-gcc/13.3.1-1.1.1/.content/bin/../lib/gcc/arm-none-eabi/13.3.1/thumb/v7e-m+fp/hard/crtbegin.o

.rodata         0x0800b898     0x32d0
                0x0800b898                        . = ALIGN (0x8)
 *(.rodata)
 .rodata        0x0800b898        0xc /Users/kroko/Library/Application Support/Code/User/globalStorage/bmd.stm32-for-vscode/@xpack-dev-tools/arm-none-eabi-gcc/13.3.1-1.1.1/.content/bin/../lib/gcc/arm-none-eabi/13.3.1/../../../../arm-none-eabi/lib/thumb/v7e-m+fp/hard/libc_nano.a(libc_a-nano-vfscanf_i.o)
 *(.rodata*)
 .rodata.EPD_DrawDate.str1.4
                0x0800b8a4       0x76 build/debug/EPD_GUI.o
                                  0xb (size before relaxing)
 *fill*         0x0800b91a        0x2 
 .rodata.Font12_Table
                0x0800b91c      0x474 build/debug/font12.o
                0x0800b91c                Font12_Table
 .rodata.Font16_Table
                0x0800bd90      0xbe0 build/debug/font16.o
                0x0800bd90                Font16_Table
 .rodata.Font24_Table
                0x0800c970     0x1ab8 build/debug/font24.o
                0x0800c970                Font24_Table
 .rodata.Font8_Table
                0x0800e428      0x2f8 build/debug/font8.o
                0x0800e428                Font8_Table
 .rodata.plot.str1.4
                0x0800e720       0x3b build/debug/main.o
 .rodata.set_time.str1.4
                0x0800e720        0x6 build/debug/main.o
 .rodata.dead_batt_26x16
                0x0800e720      0x1a0 build/debug/main.o
                0x0800e720                dead_batt_26x16
 .rodata.MSIRangeTable
                0x0800e8c0       0x30 build/debug/system_stm32l4xx.o
                0x0800e8c0                MSIRangeTable
 .rodata.APBPrescTable
                0x0800e8f0        0x8 build/debug/system_stm32l4xx.o
                0x0800e8f0                APBPrescTable
 .rodata.AHBPrescTable
                0x0800e8f8       0x10 build/debug/system_stm32l4xx.o
                0x0800e8f8                AHBPrescTable
 .rodata.USBD_FS_ProductStrDescriptor.str1.4
                0x0800e908        0x9 build/debug/usbd_desc.o
 .rodata.USBD_FS_ConfigStrDescriptor.str1.4
                0x0800e908        0xb build/debug/usbd_desc.o
 .rodata.USBD_FS_InterfaceStrDescriptor.str1.4
                0x0800e908        0xe build/debug/usbd_desc.o
 .rodata._DAYS_BEFORE_MONTH
                0x0800e908       0x30 /Users/kroko/Library/Application Support/Code/User/globalStorage/bmd.stm32-for-vscode/@xpack-dev-tools/arm-none-eabi-gcc/13.3.1-1.1.1/.content/bin/../lib/gcc/arm-none-eabi/13.3.1/../../../../arm-none-eabi/lib/thumb/v7e-m+fp/hard/libc_nano.a(libc_a-mktime.o)
 .rodata.DAYS_IN_MONTH
                0x0800e938       0x30 /Users/kroko/Library/Application Support/Code/User/globalStorage/bmd.stm32-for-vscode/@xpack-dev-tools/arm-none-eabi-gcc/13.3.1-1.1.1/.content/bin/../lib/gcc/arm-none-eabi/13.3.1/../../../../arm-none-eabi/lib/thumb/v7e-m+fp/hard/libc_nano.a(libc_a-mktime.o)
 .rodata._tzset_unlocked_r.str1.1
                0x0800e968       0x9c /Users/kroko/Library/Application Support/Code/User/globalStorage/bmd.stm32-for-vscode/@xpack-dev-tools/arm-none-eabi-gcc/13.3.1-1.1.1/.content/bin/../lib/gcc/arm-none-eabi/13.3.1/../../../../arm-none-eabi/lib/thumb/v7e-m+fp/hard/libc_nano.a(libc_a-tzset_r.o)
                                 0x61 (size before relaxing)
 .rodata.str1.1
                0x0800ea04        0x4 /Users/kroko/Library/Application Support/Code/User/globalStorage/bmd.stm32-for-vscode/@xpack-dev-tools/arm-none-eabi-gcc/13.3.1-1.1.1/.content/bin/../lib/gcc/arm-none-eabi/13.3.1/../../../../arm-none-eabi/lib/thumb/v7e-m+fp/hard/libc_nano.a(libc_a-tzvars.o)
 .rodata._svfprintf_r.str1.1
                0x0800ea04       0x11 /Users/kroko/Library/Application Support/Code/User/globalStorage/bmd.stm32-for-vscode/@xpack-dev-tools/arm-none-eabi-gcc/13.3.1-1.1.1/.content/bin/../lib/gcc/arm-none-eabi/13.3.1/../../../../arm-none-eabi/lib/thumb/v7e-m+fp/hard/libc_nano.a(libc_a-nano-svfprintf.o)
 .rodata._printf_i.str1.1
                0x0800ea04       0x22 /Users/kroko/Library/Application Support/Code/User/globalStorage/bmd.stm32-for-vscode/@xpack-dev-tools/arm-none-eabi-gcc/13.3.1-1.1.1/.content/bin/../lib/gcc/arm-none-eabi/13.3.1/../../../../arm-none-eabi/lib/thumb/v7e-m+fp/hard/libc_nano.a(libc_a-nano-vfprintf_i.o)
 .rodata.__month_lengths
                0x0800ea04       0x60 /Users/kroko/Library/Application Support/Code/User/globalStorage/bmd.stm32-for-vscode/@xpack-dev-tools/arm-none-eabi-gcc/13.3.1-1.1.1/.content/bin/../lib/gcc/arm-none-eabi/13.3.1/../../../../arm-none-eabi/lib/thumb/v7e-m+fp/hard/libc_nano.a(libc_a-month_lengths.o)
                0x0800ea04                __month_lengths
 .rodata._ctype_
                0x0800ea64      0x101 /Users/kroko/Library/Application Support/Code/User/globalStorage/bmd.stm32-for-vscode/@xpack-dev-tools/arm-none-eabi-gcc/13.3.1-1.1.1/.content/bin/../lib/gcc/arm-none-eabi/13.3.1/../../../../arm-none-eabi/lib/thumb/v7e-m+fp/hard/libc_nano.a(libc_a-ctype_.o)
                0x0800ea64                _ctype_
 .rodata.__ssvfscanf_r.str1.1
                0x0800eb65        0x4 /Users/kroko/Library/Application Support/Code/User/globalStorage/bmd.stm32-for-vscode/@xpack-dev-tools/arm-none-eabi-gcc/13.3.1-1.1.1/.content/bin/../lib/gcc/arm-none-eabi/13.3.1/../../../../arm-none-eabi/lib/thumb/v7e-m+fp/hard/libc_nano.a(libc_a-nano-svfscanf.o)
 .rodata._scanf_i.str1.1
                0x0800eb65       0x12 /Users/kroko/Library/Application Support/Code/User/globalStorage/bmd.stm32-for-vscode/@xpack-dev-tools/arm-none-eabi-gcc/13.3.1-1.1.1/.content/bin/../lib/gcc/arm-none-eabi/13.3.1/../../../../arm-none-eabi/lib/thumb/v7e-m+fp/hard/libc_nano.a(libc_a-nano-vfscanf_i.o)
 .rodata.str1.1
                0x0800eb65        0x9 /Users/kroko/Library/Application Support/Code/User/globalStorage/bmd.stm32-for-vscode/@xpack-dev-tools/arm-none-eabi-gcc/13.3.1-1.1.1/.content/bin/../lib/gcc/arm-none-eabi/13.3.1/../../../../arm-none-eabi/lib/thumb/v7e-m+fp/hard/libc_nano.a(libc_a-nano-vfscanf_i.o)
                0x0800eb78                        . = ALIGN (0x8)
 *fill*         0x0800eb65        0x3 

.ARM.extab      0x0800eb68        0x0
                0x0800eb68                        . = ALIGN (0x8)
 *(.ARM.extab* .gnu.linkonce.armextab.*)
                0x0800eb68                        . = ALIGN (0x8)

.ARM            0x0800eb68        0x8
                0x0800eb68                        . = ALIGN (0x8)
                0x0800eb68                        __exidx_start = .
 *(.ARM.exidx*)
 .ARM.exidx     0x0800eb68        0x8 /Users/kroko/Library/Application Support/Code/User/globalStorage/bmd.stm32-for-vscode/@xpack-dev-tools/arm-none-eabi-gcc/13.3.1-1.1.1/.content/bin/../lib/gcc/arm-none-eabi/13.3.1/../../../../arm-none-eabi/lib/thumb/v7e-m+fp/hard/libc_nano.a(libc_a-strcmp.o)
 .ARM.exidx     0x0800eb70        0x0 /Users/kroko/Library/Application Support/Code/User/globalStorage/bmd.stm32-for-vscode/@xpack-dev-tools/arm-none-eabi-gcc/13.3.1-1.1.1/.content/bin/../lib/gcc/arm-none-eabi/13.3.1/../../../../arm-none-eabi/lib/thumb/v7e-m+fp/hard/libc_nano.a(libc_a-strlen.o)
                                  0x8 (size before relaxing)
 .ARM.exidx     0x0800eb70        0x0 /Users/kroko/Library/Application Support/Code/User/globalStorage/bmd.stm32-for-vscode/@xpack-dev-tools/arm-none-eabi-gcc/13.3.1-1.1.1/.content/bin/../lib/gcc/arm-none-eabi/13.3.1/../../../../arm-none-eabi/lib/thumb/v7e-m+fp/hard/libc_nano.a(libc_a-memchr.o)
                                  0x8 (size before relaxing)
 .ARM.exidx.text.__udivmoddi4
                0x0800eb70        0x0 /Users/kroko/Library/Application Support/Code/User/globalStorage/bmd.stm32-for-vscode/@xpack-dev-tools/arm-none-eabi-gcc/13.3.1-1.1.1/.content/bin/../lib/gcc/arm-none-eabi/13.3.1/thumb/v7e-m+fp/hard/libgcc.a(_udivmoddi4.o)
                                  0x8 (size before relaxing)
                0x0800eb70                        __exidx_end = .
                0x0800eb70                        . = ALIGN (0x8)

.rel.dyn        0x0800eb70        0x0
 .rel.iplt      0x0800eb70        0x0 /Users/kroko/Library/Application Support/Code/User/globalStorage/bmd.stm32-for-vscode/@xpack-dev-tools/arm-none-eabi-gcc/13.3.1-1.1.1/.content/bin/../lib/gcc/arm-none-eabi/13.3.1/thumb/v7e-m+fp/hard/crtbegin.o

.preinit_array  0x0800eb70        0x0
                0x0800eb70                        . = ALIGN (0x8)
                0x0800eb70                        PROVIDE (__preinit_array_start = .)
 *(.preinit_array*)
                0x0800eb70                        PROVIDE (__preinit_array_end = .)
                0x0800eb70                        . = ALIGN (0x8)

.init_array     0x0800eb70        0x8
                0x0800eb70                        . = ALIGN (0x8)
                0x0800eb70                        PROVIDE (__init_array_start = .)
 *(SORT_BY_NAME(.init_array.*))
 *(.init_array*)
 .init_array    0x0800eb70        0x4 /Users/kroko/Library/Application Support/Code/User/globalStorage/bmd.stm32-for-vscode/@xpack-dev-tools/arm-none-eabi-gcc/13.3.1-1.1.1/.content/bin/../lib/gcc/arm-none-eabi/13.3.1/thumb/v7e-m+fp/hard/crtbegin.o
                0x0800eb74                        PROVIDE (__init_array_end = .)
                0x0800eb78                        . = ALIGN (0x8)
 *fill*         0x0800eb74        0x4 

.fini_array     0x0800eb78        0x8
                0x0800eb78                        . = ALIGN (0x8)
                0x0800eb78                        PROVIDE (__fini_array_start = .)
 *(SORT_BY_NAME(.fini_array.*))
 *(.fini_array*)
 .fini_array    0x0800eb78        0x4 /Users/kroko/Library/Application Support/Code/User/globalStorage/bmd.stm32-for-vscode/@xpack-dev-tools/arm-none-eabi-gcc/13.3.1-1.1.1/.content/bin/../lib/gcc/arm-none-eabi/13.3.1/thumb/v7e-m+fp/hard/crtbegin.o
                0x0800eb7c                        PROVIDE (__fini_array_end = .)
                0x0800eb80                        . = ALIGN (0x8)
 *fill*         0x0800eb7c        0x4 
                0x0800eb80                        _sidata = LOADADDR (.data)

.data           0x20000000      0x280 load address 0x0800eb80
                0x20000000                        . = ALIGN (0x8)
                0x20000000                        _sdata = .
 *(.data)
 *(.data*)
 .data.WS_20_30
                0x20000000       0x9f build/debug/EPD.o
                0x20000000                WS_20_30
 *fill*         0x2000009f        0x1 
 .data.Font12   0x200000a0        0x8 build/debug/font12.o
                0x200000a0                Font12
 .data.Font16   0x200000a8        0x8 build/debug/font16.o
                0x200000a8                Font16
 .data.Font24   0x200000b0        0x8 build/debug/font24.o
                0x200000b0                Font24
 .data.Font8    0x200000b8        0x8 build/debug/font8.o
                0x200000b8                Font8
 .data.uwTickFreq
                0x200000c0        0x1 build/debug/stm32l4xx_hal.o
                0x200000c0                uwTickFreq
 *fill*         0x200000c1        0x3 
 .data.uwTickPrio
                0x200000c4        0x4 build/debug/stm32l4xx_hal.o
                0x200000c4                uwTickPrio
 .data.environ  0x200000c8        0x4 build/debug/syscalls.o
                0x200000c8                environ
 .data.SystemCoreClock
                0x200000cc        0x4 build/debug/system_stm32l4xx.o
                0x200000cc                SystemCoreClock
 .data.USBD_CDC_CfgDesc
                0x200000d0       0x43 build/debug/usbd_cdc.o
 *fill*         0x20000113        0x1 
 .data.USBD_CDC
                0x20000114       0x38 build/debug/usbd_cdc.o
                0x20000114                USBD_CDC
 .data.USBD_CDC_DeviceQualifierDesc
                0x2000014c        0xa build/debug/usbd_cdc.o
 *fill*         0x20000156        0x2 
 .data.USBD_Interface_fops_FS
                0x20000158       0x14 build/debug/usbd_cdc_if.o
                0x20000158                USBD_Interface_fops_FS
 .data.USBD_StringSerial
                0x2000016c       0x1a build/debug/usbd_desc.o
                0x2000016c                USBD_StringSerial
 *fill*         0x20000186        0x2 
 .data.USBD_LangIDDesc
                0x20000188        0x4 build/debug/usbd_desc.o
                0x20000188                USBD_LangIDDesc
 .data.USBD_FS_BOSDesc
                0x2000018c        0xc build/debug/usbd_desc.o
                0x2000018c                USBD_FS_BOSDesc
 .data.USBD_FS_DeviceDesc
                0x20000198       0x12 build/debug/usbd_desc.o
                0x20000198                USBD_FS_DeviceDesc
 *fill*         0x200001aa        0x2 
 .data.FS_Desc  0x200001ac       0x20 build/debug/usbd_desc.o
                0x200001ac                FS_Desc
 .data._tzname  0x200001cc        0x8 /Users/kroko/Library/Application Support/Code/User/globalStorage/bmd.stm32-for-vscode/@xpack-dev-tools/arm-none-eabi-gcc/13.3.1-1.1.1/.content/bin/../lib/gcc/arm-none-eabi/13.3.1/../../../../arm-none-eabi/lib/thumb/v7e-m+fp/hard/libc_nano.a(libc_a-tzvars.o)
                0x200001cc                _tzname
 .data._impure_ptr
                0x200001d4        0x4 /Users/kroko/Library/Application Support/Code/User/globalStorage/bmd.stm32-for-vscode/@xpack-dev-tools/arm-none-eabi-gcc/13.3.1-1.1.1/.content/bin/../lib/gcc/arm-none-eabi/13.3.1/../../../../arm-none-eabi/lib/thumb/v7e-m+fp/hard/libc_nano.a(libc_a-impure.o)
                0x200001d4                _impure_ptr
 .data._impure_data
                0x200001d8       0x4c /Users/kroko/Library/Application Support/Code/User/globalStorage/bmd.stm32-for-vscode/@xpack-dev-tools/arm-none-eabi-gcc/13.3.1-1.1.1/.content/bin/../lib/gcc/arm-none-eabi/13.3.1/../../../../arm-none-eabi/lib/thumb/v7e-m+fp/hard/libc_nano.a(libc_a-impure.o)
                0x200001d8                _impure_data
 *fill*         0x20000224        0x4 
 .data.tzinfo   0x20000228       0x58 /Users/kroko/Library/Application Support/Code/User/globalStorage/bmd.stm32-for-vscode/@xpack-dev-tools/arm-none-eabi-gcc/13.3.1-1.1.1/.content/bin/../lib/gcc/arm-none-eabi/13.3.1/../../../../arm-none-eabi/lib/thumb/v7e-m+fp/hard/libc_nano.a(libc_a-gettzinfo.o)
                0x20000280                        . = ALIGN (0x8)
                0x20000280                        _edata = .

.igot.plt       0x20000280        0x0 load address 0x0800ee00
 .igot.plt      0x20000280        0x0 /Users/kroko/Library/Application Support/Code/User/globalStorage/bmd.stm32-for-vscode/@xpack-dev-tools/arm-none-eabi-gcc/13.3.1-1.1.1/.content/bin/../lib/gcc/arm-none-eabi/13.3.1/thumb/v7e-m+fp/hard/crtbegin.o
                0x20000280                        . = ALIGN (0x4)

.bss            0x20000280     0x15d8 load address 0x0800ee00
                0x20000280                        _sbss = .
                0x20000280                        __bss_start__ = _sbss
 *(.bss)
 *(.bss*)
 .bss.completed.1
                0x20000280        0x1 /Users/kroko/Library/Application Support/Code/User/globalStorage/bmd.stm32-for-vscode/@xpack-dev-tools/arm-none-eabi-gcc/13.3.1-1.1.1/.content/bin/../lib/gcc/arm-none-eabi/13.3.1/thumb/v7e-m+fp/hard/crtbegin.o
 *fill*         0x20000281        0x3 
 .bss.object.0  0x20000284       0x18 /Users/kroko/Library/Application Support/Code/User/globalStorage/bmd.stm32-for-vscode/@xpack-dev-tools/arm-none-eabi-gcc/13.3.1-1.1.1/.content/bin/../lib/gcc/arm-none-eabi/13.3.1/thumb/v7e-m+fp/hard/crtbegin.o
 .bss.Paint     0x2000029c       0x18 build/debug/EPD_GUI.o
                0x2000029c                Paint
 .bss.temperatureSensor
                0x200002b4       0x18 build/debug/main.o
                0x200002b4                temperatureSensor
 .bss.adcData   0x200002cc        0x2 build/debug/main.o
                0x200002cc                adcData
 *fill*         0x200002ce        0x2 
 .bss.mcuVoltage
                0x200002d0        0x4 build/debug/main.o
                0x200002d0                mcuVoltage
 .bss.huart2    0x200002d4       0x88 build/debug/main.o
                0x200002d4                huart2
 .bss.hspi1     0x2000035c       0x64 build/debug/main.o
                0x2000035c                hspi1
 .bss.hrtc      0x200003c0       0x2c build/debug/main.o
                0x200003c0                hrtc
 .bss.hdma_adc1
                0x200003ec       0x48 build/debug/main.o
                0x200003ec                hdma_adc1
 .bss.hadc1     0x20000434       0x64 build/debug/main.o
                0x20000434                hadc1
 .bss.flag      0x20000498        0x1 build/debug/queue.o
 *fill*         0x20000499        0x3 
 .bss.data_queue
                0x2000049c       0x64 build/debug/queue.o
                0x2000049c                data_queue
 .bss.uwTick    0x20000500        0x4 build/debug/stm32l4xx_hal.o
                0x20000500                uwTick
 .bss.__env     0x20000504        0x4 build/debug/syscalls.o
                0x20000504                __env
 .bss.__sbrk_heap_end
                0x20000508        0x4 build/debug/sysmem.o
 .bss.hUsbDeviceFS
                0x2000050c      0x2dc build/debug/usb_device.o
                0x2000050c                hUsbDeviceFS