Archive member included to satisfy reference by file (symbol)

C:/Program Files (x86)/Arm GNU Toolchain arm-none-eabi/14.2 rel1/bin/../lib/gcc/arm-none-eabi/14.2.1/thumb/v7e-m+fp/hard\libc_nano.a(libc_a-atoi.o)
                              build/debug/main.o (atoi)
C:/Program Files (x86)/Arm GNU Toolchain arm-none-eabi/14.2 rel1/bin/../lib/gcc/arm-none-eabi/14.2.1/thumb/v7e-m+fp/hard\libc_nano.a(libc_a-exit.o)
                              C:/Program Files (x86)/Arm GNU Toolchain arm-none-eabi/14.2 rel1/bin/../lib/gcc/arm-none-eabi/14.2.1/thumb/v7e-m+fp/hard/crt0.o (exit)
C:/Program Files (x86)/Arm GNU Toolchain arm-none-eabi/14.2 rel1/bin/../lib/gcc/arm-none-eabi/14.2.1/thumb/v7e-m+fp/hard\libc_nano.a(libc_a-strtol.o)
                              C:/Program Files (x86)/Arm GNU Toolchain arm-none-eabi/14.2 rel1/bin/../lib/gcc/arm-none-eabi/14.2.1/thumb/v7e-m+fp/hard\libc_nano.a(libc_a-atoi.o) (_strtol_r)
C:/Program Files (x86)/Arm GNU Toolchain arm-none-eabi/14.2 rel1/bin/../lib/gcc/arm-none-eabi/14.2.1/thumb/v7e-m+fp/hard\libc_nano.a(libc_a-ctype_.o)
                              C:/Program Files (x86)/Arm GNU Toolchain arm-none-eabi/14.2 rel1/bin/../lib/gcc/arm-none-eabi/14.2.1/thumb/v7e-m+fp/hard\libc_nano.a(libc_a-strtol.o) (_ctype_)
C:/Program Files (x86)/Arm GNU Toolchain arm-none-eabi/14.2 rel1/bin/../lib/gcc/arm-none-eabi/14.2.1/thumb/v7e-m+fp/hard\libc_nano.a(libc_a-findfp.o)
                              C:/Program Files (x86)/Arm GNU Toolchain arm-none-eabi/14.2 rel1/bin/../lib/gcc/arm-none-eabi/14.2.1/thumb/v7e-m+fp/hard\libc_nano.a(libc_a-exit.o) (__stdio_exit_handler)
C:/Program Files (x86)/Arm GNU Toolchain arm-none-eabi/14.2 rel1/bin/../lib/gcc/arm-none-eabi/14.2.1/thumb/v7e-m+fp/hard\libc_nano.a(libc_a-fwalk.o)
                              C:/Program Files (x86)/Arm GNU Toolchain arm-none-eabi/14.2 rel1/bin/../lib/gcc/arm-none-eabi/14.2.1/thumb/v7e-m+fp/hard\libc_nano.a(libc_a-findfp.o) (_fwalk_sglue)
C:/Program Files (x86)/Arm GNU Toolchain arm-none-eabi/14.2 rel1/bin/../lib/gcc/arm-none-eabi/14.2.1/thumb/v7e-m+fp/hard\libc_nano.a(libc_a-sprintf.o)
                              build/debug/main.o (sprintf)
C:/Program Files (x86)/Arm GNU Toolchain arm-none-eabi/14.2 rel1/bin/../lib/gcc/arm-none-eabi/14.2.1/thumb/v7e-m+fp/hard\libc_nano.a(libc_a-stdio.o)
                              C:/Program Files (x86)/Arm GNU Toolchain arm-none-eabi/14.2 rel1/bin/../lib/gcc/arm-none-eabi/14.2.1/thumb/v7e-m+fp/hard\libc_nano.a(libc_a-findfp.o) (__sread)
C:/Program Files (x86)/Arm GNU Toolchain arm-none-eabi/14.2 rel1/bin/../lib/gcc/arm-none-eabi/14.2.1/thumb/v7e-m+fp/hard\libc_nano.a(libc_a-memset.o)
                              C:/Program Files (x86)/Arm GNU Toolchain arm-none-eabi/14.2 rel1/bin/../lib/gcc/arm-none-eabi/14.2.1/thumb/v7e-m+fp/hard/crt0.o (memset)
C:/Program Files (x86)/Arm GNU Toolchain arm-none-eabi/14.2 rel1/bin/../lib/gcc/arm-none-eabi/14.2.1/thumb/v7e-m+fp/hard\libc_nano.a(libc_a-mktime.o)
                              build/debug/queue.o (mktime)
C:/Program Files (x86)/Arm GNU Toolchain arm-none-eabi/14.2 rel1/bin/../lib/gcc/arm-none-eabi/14.2.1/thumb/v7e-m+fp/hard\libc_nano.a(libc_a-tzcalc_limits.o)
                              C:/Program Files (x86)/Arm GNU Toolchain arm-none-eabi/14.2 rel1/bin/../lib/gcc/arm-none-eabi/14.2.1/thumb/v7e-m+fp/hard\libc_nano.a(libc_a-mktime.o) (__tzcalc_limits)
C:/Program Files (x86)/Arm GNU Toolchain arm-none-eabi/14.2 rel1/bin/../lib/gcc/arm-none-eabi/14.2.1/thumb/v7e-m+fp/hard\libc_nano.a(libc_a-tzlock.o)
                              C:/Program Files (x86)/Arm GNU Toolchain arm-none-eabi/14.2 rel1/bin/../lib/gcc/arm-none-eabi/14.2.1/thumb/v7e-m+fp/hard\libc_nano.a(libc_a-mktime.o) (__tz_lock)
C:/Program Files (x86)/Arm GNU Toolchain arm-none-eabi/14.2 rel1/bin/../lib/gcc/arm-none-eabi/14.2.1/thumb/v7e-m+fp/hard\libc_nano.a(libc_a-tzset.o)
                              C:/Program Files (x86)/Arm GNU Toolchain arm-none-eabi/14.2 rel1/bin/../lib/gcc/arm-none-eabi/14.2.1/thumb/v7e-m+fp/hard\libc_nano.a(libc_a-mktime.o) (_tzset_unlocked)
C:/Program Files (x86)/Arm GNU Toolchain arm-none-eabi/14.2 rel1/bin/../lib/gcc/arm-none-eabi/14.2.1/thumb/v7e-m+fp/hard\libc_nano.a(libc_a-tzset_r.o)
                              C:/Program Files (x86)/Arm GNU Toolchain arm-none-eabi/14.2 rel1/bin/../lib/gcc/arm-none-eabi/14.2.1/thumb/v7e-m+fp/hard\libc_nano.a(libc_a-tzset.o) (_tzset_unlocked_r)
C:/Program Files (x86)/Arm GNU Toolchain arm-none-eabi/14.2 rel1/bin/../lib/gcc/arm-none-eabi/14.2.1/thumb/v7e-m+fp/hard\libc_nano.a(libc_a-tzvars.o)
                              C:/Program Files (x86)/Arm GNU Toolchain arm-none-eabi/14.2 rel1/bin/../lib/gcc/arm-none-eabi/14.2.1/thumb/v7e-m+fp/hard\libc_nano.a(libc_a-tzset_r.o) (_timezone)
C:/Program Files (x86)/Arm GNU Toolchain arm-none-eabi/14.2 rel1/bin/../lib/gcc/arm-none-eabi/14.2.1/thumb/v7e-m+fp/hard\libc_nano.a(libc_a-closer.o)
[...]
Memory Configuration

Name             Origin             Length             Attributes
RAM              0x20000000         0x00008000         xrw
RAM2             0x10000000         0x00002000         xrw
FLASH            0x08000000         0x00020000         xr
*default*        0x00000000         0xffffffff

Linker script and memory map

LOAD C:/Program Files (x86)/Arm GNU Toolchain arm-none-eabi/14.2 rel1/bin/../lib/gcc/arm-none-eabi/14.2.1/thumb/v7e-m+fp/hard/crti.o
LOAD C:/Program Files (x86)/Arm GNU Toolchain arm-none-eabi/14.2 rel1/bin/../lib/gcc/arm-none-eabi/14.2.1/thumb/v7e-m+fp/hard/crtbegin.o
LOAD C:/Program Files (x86)/Arm GNU Toolchain arm-none-eabi/14.2 rel1/bin/../lib/gcc/arm-none-eabi/14.2.1/thumb/v7e-m+fp/hard/crt0.o
LOAD build/debug/EPD.o
LOAD build/debug/EPD_Conf.o
LOAD build/debug/EPD_GUI.o
LOAD build/debug/USB_storage.o
LOAD build/debug/buttons.o
LOAD build/debug/ds18b20.o
LOAD build/debug/font12.o
LOAD build/debug/font16.o
LOAD build/debug/font20.o
LOAD build/debug/font24.o
LOAD build/debug/font8.o
LOAD build/debug/main.o
LOAD build/debug/onewire.o
LOAD build/debug/queue.o
LOAD build/debug/stm32l4xx_hal.o
LOAD build/debug/stm32l4xx_hal_adc.o
LOAD build/debug/stm32l4xx_hal_adc_ex.o
LOAD build/debug/stm32l4xx_hal_cortex.o
LOAD build/debug/stm32l4xx_hal_dma.o
LOAD build/debug/stm32l4xx_hal_dma_ex.o
LOAD build/debug/stm32l4xx_hal_exti.o
LOAD build/debug/stm32l4xx_hal_flash.o
LOAD build/debug/stm32l4xx_hal_flash_ex.o
LOAD build/debug/stm32l4xx_hal_flash_ramfunc.o
LOAD build/debug/stm32l4xx_hal_gpio.o
LOAD build/debug/stm32l4xx_hal_i2c.o
LOAD build/debug/stm32l4xx_hal_i2c_ex.o
LOAD build/debug/stm32l4xx_hal_lptim.o
LOAD build/debug/stm32l4xx_hal_msp.o
LOAD build/debug/stm32l4xx_hal_pcd.o
LOAD build/debug/stm32l4xx_hal_pcd_ex.o
LOAD build/debug/stm32l4xx_hal_pwr.o
LOAD build/debug/stm32l4xx_hal_pwr_ex.o
LOAD build/debug/stm32l4xx_hal_rcc.o
LOAD build/debug/stm32l4xx_hal_rcc_ex.o
LOAD build/debug/stm32l4xx_hal_rtc.o
LOAD build/debug/stm32l4xx_hal_rtc_ex.o
LOAD build/debug/stm32l4xx_hal_spi.o
LOAD build/debug/stm32l4xx_hal_spi_ex.o
LOAD build/debug/stm32l4xx_hal_uart.o
LOAD build/debug/stm32l4xx_hal_uart_ex.o
LOAD build/debug/stm32l4xx_it.o
LOAD build/debug/stm32l4xx_ll_usb.o
LOAD build/debug/syscalls.o
LOAD build/debug/sysmem.o
LOAD build/debug/system_stm32l4xx.o
LOAD build/debug/usb_device.o
LOAD build/debug/usbd_cdc.o
LOAD build/debug/usbd_cdc_if.o
LOAD build/debug/usbd_conf.o
LOAD build/debug/usbd_core.o
LOAD build/debug/usbd_ctlreq.o
LOAD build/debug/usbd_desc.o
LOAD build/debug/usbd_ioreq.o
LOAD build/debug/startup_stm32l412xx.o
LOAD C:/Program Files (x86)/Arm GNU Toolchain arm-none-eabi/14.2 rel1/bin/../lib/gcc/arm-none-eabi/14.2.1/thumb/v7e-m+fp/hard\libc_nano.a
LOAD C:/Program Files (x86)/Arm GNU Toolchain arm-none-eabi/14.2 rel1/bin/../lib/gcc/arm-none-eabi/14.2.1/thumb/v7e-m+fp/hard\libm.a
LOAD C:/Program Files (x86)/Arm GNU Toolchain arm-none-eabi/14.2 rel1/bin/../lib/gcc/arm-none-eabi/14.2.1/thumb/v7e-m+fp/hard\libnosys.a
START GROUP
LOAD C:/Program Files (x86)/Arm GNU Toolchain arm-none-eabi/14.2 rel1/bin/../lib/gcc/arm-none-eabi/14.2.1/thumb/v7e-m+fp/hard\libgcc.a
LOAD C:/Program Files (x86)/Arm GNU Toolchain arm-none-eabi/14.2 rel1/bin/../lib/gcc/arm-none-eabi/14.2.1/thumb/v7e-m+fp/hard\libc_nano.a
END GROUP
START GROUP
LOAD C:/Program Files (x86)/Arm GNU Toolchain arm-none-eabi/14.2 rel1/bin/../lib/gcc/arm-none-eabi/14.2.1/thumb/v7e-m+fp/hard\libgcc.a
LOAD C:/Program Files (x86)/Arm GNU Toolchain arm-none-eabi/14.2 rel1/bin/../lib/gcc/arm-none-eabi/14.2.1/thumb/v7e-m+fp/hard\libc_nano.a
END GROUP
LOAD C:/Program Files (x86)/Arm GNU Toolchain arm-none-eabi/14.2 rel1/bin/../lib/gcc/arm-none-eabi/14.2.1/thumb/v7e-m+fp/hard/crtend.o
LOAD C:/Program Files (x86)/Arm GNU Toolchain arm-none-eabi/14.2 rel1/bin/../lib/gcc/arm-none-eabi/14.2.1/thumb/v7e-m+fp/hard/crtn.o
                0x20008000                        _estack = (ORIGIN (RAM) + LENGTH (RAM))
                0x00000600                        _Min_Heap_Size = 0x600
                0x00000600                        _Min_Stack_Size = 0x600

.ram2           0x10000000     0x1ff0
                0x10000000                        _sram2 = .
 *(.ram2*)
 .ram2_bss      0x10000000     0x1ff0 build/debug/USB_storage.o
                0x10000000                data_retention_code
                0x10000004                is_first_writing
                0x10000006                length
                0x10000008                last_pointer
                0x1000000c                last_timestamp
                0x10000010                USBDisk
                0x10001ff0                        . = ALIGN (0x4)
                0x10001ff0                        _eram2 = .

.isr_vector     0x08000000      0x190
                0x08000000                        . = ALIGN (0x8)
 *(.isr_vector)
 .isr_vector    0x08000000      0x18c build/debug/startup_stm32l412xx.o
                0x08000000                g_pfnVectors
                0x08000190                        . = ALIGN (0x8)
 *fill*         0x0800018c        0x4 

.text           0x08000190     0xbca0
                0x08000190                        . = ALIGN (0x8)
 *(.text)
 .text          0x08000190       0x14 C:/Program Files (x86)/Arm GNU Toolchain arm-none-eabi/14.2 rel1/bin/../lib/gcc/arm-none-eabi/14.2.1/thumb/v7e-m+fp/hard\libc_nano.a(libc_a-strcmp.o)
                0x08000190                strcmp
 .text          0x080001a4       0x10 C:/Program Files (x86)/Arm GNU Toolchain arm-none-eabi/14.2 rel1/bin/../lib/gcc/arm-none-eabi/14.2.1/thumb/v7e-m+fp/hard\libc_nano.a(libc_a-strlen.o)
                0x080001a4                strlen
 *fill*         0x080001b4        0xc 
 .text          0x080001c0       0xa0 C:/Program Files (x86)/Arm GNU Toolchain arm-none-eabi/14.2 rel1/bin/../lib/gcc/arm-none-eabi/14.2.1/thumb/v7e-m+fp/hard\libc_nano.a(libc_a-memchr.o)
                0x080001c0                memchr
 .text          0x08000260      0x378 C:/Program Files (x86)/Arm GNU Toolchain arm-none-eabi/14.2 rel1/bin/../lib/gcc/arm-none-eabi/14.2.1/thumb/v7e-m+fp/hard\libgcc.a(_arm_addsubdf3.o)
                0x08000260                __aeabi_drsub
                0x08000268                __aeabi_dsub
                0x08000268                __subdf3
                0x0800026c                __aeabi_dadd
                0x0800026c                __adddf3
                0x080004e4                __floatunsidf
                0x080004e4                __aeabi_ui2d
                0x08000504                __floatsidf
                0x08000504                __aeabi_i2d
                0x08000528                __aeabi_f2d
                0x08000528                __extendsfdf2
                0x0800056c                __floatundidf
                0x0800056c                __aeabi_ul2d
                0x0800057c                __floatdidf
                0x0800057c                __aeabi_l2d
 .text          0x080005d8      0x424 C:/Program Files (x86)/Arm GNU Toolchain arm-none-eabi/14.2 rel1/bin/../lib/gcc/arm-none-eabi/14.2.1/thumb/v7e-m+fp/hard\libgcc.a(_arm_muldivdf3.o)
                0x080005d8                __aeabi_dmul
                0x080005d8                __muldf3
                0x0800082c                __divdf3
                0x0800082c                __aeabi_ddiv
 .text          0x080009fc       0xa0 C:/Program Files (x86)/Arm GNU Toolchain arm-none-eabi/14.2 rel1/bin/../lib/gcc/arm-none-eabi/14.2.1/thumb/v7e-m+fp/hard\libgcc.a(_arm_truncdfsf2.o)
                0x080009fc                __truncdfsf2
                0x080009fc                __aeabi_d2f
 .text          0x08000a9c       0x30 C:/Program Files (x86)/Arm GNU Toolchain arm-none-eabi/14.2 rel1/bin/../lib/gcc/arm-none-eabi/14.2.1/thumb/v7e-m+fp/hard\libgcc.a(_aeabi_uldivmod.o)
                0x08000a9c                __aeabi_uldivmod
 .text          0x08000acc        0x4 C:/Program Files (x86)/Arm GNU Toolchain arm-none-eabi/14.2 rel1/bin/../lib/gcc/arm-none-eabi/14.2.1/thumb/v7e-m+fp/hard\libgcc.a(_dvmd_tls.o)
                0x08000acc                __aeabi_idiv0
                0x08000acc                __aeabi_ldiv0
 *(.text*)
 .text.deregister_tm_clones
                0x08000ad0       0x1c C:/Program Files (x86)/Arm GNU Toolchain arm-none-eabi/14.2 rel1/bin/../lib/gcc/arm-none-eabi/14.2.1/thumb/v7e-m+fp/hard/crtbegin.o
 .text.register_tm_clones
                0x08000aec       0x24 C:/Program Files (x86)/Arm GNU Toolchain arm-none-eabi/14.2 rel1/bin/../lib/gcc/arm-none-eabi/14.2.1/thumb/v7e-m+fp/hard/crtbegin.o
 .text.__do_global_dtors_aux
                0x08000b10       0x28 C:/Program Files (x86)/Arm GNU Toolchain arm-none-eabi/14.2 rel1/bin/../lib/gcc/arm-none-eabi/14.2.1/thumb/v7e-m+fp/hard/crtbegin.o
 .text.frame_dummy
                0x08000b38       0x24 C:/Program Files (x86)/Arm GNU Toolchain arm-none-eabi/14.2 rel1/bin/../lib/gcc/arm-none-eabi/14.2.1/thumb/v7e-m+fp/hard/crtbegin.o
 .text.EPD_Reset
                0x08000b5c       0x3a build/debug/EPD.o
 .text.EPD_SendCommand
                0x08000b96       0x30 build/debug/EPD.o
 .text.EPD_SendData
                0x08000bc6       0x30 build/debug/EPD.o
 .text.EPD_SetWindows
                0x08000bf6       0x40 build/debug/EPD.o
 .text.EPD_SetCursor
                0x08000c36       0x26 build/debug/EPD.o
 .text.EPD_ReadBusy
                0x08000c5c       0x1e build/debug/EPD.o
                0x08000c5c                EPD_ReadBusy
 .text.EPD_LUT  0x08000c7a       0x22 build/debug/EPD.o
 .text.EPD_2IN13_V2_LUT_by_host
                0x08000c9c       0x52 build/debug/EPD.o
 .text.EPD_TurnOnDisplay
                0x08000cee       0x1a build/debug/EPD.o
 .text.EPD_Init
                0x08000d08       0xa0 build/debug/EPD.o
                0x08000d08                EPD_Init
 .text.EPD_Display_Base
                0x08000da8       0x5a build/debug/EPD.o
                0x08000da8                EPD_Display_Base
 .text.EPD_Sleep
                0x08000e02       0x16 build/debug/EPD.o
                0x08000e02                EPD_Sleep
 .text.EPD_Exit
                0x08000e18       0x38 build/debug/EPD.o
                0x08000e18                EPD_Exit
 .text.DEV_SPI_WriteByte
                0x08000e50       0x24 build/debug/EPD_Conf.o
                0x08000e50                DEV_SPI_WriteByte
 .text.EPD_NewImage
                0x08000e74       0x50 build/debug/EPD_GUI.o
                0x08000e74                EPD_NewImage
 .text.EPD_SelectImage
                0x08000ec4        0xc build/debug/EPD_GUI.o
                0x08000ec4                EPD_SelectImage
 .text.EPD_SetRotate
                0x08000ed0       0x1c build/debug/EPD_GUI.o
                0x08000ed0                EPD_SetRotate
 .text.EPD_SetPixel
                0x08000eec      0x168 build/debug/EPD_GUI.o
                0x08000eec                EPD_SetPixel
 .text.EPD_Clear
                0x08001054       0xc4 build/debug/EPD_GUI.o
                0x08001054                EPD_Clear
 .text.EPD_DrawPoint
                0x08001118       0xc0 build/debug/EPD_GUI.o
                0x08001118                EPD_DrawPoint
 .text.EPD_DrawLine
                0x080011d8      0x104 build/debug/EPD_GUI.o
                0x080011d8                EPD_DrawLine
 .text.EPD_DrawChar
                0x080012dc       0xd4 build/debug/EPD_GUI.o
                0x080012dc                EPD_DrawChar
 .text.EPD_DrawString_EN
                0x080013b0       0x7c build/debug/EPD_GUI.o
                0x080013b0                EPD_DrawString_EN
 .text.EPD_DrawDate
                0x0800142c      0x198 build/debug/EPD_GUI.o
                0x0800142c                EPD_DrawDate
 .text.EPD_DrawBMP
                0x080015c4       0x46 build/debug/EPD_GUI.o
                0x080015c4                EPD_DrawBMP
 *fill*         0x0800160a        0x2 
 .text.UDISK_init
                0x0800160c       0x3c build/debug/USB_storage.o
                0x0800160c                UDISK_init
 .text.UDISK_push
                0x08001648       0x70 build/debug/USB_storage.o
                0x08001648                UDISK_push
 .text.UDISK_get
                0x080016b8       0x58 build/debug/USB_storage.o
                0x080016b8                UDISK_get
 .text.UDISK_len
                0x08001710        0xc build/debug/USB_storage.o
                0x08001710                UDISK_len
 .text.UDISK_tst
                0x0800171c        0xc build/debug/USB_storage.o
                0x0800171c                UDISK_tst
 .text.tick     0x08001728       0x98 build/debug/buttons.o
                0x08001728                tick
 .text.isClicked
                0x080017c0        0xe build/debug/buttons.o
                0x080017c0                isClicked
 .text.CalculateChecksum
                0x080017ce       0x3c build/debug/ds18b20.o
 .text.ExecuteCommand
                0x0800180a       0x72 build/debug/ds18b20.o
 .text.WaitForConversionFinished
                0x0800187c       0x1c build/debug/ds18b20.o
 .text.DS18B20_ConvertT
                0x08001898       0x5e build/debug/ds18b20.o
                0x08001898                DS18B20_ConvertT
 *fill*         0x080018f6        0x2 
 .text.DS18B20_ReadScratchpad
                0x080018f8       0xb4 build/debug/ds18b20.o
                0x080018f8                DS18B20_ReadScratchpad
 .text.DS18B20_WriteScratchpad
                0x080019ac       0x2a build/debug/ds18b20.o
                0x080019ac                DS18B20_WriteScratchpad
 .text.DS18B20_InitializationCommand
                0x080019d6       0x22 build/debug/ds18b20.o
                0x080019d6                DS18B20_InitializationCommand
 .text.DS18B20_ReadRom
                0x080019f8       0x3a build/debug/ds18b20.o
                0x080019f8                DS18B20_ReadRom
 .text.DS18B20_SkipRom
                0x08001a32       0x14 build/debug/ds18b20.o
                0x08001a32                DS18B20_SkipRom
 .text.DS18B20_Init
                0x08001a46        0xc build/debug/ds18b20.o
                0x08001a46                DS18B20_Init
 *fill*         0x08001a52        0x2 
 .text.MX_DMA_Init
                0x08001a54       0x34 build/debug/main.o
 .text.MX_GPIO_Init
                0x08001a88      0x164 build/debug/main.o
 .text.map      0x08001bec       0x2c build/debug/main.o
                0x08001bec                map
 .text.shutdown
                0x08001c18       0x5c build/debug/main.o
                0x08001c18                shutdown
 .text.Start_Timer
                0x08001c74       0x14 build/debug/main.o
                0x08001c74                Start_Timer
 .text.DS18_INIT
                0x08001c88       0x54 build/debug/main.o
                0x08001c88                DS18_INIT
 .text.DS18_GET
                0x08001cdc       0x34 build/debug/main.o
                0x08001cdc                DS18_GET
 .text.set_time
                0x08001d10       0xec build/debug/main.o
                0x08001d10                set_time
 .text.timestamp_to_time
                0x08001dfc       0x44 build/debug/main.o
                0x08001dfc                timestamp_to_time
 .text.plot     0x08001e40      0x5a8 build/debug/main.o
                0x08001e40                plot
 .text.USB_CDC_RxHandler
                0x080023e8       0x60 build/debug/main.o
                0x080023e8                USB_CDC_RxHandler
 .text.syncRTC  0x08002448       0xc8 build/debug/main.o
                0x08002448                syncRTC
 .text.USB_SendAllData
                0x08002510       0x84 build/debug/main.o
                0x08002510                USB_SendAllData
 .text.HAL_GPIO_EXTI_Callback
                0x08002594       0x14 build/debug/main.o
                0x08002594                HAL_GPIO_EXTI_Callback
 .text.USB_DEVICE_IsConnected
                0x080025a8       0x18 build/debug/main.o
                0x080025a8                USB_DEVICE_IsConnected
 .text.HAL_LPTIM_AutoReloadMatchCallback
                0x080025c0       0x44 build/debug/main.o
                0x080025c0                HAL_LPTIM_AutoReloadMatchCallback
 .text.Error_Handler
                0x08002604        0x4 build/debug/main.o
                0x08002604                Error_Handler
 .text.MX_SPI1_Init
                0x08002608       0x50 build/debug/main.o
 .text.MX_RTC_Init
                0x08002658       0xa4 build/debug/main.o
 .text.MX_USART2_UART_Init
                0x080026fc       0x38 build/debug/main.o
 .text.MX_ADC1_Init
                0x08002734       0x98 build/debug/main.o
 .text.MX_LPTIM1_Init
                0x080027cc       0x38 build/debug/main.o
 .text.SystemClock_Config
                0x08002804       0x84 build/debug/main.o
                0x08002804                SystemClock_Config
 .text.power_on
                0x08002888       0x1c build/debug/main.o
                0x08002888                power_on
 .text.get_data
                0x080028a4       0x44 build/debug/main.o
                0x080028a4                get_data
 .text.main     0x080028e8      0x12c build/debug/main.o
                0x080028e8                main
 .text.SetBaudrate
                0x08002a14       0xd4 build/debug/onewire.o
 .text.OneWire_ProcessBit
                0x08002ae8       0x3c build/debug/onewire.o
                0x08002ae8                OneWire_ProcessBit
 .text.OneWire_ProcessByte
                0x08002b24       0x3e build/debug/onewire.o
                0x08002b24                OneWire_ProcessByte
 .text.OneWire_Reset
                0x08002b62       0x56 build/debug/onewire.o
                0x08002b62                OneWire_Reset
 .text.q_init   0x08002bb8       0x1c build/debug/queue.o
                0x08002bb8                q_init
 .text.q_push   0x08002bd4       0xd8 build/debug/queue.o
                0x08002bd4                q_push
 .text.q_get    0x08002cac       0x20 build/debug/queue.o
                0x08002cac                q_get
 .text.q_save   0x08002ccc       0x74 build/debug/queue.o
                0x08002ccc                q_save
 .text.q_load   0x08002d40       0x9c build/debug/queue.o
                0x08002d40                q_load
 .text.q_len    0x08002ddc        0xc build/debug/queue.o
                0x08002ddc                q_len
 .text.HAL_InitTick
                0x08002de8       0x50 build/debug/stm32l4xx_hal.o
                0x08002de8                HAL_InitTick
 .text.HAL_Init
                0x08002e38       0x2c build/debug/stm32l4xx_hal.o
                0x08002e38                HAL_Init
 .text.HAL_IncTick
                0x08002e64       0x18 build/debug/stm32l4xx_hal.o
                0x08002e64                HAL_IncTick
 .text.HAL_GetTick
                0x08002e7c        0xc build/debug/stm32l4xx_hal.o
                0x08002e7c                HAL_GetTick
 .text.HAL_Delay
                0x08002e88       0x28 build/debug/stm32l4xx_hal.o
                0x08002e88                HAL_Delay
 .text.HAL_SuspendTick
                0x08002eb0        0xe build/debug/stm32l4xx_hal.o
                0x08002eb0                HAL_SuspendTick
 .text.HAL_ResumeTick
                0x08002ebe        0xe build/debug/stm32l4xx_hal.o
                0x08002ebe                HAL_ResumeTick
 .text.LL_ADC_REG_SetSequencerRanks
                0x08002ecc       0x30 build/debug/stm32l4xx_hal_adc.o
 .text.LL_ADC_SetChannelSamplingTime
                0x08002efc       0x2c build/debug/stm32l4xx_hal_adc.o
 .text.HAL_ADC_Init
                0x08002f28      0x1dc build/debug/stm32l4xx_hal_adc.o
                0x08002f28                HAL_ADC_Init
 .text.HAL_ADC_ConvCpltCallback
                0x08003104        0x2 build/debug/stm32l4xx_hal_adc.o
                0x08003104                HAL_ADC_ConvCpltCallback
 .text.HAL_ADC_ConvHalfCpltCallback
                0x08003106        0x2 build/debug/stm32l4xx_hal_adc.o
                0x08003106                HAL_ADC_ConvHalfCpltCallback
 .text.ADC_DMAHalfConvCplt
                0x08003108        0xa build/debug/stm32l4xx_hal_adc.o
                0x08003108                ADC_DMAHalfConvCplt
 .text.HAL_ADC_LevelOutOfWindowCallback
                0x08003112        0x2 build/debug/stm32l4xx_hal_adc.o
                0x08003112                HAL_ADC_LevelOutOfWindowCallback
 .text.HAL_ADC_ErrorCallback
                0x08003114        0x2 build/debug/stm32l4xx_hal_adc.o
                0x08003114                HAL_ADC_ErrorCallback
 *fill*         0x08003116        0x2 
 .text.HAL_ADC_IRQHandler
                0x08003118      0x29c build/debug/stm32l4xx_hal_adc.o
                0x08003118                HAL_ADC_IRQHandler
 .text.ADC_DMAConvCplt
                0x080033b4       0x88 build/debug/stm32l4xx_hal_adc.o
                0x080033b4                ADC_DMAConvCplt
 .text.ADC_DMAError
                0x0800343c       0x1a build/debug/stm32l4xx_hal_adc.o
                0x0800343c                ADC_DMAError
 *fill*         0x08003456        0x2 
 .text.HAL_ADC_ConfigChannel
                0x08003458      0x43c build/debug/stm32l4xx_hal_adc.o
                0x08003458                HAL_ADC_ConfigChannel
 .text.ADC_Enable
                0x08003894       0xdc build/debug/stm32l4xx_hal_adc.o
                0x08003894                ADC_Enable
 .text.HAL_ADC_Start_DMA
                0x08003970      0x108 build/debug/stm32l4xx_hal_adc.o
                0x08003970                HAL_ADC_Start_DMA
 .text.HAL_ADCEx_InjectedConvCpltCallback
                0x08003a78        0x2 build/debug/stm32l4xx_hal_adc_ex.o
                0x08003a78                HAL_ADCEx_InjectedConvCpltCallback
 .text.HAL_ADCEx_InjectedQueueOverflowCallback
                0x08003a7a        0x2 build/debug/stm32l4xx_hal_adc_ex.o
                0x08003a7a                HAL_ADCEx_InjectedQueueOverflowCallback
 .text.HAL_ADCEx_LevelOutOfWindow2Callback
                0x08003a7c        0x2 build/debug/stm32l4xx_hal_adc_ex.o
                0x08003a7c                HAL_ADCEx_LevelOutOfWindow2Callback
 .text.HAL_ADCEx_LevelOutOfWindow3Callback
                0x08003a7e        0x2 build/debug/stm32l4xx_hal_adc_ex.o
                0x08003a7e                HAL_ADCEx_LevelOutOfWindow3Callback
 .text.HAL_ADCEx_EndOfSamplingCallback
                0x08003a80        0x2 build/debug/stm32l4xx_hal_adc_ex.o
                0x08003a80                HAL_ADCEx_EndOfSamplingCallback
 *fill*         0x08003a82        0x2 
 .text.HAL_ADCEx_MultiModeConfigChannel
                0x08003a84      0x118 build/debug/stm32l4xx_hal_adc_ex.o
                0x08003a84                HAL_ADCEx_MultiModeConfigChannel
 .text.__NVIC_EnableIRQ
                0x08003b9c       0x1c build/debug/stm32l4xx_hal_cortex.o
 .text.__NVIC_SetPriority
                0x08003bb8       0x28 build/debug/stm32l4xx_hal_cortex.o
 .text.NVIC_EncodePriority
                0x08003be0       0x3e build/debug/stm32l4xx_hal_cortex.o
 *fill*         0x08003c1e        0x2 
 .text.HAL_NVIC_SetPriorityGrouping
                0x08003c20       0x24 build/debug/stm32l4xx_hal_cortex.o
                0x08003c20                HAL_NVIC_SetPriorityGrouping
 .text.HAL_NVIC_SetPriority
                0x08003c44       0x20 build/debug/stm32l4xx_hal_cortex.o
                0x08003c44                HAL_NVIC_SetPriority
 .text.HAL_NVIC_EnableIRQ
                0x08003c64        0x8 build/debug/stm32l4xx_hal_cortex.o
                0x08003c64                HAL_NVIC_EnableIRQ
 .text.HAL_SYSTICK_Config
                0x08003c6c       0x28 build/debug/stm32l4xx_hal_cortex.o
                0x08003c6c                HAL_SYSTICK_Config
 .text.DMA_SetConfig
                0x08003c94       0x32 build/debug/stm32l4xx_hal_dma.o
 *fill*         0x08003cc6        0x2 
 .text.HAL_DMA_Init
                0x08003cc8      0x104 build/debug/stm32l4xx_hal_dma.o
                0x08003cc8                HAL_DMA_Init
 .text.HAL_DMA_Start_IT
                0x08003dcc       0x74 build/debug/stm32l4xx_hal_dma.o
                0x08003dcc                HAL_DMA_Start_IT
 .text.HAL_DMA_IRQHandler
                0x08003e40       0xc4 build/debug/stm32l4xx_hal_dma.o
                0x08003e40                HAL_DMA_IRQHandler
 .text.HAL_GPIO_Init
                0x08003f04      0x1bc build/debug/stm32l4xx_hal_gpio.o
                0x08003f04                HAL_GPIO_Init
 .text.HAL_GPIO_DeInit
                0x080040c0      0x100 build/debug/stm32l4xx_hal_gpio.o
                0x080040c0                HAL_GPIO_DeInit
 .text.HAL_GPIO_ReadPin
                0x080041c0        0xe build/debug/stm32l4xx_hal_gpio.o
                0x080041c0                HAL_GPIO_ReadPin
 .text.HAL_GPIO_WritePin
                0x080041ce        0xa build/debug/stm32l4xx_hal_gpio.o
                0x080041ce                HAL_GPIO_WritePin
 .text.HAL_GPIO_EXTI_IRQHandler
                0x080041d8       0x1c build/debug/stm32l4xx_hal_gpio.o
                0x080041d8                HAL_GPIO_EXTI_IRQHandler
 .text.LPTIM_WaitForFlag
                0x080041f4       0x3c build/debug/stm32l4xx_hal_lptim.o
 .text.HAL_LPTIM_CompareMatchCallback
                0x08004230        0x2 build/debug/stm32l4xx_hal_lptim.o
                0x08004230                HAL_LPTIM_CompareMatchCallback
 .text.HAL_LPTIM_TriggerCallback
                0x08004232        0x2 build/debug/stm32l4xx_hal_lptim.o
                0x08004232                HAL_LPTIM_TriggerCallback
 .text.HAL_LPTIM_CompareWriteCallback
                0x08004234        0x2 build/debug/stm32l4xx_hal_lptim.o
                0x08004234                HAL_LPTIM_CompareWriteCallback
 .text.HAL_LPTIM_AutoReloadWriteCallback
                0x08004236        0x2 build/debug/stm32l4xx_hal_lptim.o
                0x08004236                HAL_LPTIM_AutoReloadWriteCallback
 .text.HAL_LPTIM_DirectionUpCallback
                0x08004238        0x2 build/debug/stm32l4xx_hal_lptim.o
                0x08004238                HAL_LPTIM_DirectionUpCallback
 .text.HAL_LPTIM_DirectionDownCallback
                0x0800423a        0x2 build/debug/stm32l4xx_hal_lptim.o
                0x0800423a                HAL_LPTIM_DirectionDownCallback
 .text.HAL_LPTIM_UpdateEventCallback
                0x0800423c        0x2 build/debug/stm32l4xx_hal_lptim.o
                0x0800423c                HAL_LPTIM_UpdateEventCallback
 .text.HAL_LPTIM_RepCounterWriteCallback
                0x0800423e        0x2 build/debug/stm32l4xx_hal_lptim.o
                0x0800423e                HAL_LPTIM_RepCounterWriteCallback
 .text.HAL_LPTIM_IRQHandler
                0x08004240      0x114 build/debug/stm32l4xx_hal_lptim.o
                0x08004240                HAL_LPTIM_IRQHandler
 .text.HAL_LPTIM_GetState
                0x08004354        0x6 build/debug/stm32l4xx_hal_lptim.o
                0x08004354                HAL_LPTIM_GetState
 *fill*         0x0800435a        0x2 
 .text.LPTIM_Disable
                0x0800435c      0x1a8 build/debug/stm32l4xx_hal_lptim.o
                0x0800435c                LPTIM_Disable
 .text.HAL_LPTIM_Init
                0x08004504       0xec build/debug/stm32l4xx_hal_lptim.o
                0x08004504                HAL_LPTIM_Init
 .text.HAL_LPTIM_Counter_Start_IT
                0x080045f0       0xc0 build/debug/stm32l4xx_hal_lptim.o
                0x080045f0                HAL_LPTIM_Counter_Start_IT
 .text.HAL_MspInit
                0x080046b0       0x30 build/debug/stm32l4xx_hal_msp.o
                0x080046b0                HAL_MspInit
 .text.HAL_ADC_MspInit
                0x080046e0       0x80 build/debug/stm32l4xx_hal_msp.o
                0x080046e0                HAL_ADC_MspInit
 .text.HAL_LPTIM_MspInit
                0x08004760       0x64 build/debug/stm32l4xx_hal_msp.o
                0x08004760                HAL_LPTIM_MspInit
 .text.HAL_RTC_MspInit
                0x080047c4       0x50 build/debug/stm32l4xx_hal_msp.o
                0x080047c4                HAL_RTC_MspInit
 .text.HAL_SPI_MspInit
                0x08004814       0x64 build/debug/stm32l4xx_hal_msp.o
                0x08004814                HAL_SPI_MspInit
 .text.HAL_SPI_MspDeInit
                0x08004878       0x2c build/debug/stm32l4xx_hal_msp.o
                0x08004878                HAL_SPI_MspDeInit
 .text.HAL_UART_MspInit
                0x080048a4       0x88 build/debug/stm32l4xx_hal_msp.o
                0x080048a4                HAL_UART_MspInit
 .text.HAL_PCD_EP_DB_Receive
                0x0800492c      0x118 build/debug/stm32l4xx_hal_pcd.o
 .text.HAL_PCD_Init
                0x08004a44       0xf6 build/debug/stm32l4xx_hal_pcd.o
                0x08004a44                HAL_PCD_Init
 .text.HAL_PCD_Start
                0x08004b3a       0x2a build/debug/stm32l4xx_hal_pcd.o
                0x08004b3a                HAL_PCD_Start
 .text.HAL_PCD_EP_DB_Transmit
                0x08004b64      0x472 build/debug/stm32l4xx_hal_pcd.o
 .text.PCD_EP_ISR_Handler
                0x08004fd6      0x4c4 build/debug/stm32l4xx_hal_pcd.o
 .text.HAL_PCD_SetAddress
                0x0800549a       0x26 build/debug/stm32l4xx_hal_pcd.o
                0x0800549a                HAL_PCD_SetAddress
 .text.HAL_PCD_IRQHandler
                0x080054c0      0x1b2 build/debug/stm32l4xx_hal_pcd.o
                0x080054c0                HAL_PCD_IRQHandler
 .text.HAL_PCD_EP_Open
                0x08005672       0x86 build/debug/stm32l4xx_hal_pcd.o
                0x08005672                HAL_PCD_EP_Open
 .text.HAL_PCD_EP_Close
                0x080056f8       0x6c build/debug/stm32l4xx_hal_pcd.o
                0x080056f8                HAL_PCD_EP_Close
 .text.HAL_PCD_EP_Receive
                0x08005764       0x3a build/debug/stm32l4xx_hal_pcd.o
                0x08005764                HAL_PCD_EP_Receive
 .text.HAL_PCD_EP_GetRxCount
                0x0800579e       0x12 build/debug/stm32l4xx_hal_pcd.o
                0x0800579e                HAL_PCD_EP_GetRxCount
 .text.HAL_PCD_EP_Transmit
                0x080057b0       0x4c build/debug/stm32l4xx_hal_pcd.o
                0x080057b0                HAL_PCD_EP_Transmit
 .text.HAL_PCD_EP_SetStall
                0x080057fc       0x80 build/debug/stm32l4xx_hal_pcd.o
                0x080057fc                HAL_PCD_EP_SetStall
 .text.HAL_PCD_EP_ClrStall
                0x0800587c       0x7e build/debug/stm32l4xx_hal_pcd.o
                0x0800587c                HAL_PCD_EP_ClrStall
 .text.HAL_PCDEx_PMAConfig
                0x080058fa       0x38 build/debug/stm32l4xx_hal_pcd_ex.o
                0x080058fa                HAL_PCDEx_PMAConfig
 .text.HAL_PCDEx_ActivateLPM
                0x08005932       0x2c build/debug/stm32l4xx_hal_pcd_ex.o
                0x08005932                HAL_PCDEx_ActivateLPM
 *fill*         0x0800595e        0x2 
 .text.HAL_PWR_EnableBkUpAccess
                0x08005960       0x10 build/debug/stm32l4xx_hal_pwr.o
                0x08005960                HAL_PWR_EnableBkUpAccess
 .text.HAL_PWREx_GetVoltageRange
                0x08005970       0x10 build/debug/stm32l4xx_hal_pwr_ex.o
                0x08005970                HAL_PWREx_GetVoltageRange
 .text.HAL_PWREx_ControlVoltageScaling
                0x08005980       0x90 build/debug/stm32l4xx_hal_pwr_ex.o
                0x08005980                HAL_PWREx_ControlVoltageScaling
 .text.HAL_PWREx_EnableVddUSB
                0x08005a10       0x10 build/debug/stm32l4xx_hal_pwr_ex.o
                0x08005a10                HAL_PWREx_EnableVddUSB
 .text.HAL_PWREx_EnterSTOP2Mode
                0x08005a20       0x3c build/debug/stm32l4xx_hal_pwr_ex.o
                0x08005a20                HAL_PWREx_EnterSTOP2Mode
 .text.RCC_SetFlashLatencyFromMSIRange
                0x08005a5c       0x90 build/debug/stm32l4xx_hal_rcc.o
 .text.HAL_RCC_GetSysClockFreq
                0x08005aec       0xa8 build/debug/stm32l4xx_hal_rcc.o
                0x08005aec                HAL_RCC_GetSysClockFreq
 .text.HAL_RCC_OscConfig
                0x08005b94      0x6dc build/debug/stm32l4xx_hal_rcc.o
                0x08005b94                HAL_RCC_OscConfig
 .text.HAL_RCC_ClockConfig
                0x08006270      0x188 build/debug/stm32l4xx_hal_rcc.o
                0x08006270                HAL_RCC_ClockConfig
 .text.HAL_RCC_GetHCLKFreq
                0x080063f8        0xc build/debug/stm32l4xx_hal_rcc.o
                0x080063f8                HAL_RCC_GetHCLKFreq
 .text.HAL_RCC_GetPCLK1Freq
                0x08006404       0x24 build/debug/stm32l4xx_hal_rcc.o
                0x08006404                HAL_RCC_GetPCLK1Freq
 .text.HAL_RCC_GetPCLK2Freq
                0x08006428       0x24 build/debug/stm32l4xx_hal_rcc.o
                0x08006428                HAL_RCC_GetPCLK2Freq
 .text.HAL_RCCEx_PeriphCLKConfig
                0x0800644c      0x234 build/debug/stm32l4xx_hal_rcc_ex.o
                0x0800644c                HAL_RCCEx_PeriphCLKConfig
 .text.HAL_RCCEx_EnableMSIPLLMode
                0x08006680       0x10 build/debug/stm32l4xx_hal_rcc_ex.o
                0x08006680                HAL_RCCEx_EnableMSIPLLMode
 .text.HAL_RTC_WaitForSynchro
                0x08006690       0x34 build/debug/stm32l4xx_hal_rtc.o
                0x08006690                HAL_RTC_WaitForSynchro
 .text.RTC_EnterInitMode
                0x080066c4       0x46 build/debug/stm32l4xx_hal_rtc.o
                0x080066c4                RTC_EnterInitMode
 *fill*         0x0800670a        0x2 
 .text.RTC_ExitInitMode
                0x0800670c       0x4c build/debug/stm32l4xx_hal_rtc.o
                0x0800670c                RTC_ExitInitMode
 .text.HAL_RTC_Init
                0x08006758       0xb8 build/debug/stm32l4xx_hal_rtc.o
                0x08006758                HAL_RTC_Init
 .text.RTC_ByteToBcd2
                0x08006810       0x16 build/debug/stm32l4xx_hal_rtc.o
                0x08006810                RTC_ByteToBcd2
 .text.HAL_RTC_SetTime
                0x08006826       0xcc build/debug/stm32l4xx_hal_rtc.o
                0x08006826                HAL_RTC_SetTime
 .text.HAL_RTC_SetDate
                0x080068f2       0xa4 build/debug/stm32l4xx_hal_rtc.o
                0x080068f2                HAL_RTC_SetDate
 .text.RTC_Bcd2ToByte
                0x08006996       0x12 build/debug/stm32l4xx_hal_rtc.o
                0x08006996                RTC_Bcd2ToByte
 .text.HAL_RTC_GetTime
                0x080069a8       0x4c build/debug/stm32l4xx_hal_rtc.o
                0x080069a8                HAL_RTC_GetTime
 .text.HAL_RTC_GetDate
                0x080069f4       0x3c build/debug/stm32l4xx_hal_rtc.o
                0x080069f4                HAL_RTC_GetDate
 .text.HAL_RTCEx_BKUPWrite
                0x08006a30       0x1e build/debug/stm32l4xx_hal_rtc_ex.o
                0x08006a30                HAL_RTCEx_BKUPWrite
 .text.HAL_RTCEx_BKUPRead
                0x08006a4e       0x10 build/debug/stm32l4xx_hal_rtc_ex.o
                0x08006a4e                HAL_RTCEx_BKUPRead
 *fill*         0x08006a5e        0x2 
 .text.SPI_WaitFlagStateUntilTimeout
                0x08006a60       0xc8 build/debug/stm32l4xx_hal_spi.o
 .text.SPI_WaitFifoStateUntilTimeout
                0x08006b28       0xf0 build/debug/stm32l4xx_hal_spi.o
 .text.SPI_EndRxTxTransaction
                0x08006c18       0x62 build/debug/stm32l4xx_hal_spi.o
 .text.HAL_SPI_Init
                0x08006c7a       0xde build/debug/stm32l4xx_hal_spi.o
                0x08006c7a                HAL_SPI_Init
 .text.HAL_SPI_DeInit
                0x08006d58       0x2c build/debug/stm32l4xx_hal_spi.o
                0x08006d58                HAL_SPI_DeInit
 .text.HAL_SPI_Transmit
                0x08006d84      0x20a build/debug/stm32l4xx_hal_spi.o
                0x08006d84                HAL_SPI_Transmit
 .text.UART_EndRxTransfer
                0x08006f8e       0x52 build/debug/stm32l4xx_hal_uart.o
 .text.UART_SetConfig
                0x08006fe0      0x29c build/debug/stm32l4xx_hal_uart.o
                0x08006fe0                UART_SetConfig
 .text.UART_AdvFeatureConfig
                0x0800727c       0xca build/debug/stm32l4xx_hal_uart.o
                0x0800727c                UART_AdvFeatureConfig
 .text.UART_WaitOnFlagUntilTimeout
                0x08007346       0x9e build/debug/stm32l4xx_hal_uart.o
                0x08007346                UART_WaitOnFlagUntilTimeout
 .text.HAL_UART_Transmit
                0x080073e4       0xc8 build/debug/stm32l4xx_hal_uart.o
                0x080073e4                HAL_UART_Transmit
 .text.HAL_UART_Receive
                0x080074ac      0x118 build/debug/stm32l4xx_hal_uart.o
                0x080074ac                HAL_UART_Receive
 .text.UART_CheckIdleState
                0x080075c4       0xc6 build/debug/stm32l4xx_hal_uart.o
                0x080075c4                UART_CheckIdleState
 .text.HAL_HalfDuplex_Init
                0x0800768a       0x6e build/debug/stm32l4xx_hal_uart.o
                0x0800768a                HAL_HalfDuplex_Init
 .text.NMI_Handler
                0x080076f8        0x2 build/debug/stm32l4xx_it.o
                0x080076f8                NMI_Handler
 .text.HardFault_Handler
                0x080076fa        0x2 build/debug/stm32l4xx_it.o
                0x080076fa                HardFault_Handler
 .text.MemManage_Handler
                0x080076fc        0x2 build/debug/stm32l4xx_it.o
                0x080076fc                MemManage_Handler
 .text.BusFault_Handler
                0x080076fe        0x2 build/debug/stm32l4xx_it.o
                0x080076fe                BusFault_Handler
 .text.UsageFault_Handler
                0x08007700        0x2 build/debug/stm32l4xx_it.o
                0x08007700                UsageFault_Handler
 .text.SVC_Handler
                0x08007702        0x2 build/debug/stm32l4xx_it.o
                0x08007702                SVC_Handler
 .text.DebugMon_Handler
                0x08007704        0x2 build/debug/stm32l4xx_it.o
                0x08007704                DebugMon_Handler
 .text.PendSV_Handler
                0x08007706        0x2 build/debug/stm32l4xx_it.o
                0x08007706                PendSV_Handler
 .text.SysTick_Handler
                0x08007708        0x8 build/debug/stm32l4xx_it.o
                0x08007708                SysTick_Handler
 .text.EXTI0_IRQHandler
                0x08007710        0xa build/debug/stm32l4xx_it.o
                0x08007710                EXTI0_IRQHandler
 *fill*         0x0800771a        0x2 
 .text.DMA1_Channel1_IRQHandler
                0x0800771c       0x10 build/debug/stm32l4xx_it.o
                0x0800771c                DMA1_Channel1_IRQHandler
 .text.ADC1_2_IRQHandler
                0x0800772c       0x10 build/debug/stm32l4xx_it.o
                0x0800772c                ADC1_2_IRQHandler
 .text.EXTI9_5_IRQHandler
                0x0800773c        0xa build/debug/stm32l4xx_it.o
                0x0800773c                EXTI9_5_IRQHandler
 *fill*         0x08007746        0x2 
 .text.LPTIM1_IRQHandler
                0x08007748       0x10 build/debug/stm32l4xx_it.o
                0x08007748                LPTIM1_IRQHandler
 .text.USB_IRQHandler
                0x08007758       0x10 build/debug/stm32l4xx_it.o
                0x08007758                USB_IRQHandler
 .text.USB_CoreInit
                0x08007768        0xe build/debug/stm32l4xx_ll_usb.o
                0x08007768                USB_CoreInit
 .text.USB_EnableGlobalInt
                0x08007776       0x12 build/debug/stm32l4xx_ll_usb.o
                0x08007776                USB_EnableGlobalInt
 .text.USB_DisableGlobalInt
                0x08007788       0x14 build/debug/stm32l4xx_ll_usb.o
                0x08007788                USB_DisableGlobalInt
 .text.USB_SetCurrentMode
                0x0800779c        0x4 build/debug/stm32l4xx_ll_usb.o
                0x0800779c                USB_SetCurrentMode
 .text.USB_DevInit
                0x080077a0       0x22 build/debug/stm32l4xx_ll_usb.o
                0x080077a0                USB_DevInit
 .text.USB_ActivateEndpoint
                0x080077c2      0x51a build/debug/stm32l4xx_ll_usb.o
                0x080077c2                USB_ActivateEndpoint
 .text.USB_DeactivateEndpoint
                0x08007cdc      0x1d6 build/debug/stm32l4xx_ll_usb.o
                0x08007cdc                USB_DeactivateEndpoint
 .text.USB_EPSetStall
                0x08007eb2       0x4a build/debug/stm32l4xx_ll_usb.o
                0x08007eb2                USB_EPSetStall
 .text.USB_EPClearStall
                0x08007efc       0x9c build/debug/stm32l4xx_ll_usb.o
                0x08007efc                USB_EPClearStall
 .text.USB_SetDevAddress
                0x08007f98        0xc build/debug/stm32l4xx_ll_usb.o
                0x08007f98                USB_SetDevAddress
 .text.USB_DevConnect
                0x08007fa4       0x16 build/debug/stm32l4xx_ll_usb.o
                0x08007fa4                USB_DevConnect
 .text.USB_DevDisconnect
                0x08007fba       0x10 build/debug/stm32l4xx_ll_usb.o
                0x08007fba                USB_DevDisconnect
 .text.USB_ReadInterrupts
                0x08007fca        0x8 build/debug/stm32l4xx_ll_usb.o
                0x08007fca                USB_ReadInterrupts
 .text.USB_EP0_OutStart
                0x08007fd2        0x4 build/debug/stm32l4xx_ll_usb.o
                0x08007fd2                USB_EP0_OutStart
 .text.USB_WritePMA
                0x08007fd6       0x24 build/debug/stm32l4xx_ll_usb.o
                0x08007fd6                USB_WritePMA
 .text.USB_EPStartXfer
                0x08007ffa      0x58a build/debug/stm32l4xx_ll_usb.o
                0x08007ffa                USB_EPStartXfer
 .text.USB_ReadPMA
                0x08008584       0x30 build/debug/stm32l4xx_ll_usb.o
                0x08008584                USB_ReadPMA
 .text._sbrk    0x080085b4       0x48 build/debug/sysmem.o
                0x080085b4                _sbrk
 .text.SystemInit
                0x080085fc       0x14 build/debug/system_stm32l4xx.o
                0x080085fc                SystemInit
 .text.MX_USB_DEVICE_Init
                0x08008610       0x54 build/debug/usb_device.o
                0x08008610                MX_USB_DEVICE_Init
 .text.USBD_CDC_EP0_RxReady
                0x08008664       0x40 build/debug/usbd_cdc.o
 .text.USBD_CDC_GetDeviceQualifierDescriptor
                0x080086a4        0xc build/debug/usbd_cdc.o
                0x080086a4                USBD_CDC_GetDeviceQualifierDescriptor
 .text.USBD_CDC_GetOtherSpeedCfgDesc
                0x080086b0       0x48 build/debug/usbd_cdc.o
 .text.USBD_CDC_GetFSCfgDesc
                0x080086f8       0x48 build/debug/usbd_cdc.o
 .text.USBD_CDC_GetHSCfgDesc
                0x08008740       0x48 build/debug/usbd_cdc.o
 .text.USBD_CDC_DataOut
                0x08008788       0x38 build/debug/usbd_cdc.o
 .text.USBD_CDC_DataIn
                0x080087c0       0x7c build/debug/usbd_cdc.o
 .text.USBD_CDC_Setup
                0x0800883c      0x114 build/debug/usbd_cdc.o
 .text.USBD_CDC_DeInit
                0x08008950       0x64 build/debug/usbd_cdc.o
 .text.USBD_CDC_Init
                0x080089b4       0xee build/debug/usbd_cdc.o
 .text.USBD_CDC_RegisterInterface
                0x08008aa2       0x16 build/debug/usbd_cdc.o
                0x08008aa2                USBD_CDC_RegisterInterface
 .text.USBD_CDC_SetTxBuffer
                0x08008ab8       0x1c build/debug/usbd_cdc.o
                0x08008ab8                USBD_CDC_SetTxBuffer
 .text.USBD_CDC_SetRxBuffer
                0x08008ad4       0x18 build/debug/usbd_cdc.o
                0x08008ad4                USBD_CDC_SetRxBuffer
 .text.USBD_CDC_TransmitPacket
                0x08008aec       0x36 build/debug/usbd_cdc.o
                0x08008aec                USBD_CDC_TransmitPacket
 .text.USBD_CDC_ReceivePacket
                0x08008b22       0x38 build/debug/usbd_cdc.o
                0x08008b22                USBD_CDC_ReceivePacket
 .text.CDC_DeInit_FS
                0x08008b5a        0x4 build/debug/usbd_cdc_if.o
 .text.CDC_Control_FS
                0x08008b5e        0x4 build/debug/usbd_cdc_if.o
 .text.CDC_TransmitCplt_FS
                0x08008b62        0x4 build/debug/usbd_cdc_if.o
 *fill*         0x08008b66        0x2 
 .text.CDC_Receive_FS
                0x08008b68       0x28 build/debug/usbd_cdc_if.o
 .text.CDC_Init_FS
                0x08008b90       0x28 build/debug/usbd_cdc_if.o
 .text.CDC_Transmit_FS
                0x08008bb8       0x2c build/debug/usbd_cdc_if.o
                0x08008bb8                CDC_Transmit_FS
 .text.SystemClockConfig_Resume
                0x08008be4        0x8 build/debug/usbd_conf.o
 .text.HAL_PCD_MspInit
                0x08008bec       0x9c build/debug/usbd_conf.o
                0x08008bec                HAL_PCD_MspInit
 .text.HAL_PCD_SetupStageCallback
                0x08008c88       0x10 build/debug/usbd_conf.o
                0x08008c88                HAL_PCD_SetupStageCallback
 .text.HAL_PCD_DataOutStageCallback
                0x08008c98       0x18 build/debug/usbd_conf.o
                0x08008c98                HAL_PCD_DataOutStageCallback
 .text.HAL_PCD_DataInStageCallback
                0x08008cb0       0x16 build/debug/usbd_conf.o
                0x08008cb0                HAL_PCD_DataInStageCallback
 .text.HAL_PCD_SOFCallback
                0x08008cc6        0xc build/debug/usbd_conf.o
                0x08008cc6                HAL_PCD_SOFCallback
 .text.HAL_PCD_ResetCallback
                0x08008cd2       0x24 build/debug/usbd_conf.o
                0x08008cd2                HAL_PCD_ResetCallback
 *fill*         0x08008cf6        0x2 
 .text.HAL_PCD_SuspendCallback
                0x08008cf8       0x20 build/debug/usbd_conf.o
                0x08008cf8                HAL_PCD_SuspendCallback
 .text.HAL_PCD_ResumeCallback
                0x08008d18       0x28 build/debug/usbd_conf.o
                0x08008d18                HAL_PCD_ResumeCallback
 .text.USBD_LL_Init
                0x08008d40       0x8c build/debug/usbd_conf.o
                0x08008d40                USBD_LL_Init
 .text.USBD_LL_Start
                0x08008dcc       0x1e build/debug/usbd_conf.o
                0x08008dcc                USBD_LL_Start
 .text.USBD_LL_OpenEP
                0x08008dea       0x24 build/debug/usbd_conf.o
                0x08008dea                USBD_LL_OpenEP
 .text.USBD_LL_CloseEP
                0x08008e0e       0x1e build/debug/usbd_conf.o
                0x08008e0e                USBD_LL_CloseEP
 .text.USBD_LL_StallEP
                0x08008e2c       0x1e build/debug/usbd_conf.o
                0x08008e2c                USBD_LL_StallEP
 .text.USBD_LL_ClearStallEP
                0x08008e4a       0x1e build/debug/usbd_conf.o
                0x08008e4a                USBD_LL_ClearStallEP
 .text.USBD_LL_IsStallEP
                0x08008e68       0x2c build/debug/usbd_conf.o
                0x08008e68                USBD_LL_IsStallEP
 .text.USBD_LL_SetUSBAddress
                0x08008e94       0x1e build/debug/usbd_conf.o
                0x08008e94                USBD_LL_SetUSBAddress
 .text.USBD_LL_Transmit
                0x08008eb2       0x1e build/debug/usbd_conf.o
                0x08008eb2                USBD_LL_Transmit
 .text.USBD_LL_PrepareReceive
                0x08008ed0       0x1e build/debug/usbd_conf.o
                0x08008ed0                USBD_LL_PrepareReceive
 .text.USBD_LL_GetRxDataSize
                0x08008eee        0xc build/debug/usbd_conf.o
                0x08008eee                USBD_LL_GetRxDataSize
 *fill*         0x08008efa        0x2 
 .text.HAL_PCDEx_LPM_Callback
                0x08008efc       0x44 build/debug/usbd_conf.o
                0x08008efc                HAL_PCDEx_LPM_Callback
 .text.USBD_static_malloc
                0x08008f40        0x8 build/debug/usbd_conf.o
                0x08008f40                USBD_static_malloc
 .text.USBD_static_free
                0x08008f48        0x2 build/debug/usbd_conf.o
                0x08008f48                USBD_static_free
 .text.USBD_Init
                0x08008f4a       0x2e build/debug/usbd_core.o
                0x08008f4a                USBD_Init
 .text.USBD_RegisterClass
                0x08008f78       0x40 build/debug/usbd_core.o
                0x08008f78                USBD_RegisterClass
 .text.USBD_Start
                0x08008fb8        0x8 build/debug/usbd_core.o
                0x08008fb8                USBD_Start
 .text.USBD_SetClassConfig
                0x08008fc0       0x12 build/debug/usbd_core.o
                0x08008fc0                USBD_SetClassConfig
 .text.USBD_ClrClassConfig
                0x08008fd2       0x12 build/debug/usbd_core.o
                0x08008fd2                USBD_ClrClassConfig
 .text.USBD_LL_SetupStage
                0x08008fe4       0x58 build/debug/usbd_core.o
                0x08008fe4                USBD_LL_SetupStage
 .text.USBD_LL_Reset
                0x0800903c       0x64 build/debug/usbd_core.o
                0x0800903c                USBD_LL_Reset
 .text.USBD_LL_SetSpeed
                0x080090a0        0x6 build/debug/usbd_core.o
                0x080090a0                USBD_LL_SetSpeed
 .text.USBD_LL_Suspend
                0x080090a6       0x1c build/debug/usbd_core.o
                0x080090a6                USBD_LL_Suspend
 .text.USBD_LL_Resume
                0x080090c2       0x18 build/debug/usbd_core.o
                0x080090c2                USBD_LL_Resume
 .text.USBD_LL_SOF
                0x080090da       0x20 build/debug/usbd_core.o
                0x080090da                USBD_LL_SOF
 .text.USBD_CoreFindIF
                0x080090fa        0x4 build/debug/usbd_core.o
                0x080090fa                USBD_CoreFindIF
 .text.USBD_CoreFindEP
                0x080090fe        0x4 build/debug/usbd_core.o
                0x080090fe                USBD_CoreFindEP
 .text.USBD_LL_DataOutStage
                0x08009102       0xc0 build/debug/usbd_core.o
                0x08009102                USBD_LL_DataOutStage
 .text.USBD_LL_DataInStage
                0x080091c2       0xd2 build/debug/usbd_core.o
                0x080091c2                USBD_LL_DataInStage
 .text.USBD_GetNextDesc
                0x08009294        0xe build/debug/usbd_core.o
                0x08009294                USBD_GetNextDesc
 .text.USBD_GetEpDesc
                0x080092a2       0x3e build/debug/usbd_core.o
                0x080092a2                USBD_GetEpDesc
 .text.USBD_GetLen
                0x080092e0       0x14 build/debug/usbd_ctlreq.o
 .text.USBD_ParseSetupRequest
                0x080092f4       0x28 build/debug/usbd_ctlreq.o
                0x080092f4                USBD_ParseSetupRequest
 .text.USBD_CtlError
                0x0800931c       0x14 build/debug/usbd_ctlreq.o
                0x0800931c                USBD_CtlError
 .text.USBD_GetDescriptor
                0x08009330      0x1ac build/debug/usbd_ctlreq.o
 .text.USBD_SetAddress
                0x080094dc       0x4e build/debug/usbd_ctlreq.o
 *fill*         0x0800952a        0x2 
 .text.USBD_SetConfig
                0x0800952c       0xcc build/debug/usbd_ctlreq.o
 .text.USBD_GetConfig
                0x080095f8       0x40 build/debug/usbd_ctlreq.o
 .text.USBD_GetStatus
                0x08009638       0x38 build/debug/usbd_ctlreq.o
 .text.USBD_SetFeature
                0x08009670       0x2a build/debug/usbd_ctlreq.o
 .text.USBD_ClrFeature
                0x0800969a       0x26 build/debug/usbd_ctlreq.o
 .text.USBD_StdDevReq
                0x080096c0       0x76 build/debug/usbd_ctlreq.o
                0x080096c0                USBD_StdDevReq
 .text.USBD_StdItfReq
                0x08009736       0x84 build/debug/usbd_ctlreq.o
                0x08009736                USBD_StdItfReq
 .text.USBD_StdEPReq
                0x080097ba      0x238 build/debug/usbd_ctlreq.o
                0x080097ba                USBD_StdEPReq
 .text.USBD_GetString
                0x080099f2       0x46 build/debug/usbd_ctlreq.o
                0x080099f2                USBD_GetString
 .text.USBD_FS_DeviceDescriptor
                0x08009a38        0xc build/debug/usbd_desc.o
                0x08009a38                USBD_FS_DeviceDescriptor
 .text.USBD_FS_LangIDStrDescriptor
                0x08009a44        0xc build/debug/usbd_desc.o
                0x08009a44                USBD_FS_LangIDStrDescriptor
 .text.USBD_FS_USR_BOSDescriptor
                0x08009a50        0xc build/debug/usbd_desc.o
                0x08009a50                USBD_FS_USR_BOSDescriptor
 .text.IntToUnicode
                0x08009a5c       0x46 build/debug/usbd_desc.o
 *fill*         0x08009aa2        0x2 
 .text.Get_SerialNum
                0x08009aa4       0x38 build/debug/usbd_desc.o
 .text.USBD_FS_SerialStrDescriptor
                0x08009adc       0x14 build/debug/usbd_desc.o
                0x08009adc                USBD_FS_SerialStrDescriptor
 .text.USBD_FS_ProductStrDescriptor
                0x08009af0       0x24 build/debug/usbd_desc.o
                0x08009af0                USBD_FS_ProductStrDescriptor
 .text.USBD_FS_ManufacturerStrDescriptor
                0x08009b14       0x1c build/debug/usbd_desc.o
                0x08009b14                USBD_FS_ManufacturerStrDescriptor
 .text.USBD_FS_ConfigStrDescriptor
                0x08009b30       0x24 build/debug/usbd_desc.o
                0x08009b30                USBD_FS_ConfigStrDescriptor
 .text.USBD_FS_InterfaceStrDescriptor
                0x08009b54       0x24 build/debug/usbd_desc.o
                0x08009b54                USBD_FS_InterfaceStrDescriptor
 .text.USBD_CtlSendData
                0x08009b78       0x1a build/debug/usbd_ioreq.o
                0x08009b78                USBD_CtlSendData
 .text.USBD_CtlContinueSendData
                0x08009b92       0x10 build/debug/usbd_ioreq.o
                0x08009b92                USBD_CtlContinueSendData
 .text.USBD_CtlPrepareRx
                0x08009ba2       0x1e build/debug/usbd_ioreq.o
                0x08009ba2                USBD_CtlPrepareRx
 .text.USBD_CtlContinueRx
                0x08009bc0       0x10 build/debug/usbd_ioreq.o
                0x08009bc0                USBD_CtlContinueRx
 .text.USBD_CtlSendStatus
                0x08009bd0       0x16 build/debug/usbd_ioreq.o
                0x08009bd0                USBD_CtlSendStatus
 .text.USBD_CtlReceiveStatus
                0x08009be6       0x16 build/debug/usbd_ioreq.o
                0x08009be6                USBD_CtlReceiveStatus
 .text.Reset_Handler
                0x08009bfc       0x50 build/debug/startup_stm32l412xx.o
                0x08009bfc                Reset_Handler
 .text.Default_Handler
                0x08009c4c        0x2 build/debug/startup_stm32l412xx.o
                0x08009c4c                RTC_Alarm_IRQHandler
                0x08009c4c                EXTI2_IRQHandler
                0x08009c4c                TIM1_CC_IRQHandler
                0x08009c4c                TSC_IRQHandler
                0x08009c4c                TIM6_IRQHandler
                0x08009c4c                TAMP_STAMP_IRQHandler
                0x08009c4c                EXTI3_IRQHandler
                0x08009c4c                LPTIM2_IRQHandler
                0x08009c4c                I2C3_ER_IRQHandler
                0x08009c4c                I2C2_EV_IRQHandler
                0x08009c4c                FPU_IRQHandler
                0x08009c4c                TIM1_UP_TIM16_IRQHandler
                0x08009c4c                SPI1_IRQHandler
                0x08009c4c                DMA2_Channel2_IRQHandler
                0x08009c4c                DMA1_Channel4_IRQHandler
                0x08009c4c                USART3_IRQHandler
                0x08009c4c                DMA1_Channel7_IRQHandler
                0x08009c4c                DMA2_Channel1_IRQHandler
                0x08009c4c                QUADSPI_IRQHandler
                0x08009c4c                I2C1_EV_IRQHandler
                0x08009c4c                DMA1_Channel6_IRQHandler
                0x08009c4c                DMA2_Channel4_IRQHandler
                0x08009c4c                RCC_IRQHandler
                0x08009c4c                TIM1_TRG_COM_IRQHandler
                0x08009c4c                Default_Handler
                0x08009c4c                DMA2_Channel7_IRQHandler
                0x08009c4c                EXTI15_10_IRQHandler
                0x08009c4c                I2C3_EV_IRQHandler
                0x08009c4c                RTC_WKUP_IRQHandler
                0x08009c4c                PVD_PVM_IRQHandler
                0x08009c4c                SPI2_IRQHandler
                0x08009c4c                DMA2_Channel5_IRQHandler
                0x08009c4c                CRS_IRQHandler
                0x08009c4c                DMA1_Channel5_IRQHandler
                0x08009c4c                EXTI4_IRQHandler
                0x08009c4c                RNG_IRQHandler
                0x08009c4c                DMA1_Channel3_IRQHandler
                0x08009c4c                COMP_IRQHandler
                0x08009c4c                WWDG_IRQHandler
                0x08009c4c                LPUART1_IRQHandler
                0x08009c4c                DMA2_Channel6_IRQHandler
                0x08009c4c                TIM2_IRQHandler
                0x08009c4c                EXTI1_IRQHandler
                0x08009c4c                USART2_IRQHandler
                0x08009c4c                I2C2_ER_IRQHandler
                0x08009c4c                DMA1_Channel2_IRQHandler
                0x08009c4c                FLASH_IRQHandler
                0x08009c4c                USART1_IRQHandler
                0x08009c4c                I2C1_ER_IRQHandler
                0x08009c4c                DMA2_Channel3_IRQHandler
                0x08009c4c                TIM1_BRK_TIM15_IRQHandler
 .text.atoi     0x08009c4e        0x8 C:/Program Files (x86)/Arm GNU Toolchain arm-none-eabi/14.2 rel1/bin/../lib/gcc/arm-none-eabi/14.2.1/thumb/v7e-m+fp/hard\libc_nano.a(libc_a-atoi.o)
                0x08009c4e                atoi
 *fill*         0x08009c56        0x2 
 .text._strtol_l.isra.0
                0x08009c58       0xf4 C:/Program Files (x86)/Arm GNU Toolchain arm-none-eabi/14.2 rel1/bin/../lib/gcc/arm-none-eabi/14.2.1/thumb/v7e-m+fp/hard\libc_nano.a(libc_a-strtol.o)
 .text._strtol_r
                0x08009d4c        0x4 C:/Program Files (x86)/Arm GNU Toolchain arm-none-eabi/14.2 rel1/bin/../lib/gcc/arm-none-eabi/14.2.1/thumb/v7e-m+fp/hard\libc_nano.a(libc_a-strtol.o)
                0x08009d4c                _strtol_r
 .text.strtol   0x08009d50       0x14 C:/Program Files (x86)/Arm GNU Toolchain arm-none-eabi/14.2 rel1/bin/../lib/gcc/arm-none-eabi/14.2.1/thumb/v7e-m+fp/hard\libc_nano.a(libc_a-strtol.o)
                0x08009d50                strtol
 .text.sprintf  0x08009d64       0x44 C:/Program Files (x86)/Arm GNU Toolchain arm-none-eabi/14.2 rel1/bin/../lib/gcc/arm-none-eabi/14.2.1/thumb/v7e-m+fp/hard\libc_nano.a(libc_a-sprintf.o)
                0x08009d64                siprintf
                0x08009d64                sprintf
 .text.__seofread
                0x08009da8        0x4 C:/Program Files (x86)/Arm GNU Toolchain arm-none-eabi/14.2 rel1/bin/../lib/gcc/arm-none-eabi/14.2.1/thumb/v7e-m+fp/hard\libc_nano.a(libc_a-stdio.o)
                0x08009da8                __seofread
 .text.memset   0x08009dac       0x10 C:/Program Files (x86)/Arm GNU Toolchain arm-none-eabi/14.2 rel1/bin/../lib/gcc/arm-none-eabi/14.2.1/thumb/v7e-m+fp/hard\libc_nano.a(libc_a-memset.o)
                0x08009dac                memset
 .text.validate_structure
                0x08009dbc      0x1a4 C:/Program Files (x86)/Arm GNU Toolchain arm-none-eabi/14.2 rel1/bin/../lib/gcc/arm-none-eabi/14.2.1/thumb/v7e-m+fp/hard\libc_nano.a(libc_a-mktime.o)
 .text.mktime   0x08009f60      0x370 C:/Program Files (x86)/Arm GNU Toolchain arm-none-eabi/14.2 rel1/bin/../lib/gcc/arm-none-eabi/14.2.1/thumb/v7e-m+fp/hard\libc_nano.a(libc_a-mktime.o)
                0x08009f60                mktime
 .text.__tzcalc_limits
                0x0800a2d0      0x168 C:/Program Files (x86)/Arm GNU Toolchain arm-none-eabi/14.2 rel1/bin/../lib/gcc/arm-none-eabi/14.2.1/thumb/v7e-m+fp/hard\libc_nano.a(libc_a-tzcalc_limits.o)
                0x0800a2d0                __tzcalc_limits
 .text.__tz_lock
                0x0800a438        0xc C:/Program Files (x86)/Arm GNU Toolchain arm-none-eabi/14.2 rel1/bin/../lib/gcc/arm-none-eabi/14.2.1/thumb/v7e-m+fp/hard\libc_nano.a(libc_a-tzlock.o)
                0x0800a438                __tz_lock
 .text.__tz_unlock
                0x0800a444        0xc C:/Program Files (x86)/Arm GNU Toolchain arm-none-eabi/14.2 rel1/bin/../lib/gcc/arm-none-eabi/14.2.1/thumb/v7e-m+fp/hard\libc_nano.a(libc_a-tzlock.o)
                0x0800a444                __tz_unlock
 .text._tzset_unlocked
                0x0800a450        0xc C:/Program Files (x86)/Arm GNU Toolchain arm-none-eabi/14.2 rel1/bin/../lib/gcc/arm-none-eabi/14.2.1/thumb/v7e-m+fp/hard\libc_nano.a(libc_a-tzset.o)
                0x0800a450                _tzset_unlocked
 .text._tzset_unlocked_r
                0x0800a45c      0x44c C:/Program Files (x86)/Arm GNU Toolchain arm-none-eabi/14.2 rel1/bin/../lib/gcc/arm-none-eabi/14.2.1/thumb/v7e-m+fp/hard\libc_nano.a(libc_a-tzset_r.o)
                0x0800a45c                _tzset_unlocked_r
 .text.__errno  0x0800a8a8        0xc C:/Program Files (x86)/Arm GNU Toolchain arm-none-eabi/14.2 rel1/bin/../lib/gcc/arm-none-eabi/14.2.1/thumb/v7e-m+fp/hard\libc_nano.a(libc_a-errno.o)
                0x0800a8a8                __errno
 .text.__libc_init_array
                0x0800a8b4       0x48 C:/Program Files (x86)/Arm GNU Toolchain arm-none-eabi/14.2 rel1/bin/../lib/gcc/arm-none-eabi/14.2.1/thumb/v7e-m+fp/hard\libc_nano.a(libc_a-init.o)
                0x0800a8b4                __libc_init_array
 .text.__retarget_lock_acquire
                0x0800a8fc        0x2 C:/Program Files (x86)/Arm GNU Toolchain arm-none-eabi/14.2 rel1/bin/../lib/gcc/arm-none-eabi/14.2.1/thumb/v7e-m+fp/hard\libc_nano.a(libc_a-lock.o)
                0x0800a8fc                __retarget_lock_acquire
 .text.__retarget_lock_acquire_recursive
                0x0800a8fe        0x2 C:/Program Files (x86)/Arm GNU Toolchain arm-none-eabi/14.2 rel1/bin/../lib/gcc/arm-none-eabi/14.2.1/thumb/v7e-m+fp/hard\libc_nano.a(libc_a-lock.o)
                0x0800a8fe                __retarget_lock_acquire_recursive
 .text.__retarget_lock_release
                0x0800a900        0x2 C:/Program Files (x86)/Arm GNU Toolchain arm-none-eabi/14.2 rel1/bin/../lib/gcc/arm-none-eabi/14.2.1/thumb/v7e-m+fp/hard\libc_nano.a(libc_a-lock.o)
                0x0800a900                __retarget_lock_release
 .text.__retarget_lock_release_recursive
                0x0800a902        0x2 C:/Program Files (x86)/Arm GNU Toolchain arm-none-eabi/14.2 rel1/bin/../lib/gcc/arm-none-eabi/14.2.1/thumb/v7e-m+fp/hard\libc_nano.a(libc_a-lock.o)
                0x0800a902                __retarget_lock_release_recursive
 .text.strcpy   0x0800a904       0x10 C:/Program Files (x86)/Arm GNU Toolchain arm-none-eabi/14.2 rel1/bin/../lib/gcc/arm-none-eabi/14.2.1/thumb/v7e-m+fp/hard\libc_nano.a(libc_a-strcpy.o)
                0x0800a904                strcpy
 .text.div      0x0800a914       0x10 C:/Program Files (x86)/Arm GNU Toolchain arm-none-eabi/14.2 rel1/bin/../lib/gcc/arm-none-eabi/14.2.1/thumb/v7e-m+fp/hard\libc_nano.a(libc_a-div.o)
                0x0800a914                div
 .text._free_r  0x0800a924       0x94 C:/Program Files (x86)/Arm GNU Toolchain arm-none-eabi/14.2 rel1/bin/../lib/gcc/arm-none-eabi/14.2.1/thumb/v7e-m+fp/hard\libc_nano.a(libc_a-freer.o)
                0x0800a924                _free_r
 .text._findenv_r
                0x0800a9b8       0x78 C:/Program Files (x86)/Arm GNU Toolchain arm-none-eabi/14.2 rel1/bin/../lib/gcc/arm-none-eabi/14.2.1/thumb/v7e-m+fp/hard\libc_nano.a(libc_a-getenv_r.o)
                0x0800a9b8                _findenv_r
 .text._getenv_r
                0x0800aa30        0xe C:/Program Files (x86)/Arm GNU Toolchain arm-none-eabi/14.2 rel1/bin/../lib/gcc/arm-none-eabi/14.2.1/thumb/v7e-m+fp/hard\libc_nano.a(libc_a-getenv_r.o)
                0x0800aa30                _getenv_r
 *fill*         0x0800aa3e        0x2 
 .text.free     0x0800aa40       0x10 C:/Program Files (x86)/Arm GNU Toolchain arm-none-eabi/14.2 rel1/bin/../lib/gcc/arm-none-eabi/14.2.1/thumb/v7e-m+fp/hard\libc_nano.a(libc_a-malloc.o)
                0x0800aa40                free
 .text.sbrk_aligned
                0x0800aa50       0x44 C:/Program Files (x86)/Arm GNU Toolchain arm-none-eabi/14.2 rel1/bin/../lib/gcc/arm-none-eabi/14.2.1/thumb/v7e-m+fp/hard\libc_nano.a(libc_a-mallocr.o)
 .text._malloc_r
                0x0800aa94      0x100 C:/Program Files (x86)/Arm GNU Toolchain arm-none-eabi/14.2 rel1/bin/../lib/gcc/arm-none-eabi/14.2.1/thumb/v7e-m+fp/hard\libc_nano.a(libc_a-mallocr.o)
                0x0800aa94                _malloc_r
 .text.__malloc_lock
                0x0800ab94        0xc C:/Program Files (x86)/Arm GNU Toolchain arm-none-eabi/14.2 rel1/bin/../lib/gcc/arm-none-eabi/14.2.1/thumb/v7e-m+fp/hard\libc_nano.a(libc_a-mlock.o)
                0x0800ab94                __malloc_lock
 .text.__malloc_unlock
                0x0800aba0        0xc C:/Program Files (x86)/Arm GNU Toolchain arm-none-eabi/14.2 rel1/bin/../lib/gcc/arm-none-eabi/14.2.1/thumb/v7e-m+fp/hard\libc_nano.a(libc_a-mlock.o)
                0x0800aba0                __malloc_unlock
 .text._strtoul_l.isra.0
                0x0800abac       0xdc C:/Program Files (x86)/Arm GNU Toolchain arm-none-eabi/14.2 rel1/bin/../lib/gcc/arm-none-eabi/14.2.1/thumb/v7e-m+fp/hard\libc_nano.a(libc_a-strtoul.o)
 .text._strtoul_r
                0x0800ac88        0x4 C:/Program Files (x86)/Arm GNU Toolchain arm-none-eabi/14.2 rel1/bin/../lib/gcc/arm-none-eabi/14.2.1/thumb/v7e-m+fp/hard\libc_nano.a(libc_a-strtoul.o)
                0x0800ac88                _strtoul_r
 .text.strtoul  0x0800ac8c       0x14 C:/Program Files (x86)/Arm GNU Toolchain arm-none-eabi/14.2 rel1/bin/../lib/gcc/arm-none-eabi/14.2.1/thumb/v7e-m+fp/hard\libc_nano.a(libc_a-strtoul.o)
                0x0800ac8c                strtoul
 .text.__ssputs_r
                0x0800aca0       0xc0 C:/Program Files (x86)/Arm GNU Toolchain arm-none-eabi/14.2 rel1/bin/../lib/gcc/arm-none-eabi/14.2.1/thumb/v7e-m+fp/hard\libc_nano.a(libc_a-nano-svfprintf.o)
                0x0800aca0                __ssputs_r
 .text._svfprintf_r
                0x0800ad60      0x1f8 C:/Program Files (x86)/Arm GNU Toolchain arm-none-eabi/14.2 rel1/bin/../lib/gcc/arm-none-eabi/14.2.1/thumb/v7e-m+fp/hard\libc_nano.a(libc_a-nano-svfprintf.o)
                0x0800ad60                _svfiprintf_r
                0x0800ad60                _svfprintf_r
 .text._printf_common
                0x0800af58       0xda C:/Program Files (x86)/Arm GNU Toolchain arm-none-eabi/14.2 rel1/bin/../lib/gcc/arm-none-eabi/14.2.1/thumb/v7e-m+fp/hard\libc_nano.a(libc_a-nano-vfprintf_i.o)
                0x0800af58                _printf_common
 *fill*         0x0800b032        0x2 
 .text._printf_i
                0x0800b034      0x240 C:/Program Files (x86)/Arm GNU Toolchain arm-none-eabi/14.2 rel1/bin/../lib/gcc/arm-none-eabi/14.2.1/thumb/v7e-m+fp/hard\libc_nano.a(libc_a-nano-vfprintf_i.o)
                0x0800b034                _printf_i
 .text.sscanf   0x0800b274       0x58 C:/Program Files (x86)/Arm GNU Toolchain arm-none-eabi/14.2 rel1/bin/../lib/gcc/arm-none-eabi/14.2.1/thumb/v7e-m+fp/hard\libc_nano.a(libc_a-sscanf.o)
                0x0800b274                siscanf
                0x0800b274                sscanf
 .text.memmove  0x0800b2cc       0x32 C:/Program Files (x86)/Arm GNU Toolchain arm-none-eabi/14.2 rel1/bin/../lib/gcc/arm-none-eabi/14.2.1/thumb/v7e-m+fp/hard\libc_nano.a(libc_a-memmove.o)
                0x0800b2cc                memmove
 .text.strncmp  0x0800b2fe       0x24 C:/Program Files (x86)/Arm GNU Toolchain arm-none-eabi/14.2 rel1/bin/../lib/gcc/arm-none-eabi/14.2.1/thumb/v7e-m+fp/hard\libc_nano.a(libc_a-strncmp.o)
                0x0800b2fe                strncmp
 *fill*         0x0800b322        0x2 
 .text.__gettzinfo
                0x0800b324        0x8 C:/Program Files (x86)/Arm GNU Toolchain arm-none-eabi/14.2 rel1/bin/../lib/gcc/arm-none-eabi/14.2.1/thumb/v7e-m+fp/hard\libc_nano.a(libc_a-gettzinfo.o)
                0x0800b324                __gettzinfo
 .text._sbrk_r  0x0800b32c       0x20 C:/Program Files (x86)/Arm GNU Toolchain arm-none-eabi/14.2 rel1/bin/../lib/gcc/arm-none-eabi/14.2.1/thumb/v7e-m+fp/hard\libc_nano.a(libc_a-sbrkr.o)
                0x0800b32c                _sbrk_r
 .text.memcpy   0x0800b34c       0x1c C:/Program Files (x86)/Arm GNU Toolchain arm-none-eabi/14.2 rel1/bin/../lib/gcc/arm-none-eabi/14.2.1/thumb/v7e-m+fp/hard\libc_nano.a(libc_a-memcpy-stub.o)
                0x0800b34c                memcpy
 .text.__env_lock
                0x0800b368        0xc C:/Program Files (x86)/Arm GNU Toolchain arm-none-eabi/14.2 rel1/bin/../lib/gcc/arm-none-eabi/14.2.1/thumb/v7e-m+fp/hard\libc_nano.a(libc_a-envlock.o)
                0x0800b368                __env_lock
 .text.__env_unlock
                0x0800b374        0xc C:/Program Files (x86)/Arm GNU Toolchain arm-none-eabi/14.2 rel1/bin/../lib/gcc/arm-none-eabi/14.2.1/thumb/v7e-m+fp/hard\libc_nano.a(libc_a-envlock.o)
                0x0800b374                __env_unlock
 .text._realloc_r
                0x0800b380       0x5c C:/Program Files (x86)/Arm GNU Toolchain arm-none-eabi/14.2 rel1/bin/../lib/gcc/arm-none-eabi/14.2.1/thumb/v7e-m+fp/hard\libc_nano.a(libc_a-reallocr.o)
                0x0800b380                _realloc_r
 .text._sungetc_r
                0x0800b3dc       0x7a C:/Program Files (x86)/Arm GNU Toolchain arm-none-eabi/14.2 rel1/bin/../lib/gcc/arm-none-eabi/14.2.1/thumb/v7e-m+fp/hard\libc_nano.a(libc_a-nano-svfscanf.o)
                0x0800b3dc                _sungetc_r
 .text.__ssrefill_r
                0x0800b456       0x3a C:/Program Files (x86)/Arm GNU Toolchain arm-none-eabi/14.2 rel1/bin/../lib/gcc/arm-none-eabi/14.2.1/thumb/v7e-m+fp/hard\libc_nano.a(libc_a-nano-svfscanf.o)
                0x0800b456                __ssrefill_r
 .text.__ssvfscanf_r
                0x0800b490      0x2fc C:/Program Files (x86)/Arm GNU Toolchain arm-none-eabi/14.2 rel1/bin/../lib/gcc/arm-none-eabi/14.2.1/thumb/v7e-m+fp/hard\libc_nano.a(libc_a-nano-svfscanf.o)
                0x0800b490                __ssvfiscanf_r
                0x0800b490                __ssvfscanf_r
 .text._scanf_chars
                0x0800b78c       0xb4 C:/Program Files (x86)/Arm GNU Toolchain arm-none-eabi/14.2 rel1/bin/../lib/gcc/arm-none-eabi/14.2.1/thumb/v7e-m+fp/hard\libc_nano.a(libc_a-nano-vfscanf_i.o)
                0x0800b78c                _scanf_chars
 .text._scanf_i
                0x0800b840      0x1e4 C:/Program Files (x86)/Arm GNU Toolchain arm-none-eabi/14.2 rel1/bin/../lib/gcc/arm-none-eabi/14.2.1/thumb/v7e-m+fp/hard\libc_nano.a(libc_a-nano-vfscanf_i.o)
                0x0800b840                _scanf_i
 .text.__sccl   0x0800ba24       0x72 C:/Program Files (x86)/Arm GNU Toolchain arm-none-eabi/14.2 rel1/bin/../lib/gcc/arm-none-eabi/14.2.1/thumb/v7e-m+fp/hard\libc_nano.a(libc_a-sccl.o)
                0x0800ba24                __sccl
 .text.__submore
                0x0800ba96       0x74 C:/Program Files (x86)/Arm GNU Toolchain arm-none-eabi/14.2 rel1/bin/../lib/gcc/arm-none-eabi/14.2.1/thumb/v7e-m+fp/hard\libc_nano.a(libc_a-ungetc.o)
                0x0800ba96                __submore
 .text._malloc_usable_size_r
                0x0800bb0a       0x10 C:/Program Files (x86)/Arm GNU Toolchain arm-none-eabi/14.2 rel1/bin/../lib/gcc/arm-none-eabi/14.2.1/thumb/v7e-m+fp/hard\libc_nano.a(libc_a-msizer.o)
                0x0800bb0a                _malloc_usable_size_r
 *fill*         0x0800bb1a        0x2 
 .text.__udivmoddi4
                0x0800bb1c      0x2f8 C:/Program Files (x86)/Arm GNU Toolchain arm-none-eabi/14.2 rel1/bin/../lib/gcc/arm-none-eabi/14.2.1/thumb/v7e-m+fp/hard\libgcc.a(_udivmoddi4.o)
                0x0800bb1c                __udivmoddi4
 *(.glue_7)
 .glue_7        0x0800be14        0x0 linker stubs
 *(.glue_7t)
 .glue_7t       0x0800be14        0x0 linker stubs
 *(.eh_frame)
 .eh_frame      0x0800be14        0x0 C:/Program Files (x86)/Arm GNU Toolchain arm-none-eabi/14.2 rel1/bin/../lib/gcc/arm-none-eabi/14.2.1/thumb/v7e-m+fp/hard/crtbegin.o
 *(.init)
 .init          0x0800be14        0x4 C:/Program Files (x86)/Arm GNU Toolchain arm-none-eabi/14.2 rel1/bin/../lib/gcc/arm-none-eabi/14.2.1/thumb/v7e-m+fp/hard/crti.o
                0x0800be14                _init
 .init          0x0800be18        0x8 C:/Program Files (x86)/Arm GNU Toolchain arm-none-eabi/14.2 rel1/bin/../lib/gcc/arm-none-eabi/14.2.1/thumb/v7e-m+fp/hard/crtn.o
 *(.fini)
 .fini          0x0800be20        0x4 C:/Program Files (x86)/Arm GNU Toolchain arm-none-eabi/14.2 rel1/bin/../lib/gcc/arm-none-eabi/14.2.1/thumb/v7e-m+fp/hard/crti.o
                0x0800be20                _fini
 .fini          0x0800be24        0x8 C:/Program Files (x86)/Arm GNU Toolchain arm-none-eabi/14.2 rel1/bin/../lib/gcc/arm-none-eabi/14.2.1/thumb/v7e-m+fp/hard/crtn.o
                0x0800be30                        . = ALIGN (0x8)
 *fill*         0x0800be2c        0x4 
                0x0800be30                        _etext = .

.vfp11_veneer   0x0800be30        0x0
 .vfp11_veneer  0x0800be30        0x0 linker stubs

.v4_bx          0x0800be30        0x0
 .v4_bx         0x0800be30        0x0 linker stubs

.iplt           0x0800be30        0x0
 .iplt          0x0800be30        0x0 C:/Program Files (x86)/Arm GNU Toolchain arm-none-eabi/14.2 rel1/bin/../lib/gcc/arm-none-eabi/14.2.1/thumb/v7e-m+fp/hard/crtbegin.o

.rodata         0x0800be30     0x1850
                0x0800be30                        . = ALIGN (0x8)
 *(.rodata)
 .rodata        0x0800be30        0xc C:/Program Files (x86)/Arm GNU Toolchain arm-none-eabi/14.2 rel1/bin/../lib/gcc/arm-none-eabi/14.2.1/thumb/v7e-m+fp/hard\libc_nano.a(libc_a-nano-vfscanf_i.o)
 *(.rodata*)
 .rodata.EPD_DrawDate.str1.4
                0x0800be3c       0xae build/debug/EPD_GUI.o
                                  0xb (size before relaxing)
 *fill*         0x0800beea        0x2 
 .rodata.Font12_Table
                0x0800beec      0x474 build/debug/font12.o
                0x0800beec                Font12_Table
 .rodata.Font16_Table
                0x0800c360      0xbe0 build/debug/font16.o
                0x0800c360                Font16_Table
 .rodata.Font8_Table
                0x0800cf40      0x2f8 build/debug/font8.o
                0x0800cf40                Font8_Table
 .rodata.set_time.str1.4
                0x0800d238        0x6 build/debug/main.o
 .rodata.plot.str1.4
                0x0800d238       0x47 build/debug/main.o
 .rodata.USB_CDC_RxHandler.str1.4
                0x0800d238       0x11 build/debug/main.o
 .rodata.syncRTC.str1.4
                0x0800d238        0x5 build/debug/main.o
 .rodata.USB_SendAllData.str1.4
                0x0800d238        0xe build/debug/main.o
 .rodata.dead_batt_26x16
                0x0800d238      0x1a0 build/debug/main.o
                0x0800d238                dead_batt_26x16
 .rodata.MSIRangeTable
                0x0800d3d8       0x30 build/debug/system_stm32l4xx.o
                0x0800d3d8                MSIRangeTable
 .rodata.APBPrescTable
                0x0800d408        0x8 build/debug/system_stm32l4xx.o
                0x0800d408                APBPrescTable
 .rodata.AHBPrescTable
                0x0800d410       0x10 build/debug/system_stm32l4xx.o
                0x0800d410                AHBPrescTable
 .rodata.USBD_FS_ProductStrDescriptor.str1.4
                0x0800d420        0x9 build/debug/usbd_desc.o
 .rodata.USBD_FS_ConfigStrDescriptor.str1.4
                0x0800d420        0xb build/debug/usbd_desc.o
 .rodata.USBD_FS_InterfaceStrDescriptor.str1.4
                0x0800d420        0xe build/debug/usbd_desc.o
 .rodata._ctype_
                0x0800d420      0x101 C:/Program Files (x86)/Arm GNU Toolchain arm-none-eabi/14.2 rel1/bin/../lib/gcc/arm-none-eabi/14.2.1/thumb/v7e-m+fp/hard\libc_nano.a(libc_a-ctype_.o)
                0x0800d420                _ctype_
 *fill*         0x0800d521        0x3 
 .rodata._DAYS_BEFORE_MONTH
                0x0800d524       0x30 C:/Program Files (x86)/Arm GNU Toolchain arm-none-eabi/14.2 rel1/bin/../lib/gcc/arm-none-eabi/14.2.1/thumb/v7e-m+fp/hard\libc_nano.a(libc_a-mktime.o)
 .rodata.DAYS_IN_MONTH
                0x0800d554       0x30 C:/Program Files (x86)/Arm GNU Toolchain arm-none-eabi/14.2 rel1/bin/../lib/gcc/arm-none-eabi/14.2.1/thumb/v7e-m+fp/hard\libc_nano.a(libc_a-mktime.o)
 .rodata._tzset_unlocked_r.str1.1
                0x0800d584       0x9c C:/Program Files (x86)/Arm GNU Toolchain arm-none-eabi/14.2 rel1/bin/../lib/gcc/arm-none-eabi/14.2.1/thumb/v7e-m+fp/hard\libc_nano.a(libc_a-tzset_r.o)
                                 0x61 (size before relaxing)
 .rodata.str1.1
                0x0800d620        0x4 C:/Program Files (x86)/Arm GNU Toolchain arm-none-eabi/14.2 rel1/bin/../lib/gcc/arm-none-eabi/14.2.1/thumb/v7e-m+fp/hard\libc_nano.a(libc_a-tzvars.o)
 .rodata._svfprintf_r.str1.1
                0x0800d620       0x11 C:/Program Files (x86)/Arm GNU Toolchain arm-none-eabi/14.2 rel1/bin/../lib/gcc/arm-none-eabi/14.2.1/thumb/v7e-m+fp/hard\libc_nano.a(libc_a-nano-svfprintf.o)
 .rodata._printf_i.str1.1
                0x0800d620       0x22 C:/Program Files (x86)/Arm GNU Toolchain arm-none-eabi/14.2 rel1/bin/../lib/gcc/arm-none-eabi/14.2.1/thumb/v7e-m+fp/hard\libc_nano.a(libc_a-nano-vfprintf_i.o)
 .rodata.__month_lengths
                0x0800d620       0x60 C:/Program Files (x86)/Arm GNU Toolchain arm-none-eabi/14.2 rel1/bin/../lib/gcc/arm-none-eabi/14.2.1/thumb/v7e-m+fp/hard\libc_nano.a(libc_a-month_lengths.o)
                0x0800d620                __month_lengths
 .rodata.__ssvfscanf_r.str1.1
                0x0800d680        0x4 C:/Program Files (x86)/Arm GNU Toolchain arm-none-eabi/14.2 rel1/bin/../lib/gcc/arm-none-eabi/14.2.1/thumb/v7e-m+fp/hard\libc_nano.a(libc_a-nano-svfscanf.o)
 .rodata._scanf_i.str1.1
                0x0800d680       0x12 C:/Program Files (x86)/Arm GNU Toolchain arm-none-eabi/14.2 rel1/bin/../lib/gcc/arm-none-eabi/14.2.1/thumb/v7e-m+fp/hard\libc_nano.a(libc_a-nano-vfscanf_i.o)
 .rodata.str1.1
                0x0800d680        0x9 C:/Program Files (x86)/Arm GNU Toolchain arm-none-eabi/14.2 rel1/bin/../lib/gcc/arm-none-eabi/14.2.1/thumb/v7e-m+fp/hard\libc_nano.a(libc_a-nano-vfscanf_i.o)
                0x0800d698                        . = ALIGN (0x8)

.ARM.extab      0x0800d680        0x0
                0x0800d680                        . = ALIGN (0x8)
 *(.ARM.extab* .gnu.linkonce.armextab.*)
                0x0800d680                        . = ALIGN (0x8)

.ARM            0x0800d680        0x8
                0x0800d680                        . = ALIGN (0x8)
                0x0800d680                        __exidx_start = .
 *(.ARM.exidx*)
 .ARM.exidx     0x0800d680        0x8 C:/Program Files (x86)/Arm GNU Toolchain arm-none-eabi/14.2 rel1/bin/../lib/gcc/arm-none-eabi/14.2.1/thumb/v7e-m+fp/hard\libc_nano.a(libc_a-strcmp.o)
 .ARM.exidx     0x0800d688        0x0 C:/Program Files (x86)/Arm GNU Toolchain arm-none-eabi/14.2 rel1/bin/../lib/gcc/arm-none-eabi/14.2.1/thumb/v7e-m+fp/hard\libc_nano.a(libc_a-strlen.o)
                                  0x8 (size before relaxing)
 .ARM.exidx     0x0800d688        0x0 C:/Program Files (x86)/Arm GNU Toolchain arm-none-eabi/14.2 rel1/bin/../lib/gcc/arm-none-eabi/14.2.1/thumb/v7e-m+fp/hard\libc_nano.a(libc_a-memchr.o)
                                  0x8 (size before relaxing)
 .ARM.exidx.text.__udivmoddi4
                0x0800d688        0x0 C:/Program Files (x86)/Arm GNU Toolchain arm-none-eabi/14.2 rel1/bin/../lib/gcc/arm-none-eabi/14.2.1/thumb/v7e-m+fp/hard\libgcc.a(_udivmoddi4.o)
                                  0x8 (size before relaxing)
                0x0800d688                        __exidx_end = .
                0x0800d688                        . = ALIGN (0x8)

.rel.dyn        0x0800d688        0x0
 .rel.iplt      0x0800d688        0x0 C:/Program Files (x86)/Arm GNU Toolchain arm-none-eabi/14.2 rel1/bin/../lib/gcc/arm-none-eabi/14.2.1/thumb/v7e-m+fp/hard/crtbegin.o

.preinit_array  0x0800d688        0x0
                0x0800d688                        . = ALIGN (0x8)
                0x0800d688                        PROVIDE (__preinit_array_start = .)
 *(.preinit_array*)
                0x0800d688                        PROVIDE (__preinit_array_end = .)
                0x0800d688                        . = ALIGN (0x8)

.init_array     0x0800d688        0x8
                0x0800d688                        . = ALIGN (0x8)
                0x0800d688                        PROVIDE (__init_array_start = .)
 *(SORT_BY_NAME(.init_array.*))
 *(.init_array*)
 .init_array    0x0800d688        0x4 C:/Program Files (x86)/Arm GNU Toolchain arm-none-eabi/14.2 rel1/bin/../lib/gcc/arm-none-eabi/14.2.1/thumb/v7e-m+fp/hard/crtbegin.o
                0x0800d68c                        PROVIDE (__init_array_end = .)
                0x0800d690                        . = ALIGN (0x8)
 *fill*         0x0800d68c        0x4 

.fini_array     0x0800d690        0x8
                0x0800d690                        . = ALIGN (0x8)
                [!provide]                        PROVIDE (__fini_array_start = .)
 *(SORT_BY_NAME(.fini_array.*))
 *(.fini_array*)
 .fini_array    0x0800d690        0x4 C:/Program Files (x86)/Arm GNU Toolchain arm-none-eabi/14.2 rel1/bin/../lib/gcc/arm-none-eabi/14.2.1/thumb/v7e-m+fp/hard/crtbegin.o
                [!provide]                        PROVIDE (__fini_array_end = .)
                0x0800d698                        . = ALIGN (0x8)
 *fill*         0x0800d694        0x4 
                0x0800d698                        _sidata = LOADADDR (.data)

.data           0x20000000      0x278 load address 0x0800d698
                0x20000000                        . = ALIGN (0x8)
                0x20000000                        _sdata = .
 *(.data)
 *(.data*)
 .data.WS_20_30
                0x20000000       0x9f build/debug/EPD.o
                0x20000000                WS_20_30
 *fill*         0x2000009f        0x1 
 .data.Font12   0x200000a0        0x8 build/debug/font12.o
                0x200000a0                Font12
 .data.Font16   0x200000a8        0x8 build/debug/font16.o
                0x200000a8                Font16
 .data.Font8    0x200000b0        0x8 build/debug/font8.o
                0x200000b0                Font8
 .data.uwTickFreq
                0x200000b8        0x1 build/debug/stm32l4xx_hal.o
                0x200000b8                uwTickFreq
 *fill*         0x200000b9        0x3 
 .data.uwTickPrio
                0x200000bc        0x4 build/debug/stm32l4xx_hal.o
                0x200000bc                uwTickPrio
 .data.environ  0x200000c0        0x4 build/debug/syscalls.o
                0x200000c0                environ
 .data.SystemCoreClock
                0x200000c4        0x4 build/debug/system_stm32l4xx.o
                0x200000c4                SystemCoreClock
 .data.USBD_CDC_CfgDesc
                0x200000c8       0x43 build/debug/usbd_cdc.o
 *fill*         0x2000010b        0x1 
 .data.USBD_CDC
                0x2000010c       0x38 build/debug/usbd_cdc.o
                0x2000010c                USBD_CDC
 .data.USBD_CDC_DeviceQualifierDesc
                0x20000144        0xa build/debug/usbd_cdc.o
 *fill*         0x2000014e        0x2 
 .data.USBD_Interface_fops_FS
                0x20000150       0x14 build/debug/usbd_cdc_if.o
                0x20000150                USBD_Interface_fops_FS
 .data.USBD_StringSerial
                0x20000164       0x1a build/debug/usbd_desc.o
                0x20000164                USBD_StringSerial
 *fill*         0x2000017e        0x2 
 .data.USBD_LangIDDesc
                0x20000180        0x4 build/debug/usbd_desc.o
                0x20000180                USBD_LangIDDesc
 .data.USBD_FS_BOSDesc
                0x20000184        0xc build/debug/usbd_desc.o
                0x20000184                USBD_FS_BOSDesc
 .data.USBD_FS_DeviceDesc
                0x20000190       0x12 build/debug/usbd_desc.o
                0x20000190                USBD_FS_DeviceDesc
 *fill*         0x200001a2        0x2 
 .data.FS_Desc  0x200001a4       0x20 build/debug/usbd_desc.o
                0x200001a4                FS_Desc
 .data._tzname  0x200001c4        0x8 C:/Program Files (x86)/Arm GNU Toolchain arm-none-eabi/14.2 rel1/bin/../lib/gcc/arm-none-eabi/14.2.1/thumb/v7e-m+fp/hard\libc_nano.a(libc_a-tzvars.o)
                0x200001c4                _tzname
 .data._impure_ptr
                0x200001cc        0x4 C:/Program Files (x86)/Arm GNU Toolchain arm-none-eabi/14.2 rel1/bin/../lib/gcc/arm-none-eabi/14.2.1/thumb/v7e-m+fp/hard\libc_nano.a(libc_a-impure.o)
                0x200001cc                _impure_ptr
 .data._impure_data
                0x200001d0       0x4c C:/Program Files (x86)/Arm GNU Toolchain arm-none-eabi/14.2 rel1/bin/../lib/gcc/arm-none-eabi/14.2.1/thumb/v7e-m+fp/hard\libc_nano.a(libc_a-impure.o)
                0x200001d0                _impure_data
 *fill*         0x2000021c        0x4 
 .data.tzinfo   0x20000220       0x58 C:/Program Files (x86)/Arm GNU Toolchain arm-none-eabi/14.2 rel1/bin/../lib/gcc/arm-none-eabi/14.2.1/thumb/v7e-m+fp/hard\libc_nano.a(libc_a-gettzinfo.o)
                0x20000278                        . = ALIGN (0x8)
                0x20000278                        _edata = .

.tm_clone_table
                0x20000278        0x0 load address 0x0800d910
 .tm_clone_table
                0x20000278        0x0 C:/Program Files (x86)/Arm GNU Toolchain arm-none-eabi/14.2 rel1/bin/../lib/gcc/arm-none-eabi/14.2.1/thumb/v7e-m+fp/hard/crtbegin.o
 .tm_clone_table
                0x20000278        0x0 C:/Program Files (x86)/Arm GNU Toolchain arm-none-eabi/14.2 rel1/bin/../lib/gcc/arm-none-eabi/14.2.1/thumb/v7e-m+fp/hard/crtend.o

.igot.plt       0x20000278        0x0 load address 0x0800d910
 .igot.plt      0x20000278        0x0 C:/Program Files (x86)/Arm GNU Toolchain arm-none-eabi/14.2 rel1/bin/../lib/gcc/arm-none-eabi/14.2.1/thumb/v7e-m+fp/hard/crtbegin.o
                0x20000278                        . = ALIGN (0x4)

.bss            0x20000278     0x25e4 load address 0x0800d910
                0x20000278                        _sbss = .
                0x20000278                        __bss_start__ = _sbss
 *(.bss)
 *(.bss*)
 .bss.completed.1
                0x20000278        0x1 C:/Program Files (x86)/Arm GNU Toolchain arm-none-eabi/14.2 rel1/bin/../lib/gcc/arm-none-eabi/14.2.1/thumb/v7e-m+fp/hard/crtbegin.o
 *fill*         0x20000279        0x3 
 .bss.object.0  0x2000027c       0x18 C:/Program Files (x86)/Arm GNU Toolchain arm-none-eabi/14.2 rel1/bin/../lib/gcc/arm-none-eabi/14.2.1/thumb/v7e-m+fp/hard/crtbegin.o
 .bss.Paint     0x20000294       0x18 build/debug/EPD_GUI.o
                0x20000294                Paint
 .bss.seconds_passed
                0x200002ac        0x4 build/debug/main.o
                0x200002ac                seconds_passed
 .bss.usb_conn_tmr
                0x200002b0        0x4 build/debug/main.o
                0x200002b0                usb_conn_tmr
 .bss.rtc_buf   0x200002b4       0x1e build/debug/main.o
                0x200002b4                rtc_buf
 .bss.set_rtc   0x200002d2        0x1 build/debug/main.o
                0x200002d2                set_rtc
 .bss.go_to_sleep
                0x200002d3        0x1 build/debug/main.o
                0x200002d3                go_to_sleep
 .bss.initialise_usb_connection
                0x200002d4        0x1 build/debug/main.o
                0x200002d4                initialise_usb_connection
 .bss.ready     0x200002d5        0x1 build/debug/main.o
                0x200002d5                ready
 .bss.measure   0x200002d6        0x1 build/debug/main.o
                0x200002d6                measure
 .bss.send_usb_data
                0x200002d7        0x1 build/debug/main.o
                0x200002d7                send_usb_data
 .bss.send_usb  0x200002d8        0x1 build/debug/main.o
                0x200002d8                send_usb
 *fill*         0x200002d9        0x3 
 .bss.BlackImage
                0x200002dc      0xfa0 build/debug/main.o
                0x200002dc                BlackImage
 .bss.temperatureSensor
                0x2000127c       0x18 build/debug/main.o
                0x2000127c                temperatureSensor
 .bss.adcData   0x20001294        0x2 build/debug/main.o
                0x20001294                adcData
 *fill*         0x20001296        0x2 
 .bss.mcuVoltage
                0x20001298        0x4 build/debug/main.o
                0x20001298                mcuVoltage
 .bss.huart2    0x2000129c       0x88 build/debug/main.o
                0x2000129c                huart2
 .bss.hspi1     0x20001324       0x64 build/debug/main.o
                0x20001324                hspi1
 .bss.hrtc      0x20001388       0x2c build/debug/main.o
                0x20001388                hrtc
 .bss.hlptim1   0x200013b4       0x3c build/debug/main.o
                0x200013b4                hlptim1
 .bss.hdma_adc1
                0x200013f0       0x48 build/debug/main.o
                0x200013f0                hdma_adc1
 .bss.hadc1     0x20001438       0x64 build/debug/main.o
                0x20001438                hadc1
 .bss.flag      0x2000149c        0x1 build/debug/queue.o
 *fill*         0x2000149d        0x3 
 .bss.data_queue
                0x200014a0       0x64 build/debug/queue.o
                0x200014a0                data_queue
 .bss.uwTick    0x20001504        0x4 build/debug/stm32l4xx_hal.o
                0x20001504                uwTick
 .bss.__env     0x20001508        0x4 build/debug/syscalls.o
                0x20001508                __env
 .bss.__sbrk_heap_end
                0x2000150c        0x4 build/debug/sysmem.o
 .bss.hUsbDeviceFS
                0x20001510      0x2dc build/debug/usb_device.o
                0x20001510                hUsbDeviceFS
 .bss.UserTxBufferFS
                0x200017ec      0x400 build/debug/usbd_cdc_if.o
                0x200017ec                UserTxBufferFS
 .bss.UserRxBufferFS
                0x20001bec      0x400 build/debug/usbd_cdc_if.o
                0x20001bec                UserRxBufferFS
 .bss.mem.0     0x20001fec      0x220 build/debug/usbd_conf.o
 .bss.hpcd_USB_FS
                0x2000220c      0x2e0 build/debug/usbd_conf.o
                0x2000220c                hpcd_USB_FS
 .bss.cfgidx.0  0x200024ec        0x1 build/debug/usbd_ctlreq.o
 *fill*         0x200024ed        0x3 
 .bss.USBD_StrDesc
                0x200024f0      0x200 build/debug/usbd_desc.o
                0x200024f0                USBD_StrDesc
 .bss.__sf      0x200026f0      0x138 C:/Program Files (x86)/Arm GNU Toolchain arm-none-eabi/14.2 rel1/bin/../lib/gcc/arm-none-eabi/14.2.1/thumb/v7e-m+fp/hard\libc_nano.a(libc_a-findfp.o)
                0x200026f0                __sf
 .bss.prev_tzenv
                0x20002828        0x4 C:/Program Files (x86)/Arm GNU Toolchain arm-none-eabi/14.2 rel1/bin/../lib/gcc/arm-none-eabi/14.2.1/thumb/v7e-m+fp/hard\libc_nano.a(libc_a-tzset_r.o)
 .bss.__tzname_dst
                0x2000282c        0xc C:/Program Files (x86)/Arm GNU Toolchain arm-none-eabi/14.2 rel1/bin/../lib/gcc/arm-none-eabi/14.2.1/thumb/v7e-m+fp/hard\libc_nano.a(libc_a-tzset_r.o)
 .bss.__tzname_std
                0x20002838        0xc C:/Program Files (x86)/Arm GNU Toolchain arm-none-eabi/14.2 rel1/bin/../lib/gcc/arm-none-eabi/14.2.1/thumb/v7e-m+fp/hard\libc_nano.a(libc_a-tzset_r.o)
 .bss._timezone
                0x20002844        0x4 C:/Program Files (x86)/Arm GNU Toolchain arm-none-eabi/14.2 rel1/bin/../lib/gcc/arm-none-eabi/14.2.1/thumb/v7e-m+fp/hard\libc_nano.a(libc_a-tzvars.o)
                0x20002844                _timezone
 .bss._daylight
                0x20002848        0x4 C:/Program Files (x86)/Arm GNU Toolchain arm-none-eabi/14.2 rel1/bin/../lib/gcc/arm-none-eabi/14.2.1/thumb/v7e-m+fp/hard\libc_nano.a(libc_a-tzvars.o)
                0x20002848                _daylight
 .bss.errno     0x2000284c        0x4 C:/Program Files (x86)/Arm GNU Toolchain arm-none-eabi/14.2 rel1/bin/../lib/gcc/arm-none-eabi/14.2.1/thumb/v7e-m+fp/hard\libc_nano.a(libc_a-reent.o)
                0x2000284c                errno
 .bss.__lock___tz_mutex
                0x20002850        0x1 C:/Program Files (x86)/Arm GNU Toolchain arm-none-eabi/14.2 rel1/bin/../lib/gcc/arm-none-eabi/14.2.1/thumb/v7e-m+fp/hard\libc_nano.a(libc_a-lock.o)
                0x20002850                __lock___tz_mutex
 .bss.__lock___env_recursive_mutex
                0x20002851        0x1 C:/Program Files (x86)/Arm GNU Toolchain arm-none-eabi/14.2 rel1/bin/../lib/gcc/arm-none-eabi/14.2.1/thumb/v7e-m+fp/hard\libc_nano.a(libc_a-lock.o)
                0x20002851                __lock___env_recursive_mutex
 .bss.__lock___malloc_recursive_mutex
                0x20002852        0x1 C:/Program Files (x86)/Arm GNU Toolchain arm-none-eabi/14.2 rel1/bin/../lib/gcc/arm-none-eabi/14.2.1/thumb/v7e-m+fp/hard\libc_nano.a(libc_a-lock.o)
                0x20002852                __lock___malloc_recursive_mutex
 *fill*         0x20002853        0x1 
 .bss.__malloc_sbrk_start
                0x20002854        0x4 C:/Program Files (x86)/Arm GNU Toolchain arm-none-eabi/14.2 rel1/bin/../lib/gcc/arm-none-eabi/14.2.1/thumb/v7e-m+fp/hard\libc_nano.a(libc_a-mallocr.o)
                0x20002854                __malloc_sbrk_start
 .bss.__malloc_free_list
                0x20002858        0x4 C:/Program Files (x86)/Arm GNU Toolchain arm-none-eabi/14.2 rel1/bin/../lib/gcc/arm-none-eabi/14.2.1/thumb/v7e-m+fp/hard\libc_nano.a(libc_a-mallocr.o)
                0x20002858                __malloc_free_list
 *(COMMON)
                0x2000285c                        . = ALIGN (0x4)
                0x2000285c                        _ebss = .
                0x2000285c                        __bss_end__ = _ebss

._user_heap_stack
                0x2000285c      0xc04 load address 0x0800d910
                0x20002860                        . = ALIGN (0x8)
 *fill*         0x2000285c        0x4 